Archive member included because of file (symbol)

/home/karshan/gits/vaayu/software/gcc-arm-none-eabi-4_7-2013q3/bin/../lib/gcc/arm-none-eabi/4.7.4/armv7e-m/libgcc.a(_lshrdi3.o)
                              project_build//home/karshan/gits/vaayu/software/mios32/trunk//modules/app_lcd/universal/app_lcd.o (__aeabi_llsr)
/home/karshan/gits/vaayu/software/gcc-arm-none-eabi-4_7-2013q3/bin/../lib/gcc/arm-none-eabi/4.7.4/armv7e-m/libgcc.a(_ashldi3.o)
                              project_build//home/karshan/gits/vaayu/software/mios32/trunk//modules/app_lcd/universal/app_lcd.o (__aeabi_llsl)
/home/karshan/gits/vaayu/software/gcc-arm-none-eabi-4_7-2013q3/bin/../lib/gcc/arm-none-eabi/4.7.4/armv7e-m/libgcc.a(_arm_muldivdf3.o)
                              project_build//home/karshan/gits/vaayu/software/mios32/trunk//mios32/common/mios32_osc.o (__aeabi_dmul)
/home/karshan/gits/vaayu/software/gcc-arm-none-eabi-4_7-2013q3/bin/../lib/gcc/arm-none-eabi/4.7.4/armv7e-m/libgcc.a(_arm_fixdfsi.o)
                              project_build//home/karshan/gits/vaayu/software/mios32/trunk//mios32/common/mios32_osc.o (__aeabi_d2iz)
/home/karshan/gits/vaayu/software/gcc-arm-none-eabi-4_7-2013q3/bin/../lib/gcc/arm-none-eabi/4.7.4/armv7e-m/libgcc.a(_arm_muldivsf3.o)
                              project_build//home/karshan/gits/vaayu/software/mios32/trunk//mios32/common/mios32_osc.o (__aeabi_fmul)
/home/karshan/gits/vaayu/software/gcc-arm-none-eabi-4_7-2013q3/bin/../lib/gcc/arm-none-eabi/4.7.4/armv7e-m/libgcc.a(_arm_fixsfsi.o)
                              project_build//home/karshan/gits/vaayu/software/mios32/trunk//mios32/common/mios32_osc.o (__aeabi_f2iz)
/home/karshan/gits/vaayu/software/gcc-arm-none-eabi-4_7-2013q3/bin/../lib/gcc/arm-none-eabi/4.7.4/../../../../arm-none-eabi/lib/armv7e-m/libc_s.a(lib_a-ctype_.o)
                              project_build//home/karshan/gits/vaayu/software/mios32/trunk//programming_models/traditional/strtol.o (__ctype_ptr__)
/home/karshan/gits/vaayu/software/gcc-arm-none-eabi-4_7-2013q3/bin/../lib/gcc/arm-none-eabi/4.7.4/../../../../arm-none-eabi/lib/armv7e-m/libc_s.a(lib_a-init.o)
                              project_build//home/karshan/gits/vaayu/software/mios32/trunk//programming_models/traditional/main.o (__libc_init_array)
/home/karshan/gits/vaayu/software/gcc-arm-none-eabi-4_7-2013q3/bin/../lib/gcc/arm-none-eabi/4.7.4/../../../../arm-none-eabi/lib/armv7e-m/libc_s.a(lib_a-memcpy.o)
                              project_build//home/karshan/gits/vaayu/software/mios32/trunk//FreeRTOS/Source/queue.o (memcpy)
/home/karshan/gits/vaayu/software/gcc-arm-none-eabi-4_7-2013q3/bin/../lib/gcc/arm-none-eabi/4.7.4/../../../../arm-none-eabi/lib/armv7e-m/libc_s.a(lib_a-memmove.o)
                              project_build//home/karshan/gits/vaayu/software/mios32/trunk//FreeRTOS/Source/portable/MemMang/umm_malloc.o (memmove)
/home/karshan/gits/vaayu/software/gcc-arm-none-eabi-4_7-2013q3/bin/../lib/gcc/arm-none-eabi/4.7.4/../../../../arm-none-eabi/lib/armv7e-m/libc_s.a(lib_a-memset.o)
                              project_build//home/karshan/gits/vaayu/software/mios32/trunk//FreeRTOS/Source/tasks.o (memset)
/home/karshan/gits/vaayu/software/gcc-arm-none-eabi-4_7-2013q3/bin/../lib/gcc/arm-none-eabi/4.7.4/../../../../arm-none-eabi/lib/armv7e-m/libc_s.a(lib_a-stpcpy.o)
                              project_build//home/karshan/gits/vaayu/software/mios32/trunk//mios32/common/mios32_osc.o (stpcpy)
/home/karshan/gits/vaayu/software/gcc-arm-none-eabi-4_7-2013q3/bin/../lib/gcc/arm-none-eabi/4.7.4/../../../../arm-none-eabi/lib/armv7e-m/libc_s.a(lib_a-strcasecmp.o)
                              project_build//home/karshan/gits/vaayu/software/mios32/trunk//modules/app_lcd/universal/app_lcd.o (strcasecmp)
/home/karshan/gits/vaayu/software/gcc-arm-none-eabi-4_7-2013q3/bin/../lib/gcc/arm-none-eabi/4.7.4/../../../../arm-none-eabi/lib/armv7e-m/libc_s.a(lib_a-strlen.o)
                              project_build//home/karshan/gits/vaayu/software/mios32/trunk//mios32/common/mios32_midi.o (strlen)
/home/karshan/gits/vaayu/software/gcc-arm-none-eabi-4_7-2013q3/bin/../lib/gcc/arm-none-eabi/4.7.4/../../../../arm-none-eabi/lib/armv7e-m/libc_s.a(lib_a-strncmp.o)
                              project_build//home/karshan/gits/vaayu/software/mios32/trunk//mios32/common/mios32_osc.o (strncmp)
/home/karshan/gits/vaayu/software/gcc-arm-none-eabi-4_7-2013q3/bin/../lib/gcc/arm-none-eabi/4.7.4/../../../../arm-none-eabi/lib/armv7e-m/libc_s.a(lib_a-strncpy.o)
                              project_build//home/karshan/gits/vaayu/software/mios32/trunk//FreeRTOS/Source/tasks.o (strncpy)
/home/karshan/gits/vaayu/software/gcc-arm-none-eabi-4_7-2013q3/bin/../lib/gcc/arm-none-eabi/4.7.4/../../../../arm-none-eabi/lib/armv7e-m/libc_s.a(lib_a-strtok_r.o)
                              project_build//home/karshan/gits/vaayu/software/mios32/trunk//modules/app_lcd/universal/app_lcd.o (strtok_r)

Allocating common symbols
[...]
Memory Configuration

Name             Origin             Length             Attributes
RAM              0x20000000         0x00030000         xrw
FLASH_SECTOR0    0x08000000         0x00004000         xr
FLASH_SECTOR1    0x08004000         0x00004000         xr
FLASH_SECTOR2    0x08008000         0x00004000         xr
FLASH_SECTOR3    0x0800c000         0x00004000         xr
FLASH            0x08010000         0x000f0000         xr
FLASHB1          0x00000000         0x00000000         xr
EXTMEMB0         0x00000000         0x00000000         xr
EXTMEMB1         0x00000000         0x00000000         xr
EXTMEMB2         0x00000000         0x00000000         xr
EXTMEMB3         0x00000000         0x00000000         xr
*default*        0x00000000         0xffffffff

Linker script and memory map

LOAD project_build/app.o
LOAD project_build//home/karshan/gits/vaayu/software/mios32/trunk//programming_models/traditional/main.o
LOAD project_build//home/karshan/gits/vaayu/software/mios32/trunk//programming_models/traditional/strtol.o
LOAD project_build//home/karshan/gits/vaayu/software/mios32/trunk//FreeRTOS/Source/tasks.o
LOAD project_build//home/karshan/gits/vaayu/software/mios32/trunk//FreeRTOS/Source/list.o
LOAD project_build//home/karshan/gits/vaayu/software/mios32/trunk//FreeRTOS/Source/queue.o
LOAD project_build//home/karshan/gits/vaayu/software/mios32/trunk//FreeRTOS/Source/timers.o
LOAD project_build//home/karshan/gits/vaayu/software/mios32/trunk//FreeRTOS/Source/portable/GCC/ARM_CM3/port.o
LOAD project_build//home/karshan/gits/vaayu/software/mios32/trunk//FreeRTOS/Source/portable/MemMang/umm_malloc.o
LOAD project_build//home/karshan/gits/vaayu/software/mios32/trunk//programming_models/traditional/startup_stm32f4xx.o
LOAD project_build//home/karshan/gits/vaayu/software/mios32/trunk//mios32/common/mios32_srio.o
LOAD project_build//home/karshan/gits/vaayu/software/mios32/trunk//mios32/common/mios32_din.o
LOAD project_build//home/karshan/gits/vaayu/software/mios32/trunk//mios32/common/mios32_dout.o
LOAD project_build//home/karshan/gits/vaayu/software/mios32/trunk//mios32/common/mios32_enc.o
LOAD project_build//home/karshan/gits/vaayu/software/mios32/trunk//mios32/common/mios32_lcd.o
LOAD project_build//home/karshan/gits/vaayu/software/mios32/trunk//mios32/common/mios32_midi.o
LOAD project_build//home/karshan/gits/vaayu/software/mios32/trunk//mios32/common/mios32_osc.o
LOAD project_build//home/karshan/gits/vaayu/software/mios32/trunk//mios32/common/mios32_com.o
LOAD project_build//home/karshan/gits/vaayu/software/mios32/trunk//mios32/common/mios32_uart_midi.o
LOAD project_build//home/karshan/gits/vaayu/software/mios32/trunk//mios32/common/mios32_spi_midi.o
LOAD project_build//home/karshan/gits/vaayu/software/mios32/trunk//mios32/common/mios32_iic_midi.o
LOAD project_build//home/karshan/gits/vaayu/software/mios32/trunk//mios32/common/mios32_iic_bs.o
LOAD project_build//home/karshan/gits/vaayu/software/mios32/trunk//mios32/common/mios32_mf.o
LOAD project_build//home/karshan/gits/vaayu/software/mios32/trunk//mios32/common/mios32_sdcard.o
LOAD project_build//home/karshan/gits/vaayu/software/mios32/trunk//mios32/common/mios32_enc28j60.o
LOAD project_build//home/karshan/gits/vaayu/software/mios32/trunk//mios32/common/mios32_timestamp.o
LOAD project_build//home/karshan/gits/vaayu/software/mios32/trunk//mios32/STM32F4xx/mios32_bsl.o
LOAD project_build//home/karshan/gits/vaayu/software/mios32/trunk//mios32/STM32F4xx/mios32_sys.o
LOAD project_build//home/karshan/gits/vaayu/software/mios32/trunk//mios32/STM32F4xx/mios32_irq.o
LOAD project_build//home/karshan/gits/vaayu/software/mios32/trunk//mios32/STM32F4xx/mios32_spi.o
LOAD project_build//home/karshan/gits/vaayu/software/mios32/trunk//mios32/STM32F4xx/mios32_i2s.o
LOAD project_build//home/karshan/gits/vaayu/software/mios32/trunk//mios32/STM32F4xx/mios32_board.o
LOAD project_build//home/karshan/gits/vaayu/software/mios32/trunk//mios32/STM32F4xx/mios32_timer.o
LOAD project_build//home/karshan/gits/vaayu/software/mios32/trunk//mios32/STM32F4xx/mios32_stopwatch.o
LOAD project_build//home/karshan/gits/vaayu/software/mios32/trunk//mios32/STM32F4xx/mios32_delay.o
LOAD project_build//home/karshan/gits/vaayu/software/mios32/trunk//mios32/STM32F4xx/mios32_ain.o
LOAD project_build//home/karshan/gits/vaayu/software/mios32/trunk//mios32/STM32F4xx/mios32_usb.o
LOAD project_build//home/karshan/gits/vaayu/software/mios32/trunk//mios32/STM32F4xx/mios32_usb_midi.o
LOAD project_build//home/karshan/gits/vaayu/software/mios32/trunk//mios32/STM32F4xx/mios32_usb_com.o
LOAD project_build//home/karshan/gits/vaayu/software/mios32/trunk//mios32/STM32F4xx/mios32_uart.o
LOAD project_build//home/karshan/gits/vaayu/software/mios32/trunk//mios32/STM32F4xx/mios32_iic.o
LOAD project_build//home/karshan/gits/vaayu/software/mios32/trunk//mios32/common/printf-stdarg.o
LOAD project_build//home/karshan/gits/vaayu/software/mios32/trunk//drivers/STM32F4xx/v1.1.0/STM32F4xx_StdPeriph_Driver/src/misc.o
LOAD project_build//home/karshan/gits/vaayu/software/mios32/trunk//drivers/STM32F4xx/v1.1.0/STM32F4xx_StdPeriph_Driver/src/stm32f4xx_adc.o
LOAD project_build//home/karshan/gits/vaayu/software/mios32/trunk//drivers/STM32F4xx/v1.1.0/STM32F4xx_StdPeriph_Driver/src/stm32f4xx_can.o
LOAD project_build//home/karshan/gits/vaayu/software/mios32/trunk//drivers/STM32F4xx/v1.1.0/STM32F4xx_StdPeriph_Driver/src/stm32f4xx_crc.o
LOAD project_build//home/karshan/gits/vaayu/software/mios32/trunk//drivers/STM32F4xx/v1.1.0/STM32F4xx_StdPeriph_Driver/src/stm32f4xx_cryp.o
LOAD project_build//home/karshan/gits/vaayu/software/mios32/trunk//drivers/STM32F4xx/v1.1.0/STM32F4xx_StdPeriph_Driver/src/stm32f4xx_cryp_aes.o
LOAD project_build//home/karshan/gits/vaayu/software/mios32/trunk//drivers/STM32F4xx/v1.1.0/STM32F4xx_StdPeriph_Driver/src/stm32f4xx_cryp_des.o
LOAD project_build//home/karshan/gits/vaayu/software/mios32/trunk//drivers/STM32F4xx/v1.1.0/STM32F4xx_StdPeriph_Driver/src/stm32f4xx_cryp_tdes.o
LOAD project_build//home/karshan/gits/vaayu/software/mios32/trunk//drivers/STM32F4xx/v1.1.0/STM32F4xx_StdPeriph_Driver/src/stm32f4xx_dac.o
LOAD project_build//home/karshan/gits/vaayu/software/mios32/trunk//drivers/STM32F4xx/v1.1.0/STM32F4xx_StdPeriph_Driver/src/stm32f4xx_dbgmcu.o
LOAD project_build//home/karshan/gits/vaayu/software/mios32/trunk//drivers/STM32F4xx/v1.1.0/STM32F4xx_StdPeriph_Driver/src/stm32f4xx_dcmi.o
LOAD project_build//home/karshan/gits/vaayu/software/mios32/trunk//drivers/STM32F4xx/v1.1.0/STM32F4xx_StdPeriph_Driver/src/stm32f4xx_dma.o
LOAD project_build//home/karshan/gits/vaayu/software/mios32/trunk//drivers/STM32F4xx/v1.1.0/STM32F4xx_StdPeriph_Driver/src/stm32f4xx_exti.o
LOAD project_build//home/karshan/gits/vaayu/software/mios32/trunk//drivers/STM32F4xx/v1.1.0/STM32F4xx_StdPeriph_Driver/src/stm32f4xx_flash.o
LOAD project_build//home/karshan/gits/vaayu/software/mios32/trunk//drivers/STM32F4xx/v1.1.0/STM32F4xx_StdPeriph_Driver/src/stm32f4xx_fsmc.o
LOAD project_build//home/karshan/gits/vaayu/software/mios32/trunk//drivers/STM32F4xx/v1.1.0/STM32F4xx_StdPeriph_Driver/src/stm32f4xx_gpio.o
LOAD project_build//home/karshan/gits/vaayu/software/mios32/trunk//drivers/STM32F4xx/v1.1.0/STM32F4xx_StdPeriph_Driver/src/stm32f4xx_hash.o
LOAD project_build//home/karshan/gits/vaayu/software/mios32/trunk//drivers/STM32F4xx/v1.1.0/STM32F4xx_StdPeriph_Driver/src/stm32f4xx_hash_md5.o
LOAD project_build//home/karshan/gits/vaayu/software/mios32/trunk//drivers/STM32F4xx/v1.1.0/STM32F4xx_StdPeriph_Driver/src/stm32f4xx_hash_sha1.o
LOAD project_build//home/karshan/gits/vaayu/software/mios32/trunk//drivers/STM32F4xx/v1.1.0/STM32F4xx_StdPeriph_Driver/src/stm32f4xx_i2c.o
LOAD project_build//home/karshan/gits/vaayu/software/mios32/trunk//drivers/STM32F4xx/v1.1.0/STM32F4xx_StdPeriph_Driver/src/stm32f4xx_iwdg.o
LOAD project_build//home/karshan/gits/vaayu/software/mios32/trunk//drivers/STM32F4xx/v1.1.0/STM32F4xx_StdPeriph_Driver/src/stm32f4xx_pwr.o
LOAD project_build//home/karshan/gits/vaayu/software/mios32/trunk//drivers/STM32F4xx/v1.1.0/STM32F4xx_StdPeriph_Driver/src/stm32f4xx_rcc.o
LOAD project_build//home/karshan/gits/vaayu/software/mios32/trunk//drivers/STM32F4xx/v1.1.0/STM32F4xx_StdPeriph_Driver/src/stm32f4xx_rng.o
LOAD project_build//home/karshan/gits/vaayu/software/mios32/trunk//drivers/STM32F4xx/v1.1.0/STM32F4xx_StdPeriph_Driver/src/stm32f4xx_rtc.o
LOAD project_build//home/karshan/gits/vaayu/software/mios32/trunk//drivers/STM32F4xx/v1.1.0/STM32F4xx_StdPeriph_Driver/src/stm32f4xx_sdio.o
LOAD project_build//home/karshan/gits/vaayu/software/mios32/trunk//drivers/STM32F4xx/v1.1.0/STM32F4xx_StdPeriph_Driver/src/stm32f4xx_spi.o
LOAD project_build//home/karshan/gits/vaayu/software/mios32/trunk//drivers/STM32F4xx/v1.1.0/STM32F4xx_StdPeriph_Driver/src/stm32f4xx_syscfg.o
LOAD project_build//home/karshan/gits/vaayu/software/mios32/trunk//drivers/STM32F4xx/v1.1.0/STM32F4xx_StdPeriph_Driver/src/stm32f4xx_tim.o
LOAD project_build//home/karshan/gits/vaayu/software/mios32/trunk//drivers/STM32F4xx/v1.1.0/STM32F4xx_StdPeriph_Driver/src/stm32f4xx_usart.o
LOAD project_build//home/karshan/gits/vaayu/software/mios32/trunk//drivers/STM32F4xx/v1.1.0/STM32F4xx_StdPeriph_Driver/src/stm32f4xx_wwdg.o
LOAD project_build//home/karshan/gits/vaayu/software/mios32/trunk//drivers/STM32F4xx/v1.1.0/STM32_USB_Device_Library/Core/src/usbd_core.o
LOAD project_build//home/karshan/gits/vaayu/software/mios32/trunk//drivers/STM32F4xx/v1.1.0/STM32_USB_Device_Library/Core/src/usbd_ioreq.o
LOAD project_build//home/karshan/gits/vaayu/software/mios32/trunk//drivers/STM32F4xx/v1.1.0/STM32_USB_Device_Library/Core/src/usbd_req.o
LOAD project_build//home/karshan/gits/vaayu/software/mios32/trunk//drivers/STM32F4xx/v1.1.0/STM32_USB_HOST_Library/Core/src/usbh_core.o
LOAD project_build//home/karshan/gits/vaayu/software/mios32/trunk//drivers/STM32F4xx/v1.1.0/STM32_USB_HOST_Library/Core/src/usbh_hcs.o
LOAD project_build//home/karshan/gits/vaayu/software/mios32/trunk//drivers/STM32F4xx/v1.1.0/STM32_USB_HOST_Library/Core/src/usbh_ioreq.o
LOAD project_build//home/karshan/gits/vaayu/software/mios32/trunk//drivers/STM32F4xx/v1.1.0/STM32_USB_HOST_Library/Core/src/usbh_stdreq.o
LOAD project_build//home/karshan/gits/vaayu/software/mios32/trunk//drivers/STM32F4xx/v1.1.0/STM32_USB_OTG_Driver/src/usb_core.o
LOAD project_build//home/karshan/gits/vaayu/software/mios32/trunk//drivers/STM32F4xx/v1.1.0/STM32_USB_OTG_Driver/src/usb_dcd.o
LOAD project_build//home/karshan/gits/vaayu/software/mios32/trunk//drivers/STM32F4xx/v1.1.0/STM32_USB_OTG_Driver/src/usb_dcd_int.o
LOAD project_build//home/karshan/gits/vaayu/software/mios32/trunk//drivers/STM32F4xx/v1.1.0/STM32_USB_OTG_Driver/src/usb_hcd.o
LOAD project_build//home/karshan/gits/vaayu/software/mios32/trunk//drivers/STM32F4xx/v1.1.0/STM32_USB_OTG_Driver/src/usb_hcd_int.o
LOAD project_build//home/karshan/gits/vaayu/software/mios32/trunk//drivers/STM32F4xx/v1.1.0/STM32_USB_OTG_Driver/src/usb_otg.o
LOAD project_build//home/karshan/gits/vaayu/software/mios32/trunk//modules/app_lcd/universal/app_lcd.o
LOAD project_build//home/karshan/gits/vaayu/software/mios32/trunk//modules/glcd_font/glcd_font_normal.o
LOAD project_build//home/karshan/gits/vaayu/software/mios32/trunk//modules/glcd_font/glcd_font_normal_inv.o
LOAD project_build//home/karshan/gits/vaayu/software/mios32/trunk//modules/glcd_font/glcd_font_big.o
LOAD project_build//home/karshan/gits/vaayu/software/mios32/trunk//modules/glcd_font/glcd_font_small.o
LOAD project_build//home/karshan/gits/vaayu/software/mios32/trunk//modules/glcd_font/glcd_font_tiny.o
LOAD project_build//home/karshan/gits/vaayu/software/mios32/trunk//modules/glcd_font/glcd_font_knob_icons.o
LOAD project_build//home/karshan/gits/vaayu/software/mios32/trunk//modules/glcd_font/glcd_font_meter_icons_h.o
LOAD project_build//home/karshan/gits/vaayu/software/mios32/trunk//modules/glcd_font/glcd_font_meter_icons_v.o
LOAD project_build//home/karshan/gits/vaayu/software/mios32/trunk//programming_models/traditional/mini_cpp.o
LOAD project_build//home/karshan/gits/vaayu/software/mios32/trunk//programming_models/traditional/freertos_heap.o
LOAD /home/karshan/gits/vaayu/software/gcc-arm-none-eabi-4_7-2013q3/bin/../lib/gcc/arm-none-eabi/4.7.4/../../../../arm-none-eabi/lib/armv7e-m/libstdc++_s.a
START GROUP
LOAD /home/karshan/gits/vaayu/software/gcc-arm-none-eabi-4_7-2013q3/bin/../lib/gcc/arm-none-eabi/4.7.4/armv7e-m/libgcc.a
LOAD /home/karshan/gits/vaayu/software/gcc-arm-none-eabi-4_7-2013q3/bin/../lib/gcc/arm-none-eabi/4.7.4/../../../../arm-none-eabi/lib/armv7e-m/libc_s.a
END GROUP
                0x20020000                _estack = 0x20020000
                0x00000080                __Stack_Size = 0x80
                0x00000080                PROVIDE (_Stack_Size, __Stack_Size)
                0x2001ff80                __Stack_Init = (_estack - __Stack_Size)
                0x2001ff80                PROVIDE (_Stack_Init, __Stack_Init)
                0x00000100                _Minimum_Stack_Size = 0x100
                0x42000000                PERIPH_BB_BASE = 0x42000000
                0x22000000                SRAM_BB_BASE = 0x22000000
                0x20000000                SRAM_BASE = 0x20000000
                0x40000000                PERIPH_BASE = 0x40000000
                0x40022000                PROVIDE (FLASH_BASE, 0x40022000)
                0x1ffff800                PROVIDE (OB_BASE, 0x1ffff800)
                0x40000000                APB1PERIPH_BASE = PERIPH_BASE
                0x40010000                APB2PERIPH_BASE = (PERIPH_BASE + 0x10000)
                0x40020000                AHBPERIPH_BASE = (PERIPH_BASE + 0x20000)
                0x40000000                PROVIDE (TIM2, (APB1PERIPH_BASE + 0x0))
                0x40000400                PROVIDE (TIM3, (APB1PERIPH_BASE + 0x400))
                0x40000800                PROVIDE (TIM4, (APB1PERIPH_BASE + 0x800))
                0x40002800                PROVIDE (RTC, (APB1PERIPH_BASE + 0x2800))
                0x40002c00                PROVIDE (WWDG, (APB1PERIPH_BASE + 0x2c00))
                0x40003000                PROVIDE (IWDG, (APB1PERIPH_BASE + 0x3000))
                0x40003800                PROVIDE (SPI2, (APB1PERIPH_BASE + 0x3800))
                0x40004400                PROVIDE (USART2, (APB1PERIPH_BASE + 0x4400))
                0x40004800                PROVIDE (USART3, (APB1PERIPH_BASE + 0x4800))
                0x40005400                PROVIDE (I2C1, (APB1PERIPH_BASE + 0x5400))
                0x40005800                PROVIDE (I2C2, (APB1PERIPH_BASE + 0x5800))
                0x40006400                PROVIDE (CAN, (APB1PERIPH_BASE + 0x6400))
                0x40006c00                PROVIDE (BKP, (APB1PERIPH_BASE + 0x6c00))
                0x40007000                PROVIDE (PWR, (APB1PERIPH_BASE + 0x7000))
                0x40010000                PROVIDE (AFIO, (APB2PERIPH_BASE + 0x0))
                0x40010400                PROVIDE (EXTI, (APB2PERIPH_BASE + 0x400))
                0x40010800                PROVIDE (GPIOA, (APB2PERIPH_BASE + 0x800))
                0x40010c00                PROVIDE (GPIOB, (APB2PERIPH_BASE + 0xc00))
                0x40011000                PROVIDE (GPIOC, (APB2PERIPH_BASE + 0x1000))
                0x40011400                PROVIDE (GPIOD, (APB2PERIPH_BASE + 0x1400))
                0x40011800                PROVIDE (GPIOE, (APB2PERIPH_BASE + 0x1800))
                0x40012400                PROVIDE (ADC1, (APB2PERIPH_BASE + 0x2400))
                0x40012800                PROVIDE (ADC2, (APB2PERIPH_BASE + 0x2800))
                0x40012c00                PROVIDE (TIM1, (APB2PERIPH_BASE + 0x2c00))
                0x40013000                PROVIDE (SPI1, (APB2PERIPH_BASE + 0x3000))
                0x40013800                PROVIDE (USART1, (APB2PERIPH_BASE + 0x3800))
                0x40020000                PROVIDE (DMA, (AHBPERIPH_BASE + 0x0))
                0x40020008                PROVIDE (DMA_Channel1, (AHBPERIPH_BASE + 0x8))
                0x4002001c                PROVIDE (DMA_Channel2, (AHBPERIPH_BASE + 0x1c))
                0x40020030                PROVIDE (DMA_Channel3, (AHBPERIPH_BASE + 0x30))
                0x40020044                PROVIDE (DMA_Channel4, (AHBPERIPH_BASE + 0x44))
                0x40020058                PROVIDE (DMA_Channel5, (AHBPERIPH_BASE + 0x58))
                0x4002006c                PROVIDE (DMA_Channel6, (AHBPERIPH_BASE + 0x6c))
                0x40020080                PROVIDE (DMA_Channel7, (AHBPERIPH_BASE + 0x80))
                0x40021000                PROVIDE (RCC, (AHBPERIPH_BASE + 0x1000))
                0xe000e000                SCS_BASE = 0xe000e000
                0xe000e010                PROVIDE (SysTick, (SCS_BASE + 0x10))
                0xe000e100                PROVIDE (NVIC, (SCS_BASE + 0x100))
                0xe000ed00                PROVIDE (SCB, (SCS_BASE + 0xd00))

.mios32_bsl     0x08000000     0x4000
                0x08000000                . = ALIGN (0x4)
 *(.mios32_bsl)
 .mios32_bsl    0x08000000     0x4000 project_build//home/karshan/gits/vaayu/software/mios32/trunk//mios32/STM32F4xx/mios32_bsl.o
                0x08000000                mios32_bsl_image
                0x08004000                . = ALIGN (0x4)

.isr_vector     0x08004000      0x188
                0x08004000                _mios32_sys_isr_vector = .
                0x08004000                . = ALIGN (0x4)
 *(.isr_vector)
 .isr_vector    0x08004000      0x188 project_build//home/karshan/gits/vaayu/software/mios32/trunk//programming_models/traditional/startup_stm32f4xx.o
                0x08004000                g_pfnVectors
                0x08004188                . = ALIGN (0x4)
                0x08004000                PROVIDE (mios32_sys_isr_vector, _mios32_sys_isr_vector)

.flashtext      0x08010000        0x0
                0x08010000                . = ALIGN (0x4)
 *(.flashtext)
                0x08010000                . = ALIGN (0x4)

.text           0x08010000     0x79c4
                0x08010000                . = ALIGN (0x4)
 CREATE_OBJECT_SYMBOLS
 *(.text .text.* .gnu.linkonce.t.*)
 .text.set_led_din
                0x08010000        0x8 project_build/app.o
                0x08010000                set_led_din
 .text.APP_Init
                0x08010008       0x78 project_build/app.o
                0x08010008                APP_Init
 .text.APP_Background
                0x08010080        0x2 project_build/app.o
                0x08010080                APP_Background
 .text.APP_MIDI_NotifyPackage
                0x08010082        0x2 project_build/app.o
                0x08010082                APP_MIDI_NotifyPackage
 .text.ws2812_low
                0x08010084      0x126 project_build/app.o
                0x08010084                ws2812_low
 .text.ws2812_high
                0x080101aa      0x11e project_build/app.o
                0x080101aa                ws2812_high
 .text.ws2812_shiftOut
                0x080102c8       0x20 project_build/app.o
                0x080102c8                ws2812_shiftOut
 .text.ledTask  0x080102e8       0x30 project_build/app.o
                0x080102e8                ledTask
 .text.BUTTON_NotifyToggle
                0x08010318       0x1a project_build/app.o
                0x08010318                BUTTON_NotifyToggle
 .text.setColumns
                0x08010332       0x1c project_build/app.o
                0x08010332                setColumns
 .text.getRows  0x0801034e        0xc project_build/app.o
                0x0801034e                getRows
 *fill*         0x0801035a        0x2 00
 .text.TASK_MatrixScan
                0x0801035c       0x6c project_build/app.o
 .text.APP_Tick
                0x080103c8        0x2 project_build//home/karshan/gits/vaayu/software/mios32/trunk//programming_models/traditional/main.o
                0x080103c8                APP_Tick
 .text.TASK_Hooks
                0x080103ca       0x24 project_build//home/karshan/gits/vaayu/software/mios32/trunk//programming_models/traditional/main.o
 .text.APP_MIDI_Tick
                0x080103ee        0x2 project_build//home/karshan/gits/vaayu/software/mios32/trunk//programming_models/traditional/main.o
                0x080103ee                APP_MIDI_Tick
 .text.TASK_MIDI_Hooks
                0x080103f0       0x34 project_build//home/karshan/gits/vaayu/software/mios32/trunk//programming_models/traditional/main.o
 .text.startup.main
                0x08010424       0x90 project_build//home/karshan/gits/vaayu/software/mios32/trunk//programming_models/traditional/main.o
                0x08010424                main
 .text.vApplicationTickHook
                0x080104b4        0x4 project_build//home/karshan/gits/vaayu/software/mios32/trunk//programming_models/traditional/main.o
                0x080104b4                vApplicationTickHook
 .text.vApplicationIdleHook
                0x080104b8        0x4 project_build//home/karshan/gits/vaayu/software/mios32/trunk//programming_models/traditional/main.o
                0x080104b8                vApplicationIdleHook
 .text._abort   0x080104bc       0x40 project_build//home/karshan/gits/vaayu/software/mios32/trunk//programming_models/traditional/main.o
                0x080104bc                _abort
 .text.HardFault_Handler_c
                0x080104fc      0x10c project_build//home/karshan/gits/vaayu/software/mios32/trunk//programming_models/traditional/main.o
                0x080104fc                HardFault_Handler_c
 .text.HardFault_Handler
                0x08010608       0x14 project_build//home/karshan/gits/vaayu/software/mios32/trunk//programming_models/traditional/main.o
                0x08010608                HardFault_Handler
 .text.prvAddCurrentTaskToDelayedList
                0x0801061c       0x50 project_build//home/karshan/gits/vaayu/software/mios32/trunk//FreeRTOS/Source/tasks.o
 .text.xTaskGenericCreate
                0x0801066c      0x194 project_build//home/karshan/gits/vaayu/software/mios32/trunk//FreeRTOS/Source/tasks.o
                0x0801066c                xTaskGenericCreate
 .text.vTaskStartScheduler
                0x08010800       0x4c project_build//home/karshan/gits/vaayu/software/mios32/trunk//FreeRTOS/Source/tasks.o
                0x08010800                vTaskStartScheduler
 .text.vTaskSuspendAll
                0x0801084c       0x10 project_build//home/karshan/gits/vaayu/software/mios32/trunk//FreeRTOS/Source/tasks.o
                0x0801084c                vTaskSuspendAll
 .text.xTaskGetTickCount
                0x0801085c       0x18 project_build//home/karshan/gits/vaayu/software/mios32/trunk//FreeRTOS/Source/tasks.o
                0x0801085c                xTaskGetTickCount
 .text.vTaskIncrementTick
                0x08010874       0xec project_build//home/karshan/gits/vaayu/software/mios32/trunk//FreeRTOS/Source/tasks.o
                0x08010874                vTaskIncrementTick
 .text.xTaskResumeAll
                0x08010960       0xc4 project_build//home/karshan/gits/vaayu/software/mios32/trunk//FreeRTOS/Source/tasks.o
                0x08010960                xTaskResumeAll
 .text.prvIdleTask
                0x08010a24       0x68 project_build//home/karshan/gits/vaayu/software/mios32/trunk//FreeRTOS/Source/tasks.o
 .text.vTaskDelay
                0x08010a8c       0x54 project_build//home/karshan/gits/vaayu/software/mios32/trunk//FreeRTOS/Source/tasks.o
                0x08010a8c                vTaskDelay
 .text.vTaskDelayUntil
                0x08010ae0       0x78 project_build//home/karshan/gits/vaayu/software/mios32/trunk//FreeRTOS/Source/tasks.o
                0x08010ae0                vTaskDelayUntil
 .text.vTaskSwitchContext
                0x08010b58       0x54 project_build//home/karshan/gits/vaayu/software/mios32/trunk//FreeRTOS/Source/tasks.o
                0x08010b58                vTaskSwitchContext
 .text.vListInitialise
                0x08010bac       0x16 project_build//home/karshan/gits/vaayu/software/mios32/trunk//FreeRTOS/Source/list.o
                0x08010bac                vListInitialise
 .text.vListInitialiseItem
                0x08010bc2        0x6 project_build//home/karshan/gits/vaayu/software/mios32/trunk//FreeRTOS/Source/list.o
                0x08010bc2                vListInitialiseItem
 .text.vListInsertEnd
                0x08010bc8       0x1a project_build//home/karshan/gits/vaayu/software/mios32/trunk//FreeRTOS/Source/list.o
                0x08010bc8                vListInsertEnd
 .text.vListInsert
                0x08010be2       0x30 project_build//home/karshan/gits/vaayu/software/mios32/trunk//FreeRTOS/Source/list.o
                0x08010be2                vListInsert
 .text.uxListRemove
                0x08010c12       0x22 project_build//home/karshan/gits/vaayu/software/mios32/trunk//FreeRTOS/Source/list.o
                0x08010c12                uxListRemove
 .text.prvPortStartFirstTask
                0x08010c34       0x14 project_build//home/karshan/gits/vaayu/software/mios32/trunk//FreeRTOS/Source/portable/GCC/ARM_CM3/port.o
 .text.pxPortInitialiseStack
                0x08010c48       0x16 project_build//home/karshan/gits/vaayu/software/mios32/trunk//FreeRTOS/Source/portable/GCC/ARM_CM3/port.o
                0x08010c48                pxPortInitialiseStack
 *fill*         0x08010c5e        0x2 00
 .text.vPortSVCHandler
                0x08010c60       0x20 project_build//home/karshan/gits/vaayu/software/mios32/trunk//FreeRTOS/Source/portable/GCC/ARM_CM3/port.o
                0x08010c60                vPortSVCHandler
 .text.vPortYieldFromISR
                0x08010c80       0x10 project_build//home/karshan/gits/vaayu/software/mios32/trunk//FreeRTOS/Source/portable/GCC/ARM_CM3/port.o
                0x08010c80                vPortYieldFromISR
 .text.ulPortSetInterruptMask
                0x08010c90       0x10 project_build//home/karshan/gits/vaayu/software/mios32/trunk//FreeRTOS/Source/portable/GCC/ARM_CM3/port.o
                0x08010c90                ulPortSetInterruptMask
 .text.vPortEnterCritical
                0x08010ca0       0x14 project_build//home/karshan/gits/vaayu/software/mios32/trunk//FreeRTOS/Source/portable/GCC/ARM_CM3/port.o
                0x08010ca0                vPortEnterCritical
 .text.vPortClearInterruptMask
                0x08010cb4        0x6 project_build//home/karshan/gits/vaayu/software/mios32/trunk//FreeRTOS/Source/portable/GCC/ARM_CM3/port.o
                0x08010cb4                vPortClearInterruptMask
 *fill*         0x08010cba        0x2 00
 .text.vPortExitCritical
                0x08010cbc       0x14 project_build//home/karshan/gits/vaayu/software/mios32/trunk//FreeRTOS/Source/portable/GCC/ARM_CM3/port.o
                0x08010cbc                vPortExitCritical
 .text.xPortPendSVHandler
                0x08010cd0       0x3c project_build//home/karshan/gits/vaayu/software/mios32/trunk//FreeRTOS/Source/portable/GCC/ARM_CM3/port.o
                0x08010cd0                xPortPendSVHandler
 .text.xPortSysTickHandler
                0x08010d0c       0x20 project_build//home/karshan/gits/vaayu/software/mios32/trunk//FreeRTOS/Source/portable/GCC/ARM_CM3/port.o
                0x08010d0c                xPortSysTickHandler
 .text.vPortSetupTimerInterrupt
                0x08010d2c       0x18 project_build//home/karshan/gits/vaayu/software/mios32/trunk//FreeRTOS/Source/portable/GCC/ARM_CM3/port.o
                0x08010d2c                vPortSetupTimerInterrupt
 .text.xPortStartScheduler
                0x08010d44       0x30 project_build//home/karshan/gits/vaayu/software/mios32/trunk//FreeRTOS/Source/portable/GCC/ARM_CM3/port.o
                0x08010d44                xPortStartScheduler
 .text.umm_disconnect_from_free_list
                0x08010d74       0x2c project_build//home/karshan/gits/vaayu/software/mios32/trunk//FreeRTOS/Source/portable/MemMang/umm_malloc.o
 .text.umm_assimilate_up
                0x08010da0       0x4c project_build//home/karshan/gits/vaayu/software/mios32/trunk//FreeRTOS/Source/portable/MemMang/umm_malloc.o
 .text.vPortFree
                0x08010dec       0x74 project_build//home/karshan/gits/vaayu/software/mios32/trunk//FreeRTOS/Source/portable/MemMang/umm_malloc.o
                0x08010dec                vPortFree
 .text.pvPortMalloc
                0x08010e60      0x11c project_build//home/karshan/gits/vaayu/software/mios32/trunk//FreeRTOS/Source/portable/MemMang/umm_malloc.o
                0x08010e60                pvPortMalloc
 .text.Default_Handler
                0x08010f7c        0x2 project_build//home/karshan/gits/vaayu/software/mios32/trunk//programming_models/traditional/startup_stm32f4xx.o
                0x08010f7c                RTC_Alarm_IRQHandler
                0x08010f7c                HASH_RNG_IRQHandler
                0x08010f7c                EXTI2_IRQHandler
                0x08010f7c                TIM8_CC_IRQHandler
                0x08010f7c                DebugMon_Handler
                0x08010f7c                TIM1_CC_IRQHandler
                0x08010f7c                DMA2_Stream5_IRQHandler
                0x08010f7c                DMA1_Stream5_IRQHandler
                0x08010f7c                SysTick_Handler
                0x08010f7c                PVD_IRQHandler
                0x08010f7c                SDIO_IRQHandler
                0x08010f7c                TAMP_STAMP_IRQHandler
                0x08010f7c                PendSV_Handler
                0x08010f7c                NMI_Handler
                0x08010f7c                CAN2_RX1_IRQHandler
                0x08010f7c                EXTI3_IRQHandler
                0x08010f7c                TIM8_TRG_COM_TIM14_IRQHandler
                0x08010f7c                TIM1_UP_TIM10_IRQHandler
                0x08010f7c                TIM8_UP_TIM13_IRQHandler
                0x08010f7c                I2C3_ER_IRQHandler
                0x08010f7c                EXTI0_IRQHandler
                0x08010f7c                DMA1_Stream2_IRQHandler
                0x08010f7c                CAN1_RX0_IRQHandler
                0x08010f7c                FPU_IRQHandler
                0x08010f7c                OTG_HS_WKUP_IRQHandler
                0x08010f7c                UsageFault_Handler
                0x08010f7c                CAN2_SCE_IRQHandler
                0x08010f7c                DMA2_Stream2_IRQHandler
                0x08010f7c                SPI1_IRQHandler
                0x08010f7c                TIM6_DAC_IRQHandler
                0x08010f7c                TIM1_BRK_TIM9_IRQHandler
                0x08010f7c                DCMI_IRQHandler
                0x08010f7c                CAN2_RX0_IRQHandler
                0x08010f7c                DMA2_Stream3_IRQHandler
                0x08010f7c                USART6_IRQHandler
                0x08010f7c                CRYP_IRQHandler
                0x08010f7c                CAN1_RX1_IRQHandler
                0x08010f7c                UART5_IRQHandler
                0x08010f7c                DMA2_Stream0_IRQHandler
                0x08010f7c                TIM4_IRQHandler
                0x08010f7c                DMA1_Stream6_IRQHandler
                0x08010f7c                DMA1_Stream1_IRQHandler
                0x08010f7c                UART4_IRQHandler
                0x08010f7c                RCC_IRQHandler
                0x08010f7c                TIM8_BRK_TIM12_IRQHandler
                0x08010f7c                Default_Handler
                0x08010f7c                EXTI15_10_IRQHandler
                0x08010f7c                ADC_IRQHandler
                0x08010f7c                DMA1_Stream7_IRQHandler
                0x08010f7c                TIM7_IRQHandler
                0x08010f7c                CAN2_TX_IRQHandler
                0x08010f7c                DMA2_Stream7_IRQHandler
                0x08010f7c                I2C3_EV_IRQHandler
                0x08010f7c                EXTI9_5_IRQHandler
                0x08010f7c                RTC_WKUP_IRQHandler
                0x08010f7c                ETH_WKUP_IRQHandler
                0x08010f7c                SPI2_IRQHandler
                0x08010f7c                OTG_HS_EP1_IN_IRQHandler
                0x08010f7c                MemManage_Handler
                0x08010f7c                DMA1_Stream0_IRQHandler
                0x08010f7c                CAN1_TX_IRQHandler
                0x08010f7c                SVC_Handler
                0x08010f7c                EXTI4_IRQHandler
                0x08010f7c                FSMC_IRQHandler
                0x08010f7c                ETH_IRQHandler
                0x08010f7c                OTG_HS_EP1_OUT_IRQHandler
                0x08010f7c                WWDG_IRQHandler
                0x08010f7c                OTG_FS_WKUP_IRQHandler
                0x08010f7c                TIM1_TRG_COM_TIM11_IRQHandler
                0x08010f7c                OTG_HS_IRQHandler
                0x08010f7c                EXTI1_IRQHandler
                0x08010f7c                DMA2_Stream1_IRQHandler
                0x08010f7c                CAN1_SCE_IRQHandler
                0x08010f7c                FLASH_IRQHandler
                0x08010f7c                DMA2_Stream4_IRQHandler
                0x08010f7c                BusFault_Handler
                0x08010f7c                USART1_IRQHandler
                0x08010f7c                SPI3_IRQHandler
                0x08010f7c                DMA1_Stream4_IRQHandler
                0x08010f7c                DMA2_Stream6_IRQHandler
                0x08010f7c                DMA1_Stream3_IRQHandler
 *fill*         0x08010f7e        0x2 00
 .text.Reset_Handler
                0x08010f80       0x4c project_build//home/karshan/gits/vaayu/software/mios32/trunk//programming_models/traditional/startup_stm32f4xx.o
                0x08010f80                Reset_Handler
 .text._init    0x08010fcc        0x2 project_build//home/karshan/gits/vaayu/software/mios32/trunk//programming_models/traditional/startup_stm32f4xx.o
                0x08010fcc                _init
 *fill*         0x08010fce        0x2 00
 .text.MIOS32_MIDI_Init
                0x08010fd0       0xc8 project_build//home/karshan/gits/vaayu/software/mios32/trunk//mios32/common/mios32_midi.o
                0x08010fd0                MIOS32_MIDI_Init
 .text.MIOS32_MIDI_SendPackage
                0x08011098       0x84 project_build//home/karshan/gits/vaayu/software/mios32/trunk//mios32/common/mios32_midi.o
                0x08011098                MIOS32_MIDI_SendPackage
 .text.MIOS32_MIDI_SendEvent
                0x0801111c       0x1e project_build//home/karshan/gits/vaayu/software/mios32/trunk//mios32/common/mios32_midi.o
                0x0801111c                MIOS32_MIDI_SendEvent
 .text.MIOS32_MIDI_SendNoteOn
                0x0801113a        0x8 project_build//home/karshan/gits/vaayu/software/mios32/trunk//mios32/common/mios32_midi.o
                0x0801113a                MIOS32_MIDI_SendNoteOn
 .text.MIOS32_MIDI_SendSysEx
                0x08011142       0x82 project_build//home/karshan/gits/vaayu/software/mios32/trunk//mios32/common/mios32_midi.o
                0x08011142                MIOS32_MIDI_SendSysEx
 .text.MIOS32_MIDI_SYSEX_SendAckStr
                0x080111c4       0x5c project_build//home/karshan/gits/vaayu/software/mios32/trunk//mios32/common/mios32_midi.o
 .text.MIOS32_MIDI_SYSEX_SendAck
                0x08011220       0x48 project_build//home/karshan/gits/vaayu/software/mios32/trunk//mios32/common/mios32_midi.o
 .text.MIOS32_MIDI_SendDebugStringHeader
                0x08011268       0x68 project_build//home/karshan/gits/vaayu/software/mios32/trunk//mios32/common/mios32_midi.o
                0x08011268                MIOS32_MIDI_SendDebugStringHeader
 .text.MIOS32_MIDI_SendDebugStringBody
                0x080112d0       0x6a project_build//home/karshan/gits/vaayu/software/mios32/trunk//mios32/common/mios32_midi.o
                0x080112d0                MIOS32_MIDI_SendDebugStringBody
 .text.MIOS32_MIDI_SendDebugStringFooter
                0x0801133a       0x1a project_build//home/karshan/gits/vaayu/software/mios32/trunk//mios32/common/mios32_midi.o
                0x0801133a                MIOS32_MIDI_SendDebugStringFooter
 .text.MIOS32_MIDI_SendDebugString
                0x08011354       0x38 project_build//home/karshan/gits/vaayu/software/mios32/trunk//mios32/common/mios32_midi.o
                0x08011354                MIOS32_MIDI_SendDebugString
 .text.MIOS32_MIDI_SendDebugMessage
                0x0801138c       0x50 project_build//home/karshan/gits/vaayu/software/mios32/trunk//mios32/common/mios32_midi.o
                0x0801138c                MIOS32_MIDI_SendDebugMessage
 .text.MIOS32_MIDI_TimeOut
                0x080113dc       0x50 project_build//home/karshan/gits/vaayu/software/mios32/trunk//mios32/common/mios32_midi.o
 .text.MIOS32_MIDI_Periodic_mS
                0x0801142c       0x34 project_build//home/karshan/gits/vaayu/software/mios32/trunk//mios32/common/mios32_midi.o
                0x0801142c                MIOS32_MIDI_Periodic_mS
 .text.MIOS32_MIDI_SendByteToRxCallback
                0x08011460       0x14 project_build//home/karshan/gits/vaayu/software/mios32/trunk//mios32/common/mios32_midi.o
                0x08011460                MIOS32_MIDI_SendByteToRxCallback
 .text.MIOS32_MIDI_SendPackageToRxCallback
                0x08011474       0x50 project_build//home/karshan/gits/vaayu/software/mios32/trunk//mios32/common/mios32_midi.o
                0x08011474                MIOS32_MIDI_SendPackageToRxCallback
 .text.MIOS32_MIDI_DebugPortSet
                0x080114c4       0x18 project_build//home/karshan/gits/vaayu/software/mios32/trunk//mios32/common/mios32_midi.o
                0x080114c4                MIOS32_MIDI_DebugPortSet
 .text.MIOS32_MIDI_SYSEX_Cmd
                0x080114dc      0x1b4 project_build//home/karshan/gits/vaayu/software/mios32/trunk//mios32/common/mios32_midi.o
 .text.MIOS32_MIDI_SYSEX_Parser
                0x08011690       0xd8 project_build//home/karshan/gits/vaayu/software/mios32/trunk//mios32/common/mios32_midi.o
 .text.MIOS32_MIDI_ReceivePackage
                0x08011768      0x22c project_build//home/karshan/gits/vaayu/software/mios32/trunk//mios32/common/mios32_midi.o
                0x08011768                MIOS32_MIDI_ReceivePackage
 .text.MIOS32_MIDI_Receive_Handler
                0x08011994      0x11c project_build//home/karshan/gits/vaayu/software/mios32/trunk//mios32/common/mios32_midi.o
                0x08011994                MIOS32_MIDI_Receive_Handler
 .text.MIOS32_OSC_Init
                0x08011ab0        0xc project_build//home/karshan/gits/vaayu/software/mios32/trunk//mios32/common/mios32_osc.o
                0x08011ab0                MIOS32_OSC_Init
 .text.MIOS32_UART_MIDI_RS_Reset
                0x08011abc       0x30 project_build//home/karshan/gits/vaayu/software/mios32/trunk//mios32/common/mios32_uart_midi.o
                0x08011abc                MIOS32_UART_MIDI_RS_Reset
 .text.MIOS32_UART_MIDI_Init
                0x08011aec       0x4c project_build//home/karshan/gits/vaayu/software/mios32/trunk//mios32/common/mios32_uart_midi.o
                0x08011aec                MIOS32_UART_MIDI_Init
 .text.MIOS32_UART_MIDI_Periodic_mS
                0x08011b38       0x50 project_build//home/karshan/gits/vaayu/software/mios32/trunk//mios32/common/mios32_uart_midi.o
                0x08011b38                MIOS32_UART_MIDI_Periodic_mS
 .text.MIOS32_UART_MIDI_PackageSend_NonBlocking
                0x08011b88       0xb8 project_build//home/karshan/gits/vaayu/software/mios32/trunk//mios32/common/mios32_uart_midi.o
                0x08011b88                MIOS32_UART_MIDI_PackageSend_NonBlocking
 .text.MIOS32_UART_MIDI_PackageSend
                0x08011c40       0x14 project_build//home/karshan/gits/vaayu/software/mios32/trunk//mios32/common/mios32_uart_midi.o
                0x08011c40                MIOS32_UART_MIDI_PackageSend
 .text.MIOS32_UART_MIDI_PackageReceive
                0x08011c54      0x1b0 project_build//home/karshan/gits/vaayu/software/mios32/trunk//mios32/common/mios32_uart_midi.o
                0x08011c54                MIOS32_UART_MIDI_PackageReceive
 .text.MIOS32_SPI_MIDI_Periodic_mS
                0x08011e04        0x4 project_build//home/karshan/gits/vaayu/software/mios32/trunk//mios32/common/mios32_spi_midi.o
                0x08011e04                MIOS32_SPI_MIDI_Periodic_mS
 .text.MIOS32_IIC_MIDI_Init
                0x08011e08        0x6 project_build//home/karshan/gits/vaayu/software/mios32/trunk//mios32/common/mios32_iic_midi.o
                0x08011e08                MIOS32_IIC_MIDI_Init
 .text.MIOS32_IIC_MIDI_Periodic_mS
                0x08011e0e        0x4 project_build//home/karshan/gits/vaayu/software/mios32/trunk//mios32/common/mios32_iic_midi.o
                0x08011e0e                MIOS32_IIC_MIDI_Periodic_mS
 .text.MIOS32_IIC_MIDI_PackageSend
                0x08011e12        0x6 project_build//home/karshan/gits/vaayu/software/mios32/trunk//mios32/common/mios32_iic_midi.o
                0x08011e12                MIOS32_IIC_MIDI_PackageSend
 .text.MIOS32_TIMESTAMP_Init
                0x08011e18       0x14 project_build//home/karshan/gits/vaayu/software/mios32/trunk//mios32/common/mios32_timestamp.o
                0x08011e18                MIOS32_TIMESTAMP_Init
 .text.MIOS32_TIMESTAMP_Inc
                0x08011e2c       0x10 project_build//home/karshan/gits/vaayu/software/mios32/trunk//mios32/common/mios32_timestamp.o
                0x08011e2c                MIOS32_TIMESTAMP_Inc
 .text.MIOS32_SYS_Reset
                0x08011e3c       0x84 project_build//home/karshan/gits/vaayu/software/mios32/trunk//mios32/STM32F4xx/mios32_sys.o
                0x08011e3c                MIOS32_SYS_Reset
 .text.MIOS32_SYS_ChipIDGet
                0x08011ec0        0xc project_build//home/karshan/gits/vaayu/software/mios32/trunk//mios32/STM32F4xx/mios32_sys.o
                0x08011ec0                MIOS32_SYS_ChipIDGet
 .text.MIOS32_SYS_FlashSizeGet
                0x08011ecc       0x10 project_build//home/karshan/gits/vaayu/software/mios32/trunk//mios32/STM32F4xx/mios32_sys.o
                0x08011ecc                MIOS32_SYS_FlashSizeGet
 .text.MIOS32_SYS_RAMSizeGet
                0x08011edc        0x6 project_build//home/karshan/gits/vaayu/software/mios32/trunk//mios32/STM32F4xx/mios32_sys.o
                0x08011edc                MIOS32_SYS_RAMSizeGet
 *fill*         0x08011ee2        0x2 00
 .text.MIOS32_SYS_SerialNumberGet
                0x08011ee4       0x34 project_build//home/karshan/gits/vaayu/software/mios32/trunk//mios32/STM32F4xx/mios32_sys.o
                0x08011ee4                MIOS32_SYS_SerialNumberGet
 .text.MIOS32_SYS_TimeSet
                0x08011f18       0x7c project_build//home/karshan/gits/vaayu/software/mios32/trunk//mios32/STM32F4xx/mios32_sys.o
                0x08011f18                MIOS32_SYS_TimeSet
 .text.MIOS32_SYS_Init
                0x08011f94      0x130 project_build//home/karshan/gits/vaayu/software/mios32/trunk//mios32/STM32F4xx/mios32_sys.o
                0x08011f94                MIOS32_SYS_Init
 .text.MIOS32_IRQ_Disable
                0x080120c4       0x28 project_build//home/karshan/gits/vaayu/software/mios32/trunk//mios32/STM32F4xx/mios32_irq.o
                0x080120c4                MIOS32_IRQ_Disable
 .text.MIOS32_IRQ_Enable
                0x080120ec       0x28 project_build//home/karshan/gits/vaayu/software/mios32/trunk//mios32/STM32F4xx/mios32_irq.o
                0x080120ec                MIOS32_IRQ_Enable
 .text.MIOS32_IRQ_Install
                0x08012114       0x4c project_build//home/karshan/gits/vaayu/software/mios32/trunk//mios32/STM32F4xx/mios32_irq.o
                0x08012114                MIOS32_IRQ_Install
 .text.MIOS32_BOARD_PinInitHlp
                0x08012160       0x74 project_build//home/karshan/gits/vaayu/software/mios32/trunk//mios32/STM32F4xx/mios32_board.o
 .text.MIOS32_BOARD_Init
                0x080121d4       0x1c project_build//home/karshan/gits/vaayu/software/mios32/trunk//mios32/STM32F4xx/mios32_board.o
                0x080121d4                MIOS32_BOARD_Init
 .text.MIOS32_BOARD_LED_Init
                0x080121f0       0x58 project_build//home/karshan/gits/vaayu/software/mios32/trunk//mios32/STM32F4xx/mios32_board.o
                0x080121f0                MIOS32_BOARD_LED_Init
 .text.MIOS32_BOARD_LED_Set
                0x08012248       0x64 project_build//home/karshan/gits/vaayu/software/mios32/trunk//mios32/STM32F4xx/mios32_board.o
                0x08012248                MIOS32_BOARD_LED_Set
 .text.MIOS32_BOARD_LED_Get
                0x080122ac       0x2c project_build//home/karshan/gits/vaayu/software/mios32/trunk//mios32/STM32F4xx/mios32_board.o
                0x080122ac                MIOS32_BOARD_LED_Get
 .text.MIOS32_BOARD_J10_PinInit
                0x080122d8       0x48 project_build//home/karshan/gits/vaayu/software/mios32/trunk//mios32/STM32F4xx/mios32_board.o
                0x080122d8                MIOS32_BOARD_J10_PinInit
 .text.MIOS32_BOARD_J10_PinSet
                0x08012320       0x44 project_build//home/karshan/gits/vaayu/software/mios32/trunk//mios32/STM32F4xx/mios32_board.o
                0x08012320                MIOS32_BOARD_J10_PinSet
 .text.MIOS32_BOARD_J10_Get
                0x08012364       0x40 project_build//home/karshan/gits/vaayu/software/mios32/trunk//mios32/STM32F4xx/mios32_board.o
                0x08012364                MIOS32_BOARD_J10_Get
 .text.TIM2_IRQHandler
                0x080123a4       0x24 project_build//home/karshan/gits/vaayu/software/mios32/trunk//mios32/STM32F4xx/mios32_timer.o
                0x080123a4                TIM2_IRQHandler
 .text.TIM3_IRQHandler
                0x080123c8       0x24 project_build//home/karshan/gits/vaayu/software/mios32/trunk//mios32/STM32F4xx/mios32_timer.o
                0x080123c8                TIM3_IRQHandler
 .text.TIM5_IRQHandler
                0x080123ec       0x24 project_build//home/karshan/gits/vaayu/software/mios32/trunk//mios32/STM32F4xx/mios32_timer.o
                0x080123ec                TIM5_IRQHandler
 .text.MIOS32_DELAY_Init
                0x08012410       0x44 project_build//home/karshan/gits/vaayu/software/mios32/trunk//mios32/STM32F4xx/mios32_delay.o
                0x08012410                MIOS32_DELAY_Init
 .text.MIOS32_DELAY_Wait_uS
                0x08012454       0x18 project_build//home/karshan/gits/vaayu/software/mios32/trunk//mios32/STM32F4xx/mios32_delay.o
                0x08012454                MIOS32_DELAY_Wait_uS
 .text.USBD_USR_DeviceDescriptor
                0x0801246c        0xc project_build//home/karshan/gits/vaayu/software/mios32/trunk//mios32/STM32F4xx/mios32_usb.o
 .text.USBD_USR_LangIDStrDescriptor
                0x08012478        0xc project_build//home/karshan/gits/vaayu/software/mios32/trunk//mios32/STM32F4xx/mios32_usb.o
 .text.USBD_USR_Init
                0x08012484        0x2 project_build//home/karshan/gits/vaayu/software/mios32/trunk//mios32/STM32F4xx/mios32_usb.o
 .text.USBD_USR_DeviceReset
                0x08012486        0x2 project_build//home/karshan/gits/vaayu/software/mios32/trunk//mios32/STM32F4xx/mios32_usb.o
 .text.USBD_USR_DeviceConnected
                0x08012488        0x2 project_build//home/karshan/gits/vaayu/software/mios32/trunk//mios32/STM32F4xx/mios32_usb.o
 .text.USBD_USR_DeviceSuspended
                0x0801248a        0x2 project_build//home/karshan/gits/vaayu/software/mios32/trunk//mios32/STM32F4xx/mios32_usb.o
 .text.USBD_USR_DeviceResumed
                0x0801248c        0x2 project_build//home/karshan/gits/vaayu/software/mios32/trunk//mios32/STM32F4xx/mios32_usb.o
 .text.USBH_USR_Init
                0x0801248e        0x2 project_build//home/karshan/gits/vaayu/software/mios32/trunk//mios32/STM32F4xx/mios32_usb.o
 .text.USBH_USR_DeviceAttached
                0x08012490        0x2 project_build//home/karshan/gits/vaayu/software/mios32/trunk//mios32/STM32F4xx/mios32_usb.o
 .text.USBH_USR_UnrecoveredError
                0x08012492        0x2 project_build//home/karshan/gits/vaayu/software/mios32/trunk//mios32/STM32F4xx/mios32_usb.o
 .text.USBH_USR_ResetDevice
                0x08012494        0x2 project_build//home/karshan/gits/vaayu/software/mios32/trunk//mios32/STM32F4xx/mios32_usb.o
 .text.USBH_USR_DeviceSpeedDetected
                0x08012496        0x2 project_build//home/karshan/gits/vaayu/software/mios32/trunk//mios32/STM32F4xx/mios32_usb.o
 .text.USBH_USR_Device_DescAvailable
                0x08012498        0x2 project_build//home/karshan/gits/vaayu/software/mios32/trunk//mios32/STM32F4xx/mios32_usb.o
 .text.USBH_USR_DeviceAddressAssigned
                0x0801249a        0x2 project_build//home/karshan/gits/vaayu/software/mios32/trunk//mios32/STM32F4xx/mios32_usb.o
 .text.USBH_USR_Configuration_DescAvailable
                0x0801249c        0x2 project_build//home/karshan/gits/vaayu/software/mios32/trunk//mios32/STM32F4xx/mios32_usb.o
 .text.USBH_USR_Manufacturer_String
                0x0801249e        0x2 project_build//home/karshan/gits/vaayu/software/mios32/trunk//mios32/STM32F4xx/mios32_usb.o
 .text.USBH_USR_Product_String
                0x080124a0        0x2 project_build//home/karshan/gits/vaayu/software/mios32/trunk//mios32/STM32F4xx/mios32_usb.o
 .text.USBH_USR_SerialNum_String
                0x080124a2        0x2 project_build//home/karshan/gits/vaayu/software/mios32/trunk//mios32/STM32F4xx/mios32_usb.o
 .text.USBH_USR_EnumerationDone
                0x080124a4        0x2 project_build//home/karshan/gits/vaayu/software/mios32/trunk//mios32/STM32F4xx/mios32_usb.o
 .text.USBH_USR_DeviceNotSupported
                0x080124a6        0x2 project_build//home/karshan/gits/vaayu/software/mios32/trunk//mios32/STM32F4xx/mios32_usb.o
 .text.USBH_USR_UserInput
                0x080124a8        0x4 project_build//home/karshan/gits/vaayu/software/mios32/trunk//mios32/STM32F4xx/mios32_usb.o
 .text.USBH_USR_OverCurrentDetected
                0x080124ac        0x2 project_build//home/karshan/gits/vaayu/software/mios32/trunk//mios32/STM32F4xx/mios32_usb.o
 .text.USBH_USR_Application
                0x080124ae        0x4 project_build//home/karshan/gits/vaayu/software/mios32/trunk//mios32/STM32F4xx/mios32_usb.o
 .text.USBH_USR_DeInit
                0x080124b2        0x2 project_build//home/karshan/gits/vaayu/software/mios32/trunk//mios32/STM32F4xx/mios32_usb.o
 .text.MIOS32_USB_CLASS_Setup
                0x080124b4        0x4 project_build//home/karshan/gits/vaayu/software/mios32/trunk//mios32/STM32F4xx/mios32_usb.o
 .text.MIOS32_USB_CLASS_EP0_RxReady
                0x080124b8        0x4 project_build//home/karshan/gits/vaayu/software/mios32/trunk//mios32/STM32F4xx/mios32_usb.o
 .text.MIOS32_USB_CLASS_GetCfgDesc
                0x080124bc        0xc project_build//home/karshan/gits/vaayu/software/mios32/trunk//mios32/STM32F4xx/mios32_usb.o
 .text.USBD_USR_SerialStrDescriptor
                0x080124c8       0x38 project_build//home/karshan/gits/vaayu/software/mios32/trunk//mios32/STM32F4xx/mios32_usb.o
 .text.USBD_USR_ProductStrDescriptor
                0x08012500       0x5c project_build//home/karshan/gits/vaayu/software/mios32/trunk//mios32/STM32F4xx/mios32_usb.o
 .text.USBD_USR_InterfaceStrDescriptor
                0x0801255c        0x4 project_build//home/karshan/gits/vaayu/software/mios32/trunk//mios32/STM32F4xx/mios32_usb.o
 .text.USBD_USR_ConfigStrDescriptor
                0x08012560        0x4 project_build//home/karshan/gits/vaayu/software/mios32/trunk//mios32/STM32F4xx/mios32_usb.o
 .text.MIOS32_USB_CLASS_GetUsrStrDesc
                0x08012564        0x6 project_build//home/karshan/gits/vaayu/software/mios32/trunk//mios32/STM32F4xx/mios32_usb.o
 *fill*         0x0801256a        0x2 00
 .text.USBD_USR_ManufacturerStrDescriptor
                0x0801256c       0x2c project_build//home/karshan/gits/vaayu/software/mios32/trunk//mios32/STM32F4xx/mios32_usb.o
 .text.MIOS32_USB_CLASS_DataOut
                0x08012598       0x12 project_build//home/karshan/gits/vaayu/software/mios32/trunk//mios32/STM32F4xx/mios32_usb.o
 .text.MIOS32_USB_CLASS_DataIn
                0x080125aa       0x12 project_build//home/karshan/gits/vaayu/software/mios32/trunk//mios32/STM32F4xx/mios32_usb.o
 .text.MIOS32_USB_CLASS_DeInit
                0x080125bc       0x16 project_build//home/karshan/gits/vaayu/software/mios32/trunk//mios32/STM32F4xx/mios32_usb.o
 .text.USBH_USR_DeviceDisconnected
                0x080125d2        0x6 project_build//home/karshan/gits/vaayu/software/mios32/trunk//mios32/STM32F4xx/mios32_usb.o
 .text.USBD_USR_DeviceDisconnected
                0x080125d8        0x6 project_build//home/karshan/gits/vaayu/software/mios32/trunk//mios32/STM32F4xx/mios32_usb.o
 .text.USBD_USR_DeviceConfigured
                0x080125de        0x6 project_build//home/karshan/gits/vaayu/software/mios32/trunk//mios32/STM32F4xx/mios32_usb.o
 .text.MIOS32_USB_CLASS_Init
                0x080125e4       0x34 project_build//home/karshan/gits/vaayu/software/mios32/trunk//mios32/STM32F4xx/mios32_usb.o
 .text.USB_OTG_BSP_Init
                0x08012618       0x9c project_build//home/karshan/gits/vaayu/software/mios32/trunk//mios32/STM32F4xx/mios32_usb.o
                0x08012618                USB_OTG_BSP_Init
 .text.USB_OTG_BSP_EnableInterrupt
                0x080126b4        0x8 project_build//home/karshan/gits/vaayu/software/mios32/trunk//mios32/STM32F4xx/mios32_usb.o
                0x080126b4                USB_OTG_BSP_EnableInterrupt
 .text.OTG_FS_IRQHandler
                0x080126bc       0x28 project_build//home/karshan/gits/vaayu/software/mios32/trunk//mios32/STM32F4xx/mios32_usb.o
                0x080126bc                OTG_FS_IRQHandler
 .text.USB_OTG_BSP_uDelay
                0x080126e4        0x6 project_build//home/karshan/gits/vaayu/software/mios32/trunk//mios32/STM32F4xx/mios32_usb.o
                0x080126e4                USB_OTG_BSP_uDelay
 .text.USB_OTG_BSP_mDelay
                0x080126ea        0xc project_build//home/karshan/gits/vaayu/software/mios32/trunk//mios32/STM32F4xx/mios32_usb.o
                0x080126ea                USB_OTG_BSP_mDelay
 *fill*         0x080126f6        0x2 00
 .text.USB_OTG_BSP_ConfigVBUS
                0x080126f8       0x44 project_build//home/karshan/gits/vaayu/software/mios32/trunk//mios32/STM32F4xx/mios32_usb.o
                0x080126f8                USB_OTG_BSP_ConfigVBUS
 .text.USB_OTG_BSP_DriveVBUS
                0x0801273c       0x14 project_build//home/karshan/gits/vaayu/software/mios32/trunk//mios32/STM32F4xx/mios32_usb.o
                0x0801273c                USB_OTG_BSP_DriveVBUS
 .text.MIOS32_USB_IsInitialized
                0x08012750        0xc project_build//home/karshan/gits/vaayu/software/mios32/trunk//mios32/STM32F4xx/mios32_usb.o
                0x08012750                MIOS32_USB_IsInitialized
 .text.MIOS32_USB_ForceSingleUSB
                0x0801275c       0x24 project_build//home/karshan/gits/vaayu/software/mios32/trunk//mios32/STM32F4xx/mios32_usb.o
                0x0801275c                MIOS32_USB_ForceSingleUSB
 .text.MIOS32_USB_ForceDeviceMode
                0x08012780       0x24 project_build//home/karshan/gits/vaayu/software/mios32/trunk//mios32/STM32F4xx/mios32_usb.o
                0x08012780                MIOS32_USB_ForceDeviceMode
 .text.MIOS32_USB_Init
                0x080127a4       0xec project_build//home/karshan/gits/vaayu/software/mios32/trunk//mios32/STM32F4xx/mios32_usb.o
                0x080127a4                MIOS32_USB_Init
 .text.USBH_ClassRequest
                0x08012890        0x4 project_build//home/karshan/gits/vaayu/software/mios32/trunk//mios32/STM32F4xx/mios32_usb_midi.o
 .text.USBH_InterfaceDeInit
                0x08012894       0x3c project_build//home/karshan/gits/vaayu/software/mios32/trunk//mios32/STM32F4xx/mios32_usb_midi.o
 .text.MIOS32_USB_MIDI_RxBufferHandler
                0x080128d0       0xac project_build//home/karshan/gits/vaayu/software/mios32/trunk//mios32/STM32F4xx/mios32_usb_midi.o
 .text.MIOS32_USB_MIDI_TxBufferHandler
                0x0801297c       0xac project_build//home/karshan/gits/vaayu/software/mios32/trunk//mios32/STM32F4xx/mios32_usb_midi.o
 .text.USBH_Handle
                0x08012a28      0x1f0 project_build//home/karshan/gits/vaayu/software/mios32/trunk//mios32/STM32F4xx/mios32_usb_midi.o
 .text.MIOS32_USB_MIDI_Init
                0x08012c18        0xc project_build//home/karshan/gits/vaayu/software/mios32/trunk//mios32/STM32F4xx/mios32_usb_midi.o
                0x08012c18                MIOS32_USB_MIDI_Init
 .text.MIOS32_USB_MIDI_ChangeConnectionState
                0x08012c24       0x64 project_build//home/karshan/gits/vaayu/software/mios32/trunk//mios32/STM32F4xx/mios32_usb_midi.o
                0x08012c24                MIOS32_USB_MIDI_ChangeConnectionState
 .text.MIOS32_USB_MIDI_CheckAvailable
                0x08012c88       0x20 project_build//home/karshan/gits/vaayu/software/mios32/trunk//mios32/STM32F4xx/mios32_usb_midi.o
                0x08012c88                MIOS32_USB_MIDI_CheckAvailable
 .text.USBH_InterfaceInit
                0x08012ca8      0x104 project_build//home/karshan/gits/vaayu/software/mios32/trunk//mios32/STM32F4xx/mios32_usb_midi.o
 .text.MIOS32_USB_MIDI_PackageSend_NonBlocking
                0x08012dac       0x70 project_build//home/karshan/gits/vaayu/software/mios32/trunk//mios32/STM32F4xx/mios32_usb_midi.o
                0x08012dac                MIOS32_USB_MIDI_PackageSend_NonBlocking
 .text.MIOS32_USB_MIDI_PackageSend
                0x08012e1c       0x30 project_build//home/karshan/gits/vaayu/software/mios32/trunk//mios32/STM32F4xx/mios32_usb_midi.o
                0x08012e1c                MIOS32_USB_MIDI_PackageSend
 .text.MIOS32_USB_MIDI_PackageReceive
                0x08012e4c       0x54 project_build//home/karshan/gits/vaayu/software/mios32/trunk//mios32/STM32F4xx/mios32_usb_midi.o
                0x08012e4c                MIOS32_USB_MIDI_PackageReceive
 .text.MIOS32_USB_MIDI_Periodic_mS
                0x08012ea0       0x28 project_build//home/karshan/gits/vaayu/software/mios32/trunk//mios32/STM32F4xx/mios32_usb_midi.o
                0x08012ea0                MIOS32_USB_MIDI_Periodic_mS
 .text.MIOS32_USB_MIDI_EP1_IN_Callback
                0x08012ec8       0x10 project_build//home/karshan/gits/vaayu/software/mios32/trunk//mios32/STM32F4xx/mios32_usb_midi.o
                0x08012ec8                MIOS32_USB_MIDI_EP1_IN_Callback
 .text.MIOS32_USB_MIDI_EP2_OUT_Callback
                0x08012ed8       0x10 project_build//home/karshan/gits/vaayu/software/mios32/trunk//mios32/STM32F4xx/mios32_usb_midi.o
                0x08012ed8                MIOS32_USB_MIDI_EP2_OUT_Callback
 .text.MIOS32_UART_BaudrateSet
                0x08012ee8       0x58 project_build//home/karshan/gits/vaayu/software/mios32/trunk//mios32/STM32F4xx/mios32_uart.o
                0x08012ee8                MIOS32_UART_BaudrateSet
 .text.MIOS32_UART_Init
                0x08012f40      0x140 project_build//home/karshan/gits/vaayu/software/mios32/trunk//mios32/STM32F4xx/mios32_uart.o
                0x08012f40                MIOS32_UART_Init
 .text.MIOS32_UART_RxBufferGet
                0x08013080       0x58 project_build//home/karshan/gits/vaayu/software/mios32/trunk//mios32/STM32F4xx/mios32_uart.o
                0x08013080                MIOS32_UART_RxBufferGet
 .text.MIOS32_UART_RxBufferPut
                0x080130d8       0x5c project_build//home/karshan/gits/vaayu/software/mios32/trunk//mios32/STM32F4xx/mios32_uart.o
                0x080130d8                MIOS32_UART_RxBufferPut
 .text.MIOS32_UART_TxBufferGet
                0x08013134       0x58 project_build//home/karshan/gits/vaayu/software/mios32/trunk//mios32/STM32F4xx/mios32_uart.o
                0x08013134                MIOS32_UART_TxBufferGet
 .text.MIOS32_UART_TxBufferPutMore_NonBlocking
                0x0801318c       0x90 project_build//home/karshan/gits/vaayu/software/mios32/trunk//mios32/STM32F4xx/mios32_uart.o
                0x0801318c                MIOS32_UART_TxBufferPutMore_NonBlocking
 .text.MIOS32_UART_TxBufferPutMore
                0x0801321c       0x18 project_build//home/karshan/gits/vaayu/software/mios32/trunk//mios32/STM32F4xx/mios32_uart.o
                0x0801321c                MIOS32_UART_TxBufferPutMore
 .text.USART2_IRQHandler
                0x08013234       0x60 project_build//home/karshan/gits/vaayu/software/mios32/trunk//mios32/STM32F4xx/mios32_uart.o
                0x08013234                USART2_IRQHandler
 .text.USART3_IRQHandler
                0x08013294       0x64 project_build//home/karshan/gits/vaayu/software/mios32/trunk//mios32/STM32F4xx/mios32_uart.o
                0x08013294                USART3_IRQHandler
 .text.EV_IRQHandler
                0x080132f8      0x162 project_build//home/karshan/gits/vaayu/software/mios32/trunk//mios32/STM32F4xx/mios32_iic.o
 *fill*         0x0801345a        0x2 00
 .text.ER_IRQHandler
                0x0801345c       0x7c project_build//home/karshan/gits/vaayu/software/mios32/trunk//mios32/STM32F4xx/mios32_iic.o
 .text.I2C2_EV_IRQHandler
                0x080134d8        0xc project_build//home/karshan/gits/vaayu/software/mios32/trunk//mios32/STM32F4xx/mios32_iic.o
                0x080134d8                I2C2_EV_IRQHandler
 .text.I2C2_ER_IRQHandler
                0x080134e4        0xc project_build//home/karshan/gits/vaayu/software/mios32/trunk//mios32/STM32F4xx/mios32_iic.o
                0x080134e4                I2C2_ER_IRQHandler
 .text.I2C1_EV_IRQHandler
                0x080134f0        0xc project_build//home/karshan/gits/vaayu/software/mios32/trunk//mios32/STM32F4xx/mios32_iic.o
                0x080134f0                I2C1_EV_IRQHandler
 .text.I2C1_ER_IRQHandler
                0x080134fc        0xc project_build//home/karshan/gits/vaayu/software/mios32/trunk//mios32/STM32F4xx/mios32_iic.o
                0x080134fc                I2C1_ER_IRQHandler
 .text.printchar
                0x08013508        0xe project_build//home/karshan/gits/vaayu/software/mios32/trunk//mios32/common/printf-stdarg.o
 .text.prints   0x08013516       0x82 project_build//home/karshan/gits/vaayu/software/mios32/trunk//mios32/common/printf-stdarg.o
 .text.printi   0x08013598       0x98 project_build//home/karshan/gits/vaayu/software/mios32/trunk//mios32/common/printf-stdarg.o
 .text.print    0x08013630      0x120 project_build//home/karshan/gits/vaayu/software/mios32/trunk//mios32/common/printf-stdarg.o
 .text.sprintf  0x08013750       0x1e project_build//home/karshan/gits/vaayu/software/mios32/trunk//mios32/common/printf-stdarg.o
                0x08013750                sprintf
 .text.vsprintf
                0x0801376e       0x10 project_build//home/karshan/gits/vaayu/software/mios32/trunk//mios32/common/printf-stdarg.o
                0x0801376e                vsprintf
 *fill*         0x0801377e        0x2 00
 .text.NVIC_PriorityGroupConfig
                0x08013780       0x14 project_build//home/karshan/gits/vaayu/software/mios32/trunk//drivers/STM32F4xx/v1.1.0/STM32F4xx_StdPeriph_Driver/src/misc.o
                0x08013780                NVIC_PriorityGroupConfig
 .text.NVIC_SetVectorTable
                0x08013794       0x14 project_build//home/karshan/gits/vaayu/software/mios32/trunk//drivers/STM32F4xx/v1.1.0/STM32F4xx_StdPeriph_Driver/src/misc.o
                0x08013794                NVIC_SetVectorTable
 .text.EXTI_ClearITPendingBit
                0x080137a8        0xc project_build//home/karshan/gits/vaayu/software/mios32/trunk//drivers/STM32F4xx/v1.1.0/STM32F4xx_StdPeriph_Driver/src/stm32f4xx_exti.o
                0x080137a8                EXTI_ClearITPendingBit
 .text.GPIO_Init
                0x080137b4       0x9a project_build//home/karshan/gits/vaayu/software/mios32/trunk//drivers/STM32F4xx/v1.1.0/STM32F4xx_StdPeriph_Driver/src/stm32f4xx_gpio.o
                0x080137b4                GPIO_Init
 .text.GPIO_StructInit
                0x0801384e       0x12 project_build//home/karshan/gits/vaayu/software/mios32/trunk//drivers/STM32F4xx/v1.1.0/STM32F4xx_StdPeriph_Driver/src/stm32f4xx_gpio.o
                0x0801384e                GPIO_StructInit
 .text.GPIO_SetBits
                0x08013860        0x4 project_build//home/karshan/gits/vaayu/software/mios32/trunk//drivers/STM32F4xx/v1.1.0/STM32F4xx_StdPeriph_Driver/src/stm32f4xx_gpio.o
                0x08013860                GPIO_SetBits
 .text.GPIO_ResetBits
                0x08013864        0x4 project_build//home/karshan/gits/vaayu/software/mios32/trunk//drivers/STM32F4xx/v1.1.0/STM32F4xx_StdPeriph_Driver/src/stm32f4xx_gpio.o
                0x08013864                GPIO_ResetBits
 .text.GPIO_PinAFConfig
                0x08013868       0x2e project_build//home/karshan/gits/vaayu/software/mios32/trunk//drivers/STM32F4xx/v1.1.0/STM32F4xx_StdPeriph_Driver/src/stm32f4xx_gpio.o
                0x08013868                GPIO_PinAFConfig
 .text.I2C_GenerateSTOP
                0x08013896       0x18 project_build//home/karshan/gits/vaayu/software/mios32/trunk//drivers/STM32F4xx/v1.1.0/STM32F4xx_StdPeriph_Driver/src/stm32f4xx_i2c.o
                0x08013896                I2C_GenerateSTOP
 .text.I2C_ITConfig
                0x080138ae       0x12 project_build//home/karshan/gits/vaayu/software/mios32/trunk//drivers/STM32F4xx/v1.1.0/STM32F4xx_StdPeriph_Driver/src/stm32f4xx_i2c.o
                0x080138ae                I2C_ITConfig
 .text.I2C_GetLastEvent
                0x080138c0       0x10 project_build//home/karshan/gits/vaayu/software/mios32/trunk//drivers/STM32F4xx/v1.1.0/STM32F4xx_StdPeriph_Driver/src/stm32f4xx_i2c.o
                0x080138c0                I2C_GetLastEvent
 .text.I2C_ClearITPendingBit
                0x080138d0        0x8 project_build//home/karshan/gits/vaayu/software/mios32/trunk//drivers/STM32F4xx/v1.1.0/STM32F4xx_StdPeriph_Driver/src/stm32f4xx_i2c.o
                0x080138d0                I2C_ClearITPendingBit
 .text.PWR_BackupAccessCmd
                0x080138d8        0xc project_build//home/karshan/gits/vaayu/software/mios32/trunk//drivers/STM32F4xx/v1.1.0/STM32F4xx_StdPeriph_Driver/src/stm32f4xx_pwr.o
                0x080138d8                PWR_BackupAccessCmd
 .text.RCC_GetClocksFreq
                0x080138e4       0x8c project_build//home/karshan/gits/vaayu/software/mios32/trunk//drivers/STM32F4xx/v1.1.0/STM32F4xx_StdPeriph_Driver/src/stm32f4xx_rcc.o
                0x080138e4                RCC_GetClocksFreq
 .text.RCC_RTCCLKConfig
                0x08013970       0x30 project_build//home/karshan/gits/vaayu/software/mios32/trunk//drivers/STM32F4xx/v1.1.0/STM32F4xx_StdPeriph_Driver/src/stm32f4xx_rcc.o
                0x08013970                RCC_RTCCLKConfig
 .text.RCC_RTCCLKCmd
                0x080139a0        0xc project_build//home/karshan/gits/vaayu/software/mios32/trunk//drivers/STM32F4xx/v1.1.0/STM32F4xx_StdPeriph_Driver/src/stm32f4xx_rcc.o
                0x080139a0                RCC_RTCCLKCmd
 .text.RCC_AHB1PeriphClockCmd
                0x080139ac       0x18 project_build//home/karshan/gits/vaayu/software/mios32/trunk//drivers/STM32F4xx/v1.1.0/STM32F4xx_StdPeriph_Driver/src/stm32f4xx_rcc.o
                0x080139ac                RCC_AHB1PeriphClockCmd
 .text.RCC_AHB2PeriphClockCmd
                0x080139c4       0x18 project_build//home/karshan/gits/vaayu/software/mios32/trunk//drivers/STM32F4xx/v1.1.0/STM32F4xx_StdPeriph_Driver/src/stm32f4xx_rcc.o
                0x080139c4                RCC_AHB2PeriphClockCmd
 .text.RCC_APB1PeriphClockCmd
                0x080139dc       0x18 project_build//home/karshan/gits/vaayu/software/mios32/trunk//drivers/STM32F4xx/v1.1.0/STM32F4xx_StdPeriph_Driver/src/stm32f4xx_rcc.o
                0x080139dc                RCC_APB1PeriphClockCmd
 .text.RCC_APB2PeriphClockCmd
                0x080139f4       0x18 project_build//home/karshan/gits/vaayu/software/mios32/trunk//drivers/STM32F4xx/v1.1.0/STM32F4xx_StdPeriph_Driver/src/stm32f4xx_rcc.o
                0x080139f4                RCC_APB2PeriphClockCmd
 .text.RCC_AHB1PeriphResetCmd
                0x08013a0c       0x18 project_build//home/karshan/gits/vaayu/software/mios32/trunk//drivers/STM32F4xx/v1.1.0/STM32F4xx_StdPeriph_Driver/src/stm32f4xx_rcc.o
                0x08013a0c                RCC_AHB1PeriphResetCmd
 .text.RCC_AHB2PeriphResetCmd
                0x08013a24       0x18 project_build//home/karshan/gits/vaayu/software/mios32/trunk//drivers/STM32F4xx/v1.1.0/STM32F4xx_StdPeriph_Driver/src/stm32f4xx_rcc.o
                0x08013a24                RCC_AHB2PeriphResetCmd
 .text.RCC_APB1PeriphResetCmd
                0x08013a3c       0x18 project_build//home/karshan/gits/vaayu/software/mios32/trunk//drivers/STM32F4xx/v1.1.0/STM32F4xx_StdPeriph_Driver/src/stm32f4xx_rcc.o
                0x08013a3c                RCC_APB1PeriphResetCmd
 .text.RCC_APB2PeriphResetCmd
                0x08013a54       0x18 project_build//home/karshan/gits/vaayu/software/mios32/trunk//drivers/STM32F4xx/v1.1.0/STM32F4xx_StdPeriph_Driver/src/stm32f4xx_rcc.o
                0x08013a54                RCC_APB2PeriphResetCmd
 .text.RTC_ByteToBcd2
                0x08013a6c       0x18 project_build//home/karshan/gits/vaayu/software/mios32/trunk//drivers/STM32F4xx/v1.1.0/STM32F4xx_StdPeriph_Driver/src/stm32f4xx_rtc.o
 .text.RTC_StructInit
                0x08013a84        0xc project_build//home/karshan/gits/vaayu/software/mios32/trunk//drivers/STM32F4xx/v1.1.0/STM32F4xx_StdPeriph_Driver/src/stm32f4xx_rtc.o
                0x08013a84                RTC_StructInit
 .text.RTC_EnterInitMode
                0x08013a90       0x40 project_build//home/karshan/gits/vaayu/software/mios32/trunk//drivers/STM32F4xx/v1.1.0/STM32F4xx_StdPeriph_Driver/src/stm32f4xx_rtc.o
                0x08013a90                RTC_EnterInitMode
 .text.RTC_ExitInitMode
                0x08013ad0       0x10 project_build//home/karshan/gits/vaayu/software/mios32/trunk//drivers/STM32F4xx/v1.1.0/STM32F4xx_StdPeriph_Driver/src/stm32f4xx_rtc.o
                0x08013ad0                RTC_ExitInitMode
 .text.RTC_Init
                0x08013ae0       0x48 project_build//home/karshan/gits/vaayu/software/mios32/trunk//drivers/STM32F4xx/v1.1.0/STM32F4xx_StdPeriph_Driver/src/stm32f4xx_rtc.o
                0x08013ae0                RTC_Init
 .text.RTC_WaitForSynchro
                0x08013b28       0x44 project_build//home/karshan/gits/vaayu/software/mios32/trunk//drivers/STM32F4xx/v1.1.0/STM32F4xx_StdPeriph_Driver/src/stm32f4xx_rtc.o
                0x08013b28                RTC_WaitForSynchro
 .text.RTC_SetTime
                0x08013b6c       0x8c project_build//home/karshan/gits/vaayu/software/mios32/trunk//drivers/STM32F4xx/v1.1.0/STM32F4xx_StdPeriph_Driver/src/stm32f4xx_rtc.o
                0x08013b6c                RTC_SetTime
 .text.RTC_TimeStructInit
                0x08013bf8        0xc project_build//home/karshan/gits/vaayu/software/mios32/trunk//drivers/STM32F4xx/v1.1.0/STM32F4xx_StdPeriph_Driver/src/stm32f4xx_rtc.o
                0x08013bf8                RTC_TimeStructInit
 .text.TIM_TimeBaseInit
                0x08013c04       0x7c project_build//home/karshan/gits/vaayu/software/mios32/trunk//drivers/STM32F4xx/v1.1.0/STM32F4xx_StdPeriph_Driver/src/stm32f4xx_tim.o
                0x08013c04                TIM_TimeBaseInit
 .text.TIM_Cmd  0x08013c80       0x18 project_build//home/karshan/gits/vaayu/software/mios32/trunk//drivers/STM32F4xx/v1.1.0/STM32F4xx_StdPeriph_Driver/src/stm32f4xx_tim.o
                0x08013c80                TIM_Cmd
 .text.TIM_GetITStatus
                0x08013c98       0x16 project_build//home/karshan/gits/vaayu/software/mios32/trunk//drivers/STM32F4xx/v1.1.0/STM32F4xx_StdPeriph_Driver/src/stm32f4xx_tim.o
                0x08013c98                TIM_GetITStatus
 .text.TIM_ClearITPendingBit
                0x08013cae        0x8 project_build//home/karshan/gits/vaayu/software/mios32/trunk//drivers/STM32F4xx/v1.1.0/STM32F4xx_StdPeriph_Driver/src/stm32f4xx_tim.o
                0x08013cae                TIM_ClearITPendingBit
 *fill*         0x08013cb6        0x2 00
 .text.USART_Init
                0x08013cb8       0xb8 project_build//home/karshan/gits/vaayu/software/mios32/trunk//drivers/STM32F4xx/v1.1.0/STM32F4xx_StdPeriph_Driver/src/stm32f4xx_usart.o
                0x08013cb8                USART_Init
 .text.USART_Cmd
                0x08013d70       0x18 project_build//home/karshan/gits/vaayu/software/mios32/trunk//drivers/STM32F4xx/v1.1.0/STM32F4xx_StdPeriph_Driver/src/stm32f4xx_usart.o
                0x08013d70                USART_Cmd
 .text.USART_ITConfig
                0x08013d88       0x34 project_build//home/karshan/gits/vaayu/software/mios32/trunk//drivers/STM32F4xx/v1.1.0/STM32F4xx_StdPeriph_Driver/src/stm32f4xx_usart.o
                0x08013d88                USART_ITConfig
 .text.USBD_Resume
                0x08013dbc       0x16 project_build//home/karshan/gits/vaayu/software/mios32/trunk//drivers/STM32F4xx/v1.1.0/STM32_USB_Device_Library/Core/src/usbd_core.o
 .text.USBD_Suspend
                0x08013dd2       0x1c project_build//home/karshan/gits/vaayu/software/mios32/trunk//drivers/STM32F4xx/v1.1.0/STM32_USB_Device_Library/Core/src/usbd_core.o
 .text.USBD_SOF
                0x08013dee       0x10 project_build//home/karshan/gits/vaayu/software/mios32/trunk//drivers/STM32F4xx/v1.1.0/STM32_USB_Device_Library/Core/src/usbd_core.o
 .text.USBD_IsoINIncomplete
                0x08013dfe        0xe project_build//home/karshan/gits/vaayu/software/mios32/trunk//drivers/STM32F4xx/v1.1.0/STM32_USB_Device_Library/Core/src/usbd_core.o
 .text.USBD_IsoOUTIncomplete
                0x08013e0c        0xe project_build//home/karshan/gits/vaayu/software/mios32/trunk//drivers/STM32F4xx/v1.1.0/STM32_USB_Device_Library/Core/src/usbd_core.o
 .text.USBD_Reset
                0x08013e1a       0x2e project_build//home/karshan/gits/vaayu/software/mios32/trunk//drivers/STM32F4xx/v1.1.0/STM32_USB_Device_Library/Core/src/usbd_core.o
 .text.USBD_SetupStage
                0x08013e48       0x48 project_build//home/karshan/gits/vaayu/software/mios32/trunk//drivers/STM32F4xx/v1.1.0/STM32_USB_Device_Library/Core/src/usbd_core.o
 .text.USBD_DataInStage
                0x08013e90       0xb4 project_build//home/karshan/gits/vaayu/software/mios32/trunk//drivers/STM32F4xx/v1.1.0/STM32_USB_Device_Library/Core/src/usbd_core.o
 .text.USBD_DataOutStage
                0x08013f44       0x74 project_build//home/karshan/gits/vaayu/software/mios32/trunk//drivers/STM32F4xx/v1.1.0/STM32_USB_Device_Library/Core/src/usbd_core.o
 .text.USBD_Init
                0x08013fb8       0x38 project_build//home/karshan/gits/vaayu/software/mios32/trunk//drivers/STM32F4xx/v1.1.0/STM32_USB_Device_Library/Core/src/usbd_core.o
                0x08013fb8                USBD_Init
 .text.USBD_SetCfg
                0x08013ff0       0x18 project_build//home/karshan/gits/vaayu/software/mios32/trunk//drivers/STM32F4xx/v1.1.0/STM32_USB_Device_Library/Core/src/usbd_core.o
                0x08013ff0                USBD_SetCfg
 .text.USBD_ClrCfg
                0x08014008        0xe project_build//home/karshan/gits/vaayu/software/mios32/trunk//drivers/STM32F4xx/v1.1.0/STM32_USB_Device_Library/Core/src/usbd_core.o
                0x08014008                USBD_ClrCfg
 .text.USBD_CtlSendData
                0x08014016       0x22 project_build//home/karshan/gits/vaayu/software/mios32/trunk//drivers/STM32F4xx/v1.1.0/STM32_USB_Device_Library/Core/src/usbd_ioreq.o
                0x08014016                USBD_CtlSendData
 .text.USBD_CtlContinueSendData
                0x08014038       0x12 project_build//home/karshan/gits/vaayu/software/mios32/trunk//drivers/STM32F4xx/v1.1.0/STM32_USB_Device_Library/Core/src/usbd_ioreq.o
                0x08014038                USBD_CtlContinueSendData
 .text.USBD_CtlContinueRx
                0x0801404a       0x12 project_build//home/karshan/gits/vaayu/software/mios32/trunk//drivers/STM32F4xx/v1.1.0/STM32_USB_Device_Library/Core/src/usbd_ioreq.o
                0x0801404a                USBD_CtlContinueRx
 .text.USBD_CtlSendStatus
                0x0801405c       0x1e project_build//home/karshan/gits/vaayu/software/mios32/trunk//drivers/STM32F4xx/v1.1.0/STM32_USB_Device_Library/Core/src/usbd_ioreq.o
                0x0801405c                USBD_CtlSendStatus
 .text.USBD_CtlReceiveStatus
                0x0801407a       0x1e project_build//home/karshan/gits/vaayu/software/mios32/trunk//drivers/STM32F4xx/v1.1.0/STM32_USB_Device_Library/Core/src/usbd_ioreq.o
                0x0801407a                USBD_CtlReceiveStatus
 .text.USBD_ParseSetupRequest
                0x08014098       0x44 project_build//home/karshan/gits/vaayu/software/mios32/trunk//drivers/STM32F4xx/v1.1.0/STM32_USB_Device_Library/Core/src/usbd_req.o
                0x08014098                USBD_ParseSetupRequest
 .text.USBD_CtlError
                0x080140dc       0x1c project_build//home/karshan/gits/vaayu/software/mios32/trunk//drivers/STM32F4xx/v1.1.0/STM32_USB_Device_Library/Core/src/usbd_req.o
                0x080140dc                USBD_CtlError
 .text.USBD_StdEPReq
                0x080140f8       0xc4 project_build//home/karshan/gits/vaayu/software/mios32/trunk//drivers/STM32F4xx/v1.1.0/STM32_USB_Device_Library/Core/src/usbd_req.o
                0x080140f8                USBD_StdEPReq
 .text.USBD_StdItfReq
                0x080141bc       0x30 project_build//home/karshan/gits/vaayu/software/mios32/trunk//drivers/STM32F4xx/v1.1.0/STM32_USB_Device_Library/Core/src/usbd_req.o
                0x080141bc                USBD_StdItfReq
 .text.USBD_StdDevReq
                0x080141ec      0x2ac project_build//home/karshan/gits/vaayu/software/mios32/trunk//drivers/STM32F4xx/v1.1.0/STM32_USB_Device_Library/Core/src/usbd_req.o
                0x080141ec                USBD_StdDevReq
 .text.USBD_GetString
                0x08014498       0x38 project_build//home/karshan/gits/vaayu/software/mios32/trunk//drivers/STM32F4xx/v1.1.0/STM32_USB_Device_Library/Core/src/usbd_req.o
                0x08014498                USBD_GetString
 .text.USBH_Connected
                0x080144d0        0xa project_build//home/karshan/gits/vaayu/software/mios32/trunk//drivers/STM32F4xx/v1.1.0/STM32_USB_HOST_Library/Core/src/usbh_core.o
                0x080144d0                USBH_Connected
 .text.USBH_Disconnected
                0x080144da        0xa project_build//home/karshan/gits/vaayu/software/mios32/trunk//drivers/STM32F4xx/v1.1.0/STM32_USB_HOST_Library/Core/src/usbh_core.o
                0x080144da                USBH_Disconnected
 .text.USBH_SOF
                0x080144e4        0x4 project_build//home/karshan/gits/vaayu/software/mios32/trunk//drivers/STM32F4xx/v1.1.0/STM32_USB_HOST_Library/Core/src/usbh_core.o
                0x080144e4                USBH_SOF
 .text.USBH_DeInit
                0x080144e8       0x32 project_build//home/karshan/gits/vaayu/software/mios32/trunk//drivers/STM32F4xx/v1.1.0/STM32_USB_HOST_Library/Core/src/usbh_core.o
                0x080144e8                USBH_DeInit
 .text.USBH_Init
                0x0801451a       0x42 project_build//home/karshan/gits/vaayu/software/mios32/trunk//drivers/STM32F4xx/v1.1.0/STM32_USB_HOST_Library/Core/src/usbh_core.o
                0x0801451a                USBH_Init
 .text.USBH_ErrorHandle
                0x0801455c       0x2a project_build//home/karshan/gits/vaayu/software/mios32/trunk//drivers/STM32F4xx/v1.1.0/STM32_USB_HOST_Library/Core/src/usbh_core.o
                0x0801455c                USBH_ErrorHandle
 *fill*         0x08014586        0x2 00
 .text.USBH_HandleControl
                0x08014588      0x1b8 project_build//home/karshan/gits/vaayu/software/mios32/trunk//drivers/STM32F4xx/v1.1.0/STM32_USB_HOST_Library/Core/src/usbh_core.o
                0x08014588                USBH_HandleControl
 .text.USBH_Process
                0x08014740      0x344 project_build//home/karshan/gits/vaayu/software/mios32/trunk//drivers/STM32F4xx/v1.1.0/STM32_USB_HOST_Library/Core/src/usbh_core.o
                0x08014740                USBH_Process
 .text.USBH_Open_Channel
                0x08014a84       0x54 project_build//home/karshan/gits/vaayu/software/mios32/trunk//drivers/STM32F4xx/v1.1.0/STM32_USB_HOST_Library/Core/src/usbh_hcs.o
                0x08014a84                USBH_Open_Channel
 .text.USBH_Modify_Channel
                0x08014ad8       0x3a project_build//home/karshan/gits/vaayu/software/mios32/trunk//drivers/STM32F4xx/v1.1.0/STM32_USB_HOST_Library/Core/src/usbh_hcs.o
                0x08014ad8                USBH_Modify_Channel
 .text.USBH_Alloc_Channel
                0x08014b12       0x32 project_build//home/karshan/gits/vaayu/software/mios32/trunk//drivers/STM32F4xx/v1.1.0/STM32_USB_HOST_Library/Core/src/usbh_hcs.o
                0x08014b12                USBH_Alloc_Channel
 .text.USBH_Free_Channel
                0x08014b44       0x18 project_build//home/karshan/gits/vaayu/software/mios32/trunk//drivers/STM32F4xx/v1.1.0/STM32_USB_HOST_Library/Core/src/usbh_hcs.o
                0x08014b44                USBH_Free_Channel
 .text.USBH_DeAllocate_AllChannel
                0x08014b5c       0x1e project_build//home/karshan/gits/vaayu/software/mios32/trunk//drivers/STM32F4xx/v1.1.0/STM32_USB_HOST_Library/Core/src/usbh_hcs.o
                0x08014b5c                USBH_DeAllocate_AllChannel
 .text.USBH_CtlReq
                0x08014b7a       0x48 project_build//home/karshan/gits/vaayu/software/mios32/trunk//drivers/STM32F4xx/v1.1.0/STM32_USB_HOST_Library/Core/src/usbh_ioreq.o
                0x08014b7a                USBH_CtlReq
 .text.USBH_CtlSendSetup
                0x08014bc2       0x2e project_build//home/karshan/gits/vaayu/software/mios32/trunk//drivers/STM32F4xx/v1.1.0/STM32_USB_HOST_Library/Core/src/usbh_ioreq.o
                0x08014bc2                USBH_CtlSendSetup
 .text.USBH_CtlSendData
                0x08014bf0       0x40 project_build//home/karshan/gits/vaayu/software/mios32/trunk//drivers/STM32F4xx/v1.1.0/STM32_USB_HOST_Library/Core/src/usbh_ioreq.o
                0x08014bf0                USBH_CtlSendData
 .text.USBH_CtlReceiveData
                0x08014c30       0x2c project_build//home/karshan/gits/vaayu/software/mios32/trunk//drivers/STM32F4xx/v1.1.0/STM32_USB_HOST_Library/Core/src/usbh_ioreq.o
                0x08014c30                USBH_CtlReceiveData
 .text.USBH_BulkSendData
                0x08014c5c       0x34 project_build//home/karshan/gits/vaayu/software/mios32/trunk//drivers/STM32F4xx/v1.1.0/STM32_USB_HOST_Library/Core/src/usbh_ioreq.o
                0x08014c5c                USBH_BulkSendData
 .text.USBH_BulkReceiveData
                0x08014c90       0x34 project_build//home/karshan/gits/vaayu/software/mios32/trunk//drivers/STM32F4xx/v1.1.0/STM32_USB_HOST_Library/Core/src/usbh_ioreq.o
                0x08014c90                USBH_BulkReceiveData
 .text.USBH_GetDescriptor
                0x08014cc4       0x34 project_build//home/karshan/gits/vaayu/software/mios32/trunk//drivers/STM32F4xx/v1.1.0/STM32_USB_HOST_Library/Core/src/usbh_stdreq.o
                0x08014cc4                USBH_GetDescriptor
 .text.USBH_Get_StringDesc
                0x08014cf8       0x50 project_build//home/karshan/gits/vaayu/software/mios32/trunk//drivers/STM32F4xx/v1.1.0/STM32_USB_HOST_Library/Core/src/usbh_stdreq.o
                0x08014cf8                USBH_Get_StringDesc
 .text.USBH_Get_DevDesc
                0x08014d48       0xac project_build//home/karshan/gits/vaayu/software/mios32/trunk//drivers/STM32F4xx/v1.1.0/STM32_USB_HOST_Library/Core/src/usbh_stdreq.o
                0x08014d48                USBH_Get_DevDesc
 .text.USBH_Get_CfgDesc
                0x08014df4      0x1dc project_build//home/karshan/gits/vaayu/software/mios32/trunk//drivers/STM32F4xx/v1.1.0/STM32_USB_HOST_Library/Core/src/usbh_stdreq.o
                0x08014df4                USBH_Get_CfgDesc
 .text.USBH_SetAddress
                0x08014fd0       0x1c project_build//home/karshan/gits/vaayu/software/mios32/trunk//drivers/STM32F4xx/v1.1.0/STM32_USB_HOST_Library/Core/src/usbh_stdreq.o
                0x08014fd0                USBH_SetAddress
 .text.USBH_SetCfg
                0x08014fec       0x1c project_build//home/karshan/gits/vaayu/software/mios32/trunk//drivers/STM32F4xx/v1.1.0/STM32_USB_HOST_Library/Core/src/usbh_stdreq.o
                0x08014fec                USBH_SetCfg
 .text.USBH_ClrFeature
                0x08015008       0x32 project_build//home/karshan/gits/vaayu/software/mios32/trunk//drivers/STM32F4xx/v1.1.0/STM32_USB_HOST_Library/Core/src/usbh_stdreq.o
                0x08015008                USBH_ClrFeature
 *fill*         0x0801503a        0x2 00
 .text.USB_OTG_EnableCommonInt
                0x0801503c       0x14 project_build//home/karshan/gits/vaayu/software/mios32/trunk//drivers/STM32F4xx/v1.1.0/STM32_USB_OTG_Driver/src/usb_core.o
 .text.USB_OTG_CoreReset
                0x08015050       0x4c project_build//home/karshan/gits/vaayu/software/mios32/trunk//drivers/STM32F4xx/v1.1.0/STM32_USB_OTG_Driver/src/usb_core.o
 .text.USB_OTG_WritePacket
                0x0801509c       0x26 project_build//home/karshan/gits/vaayu/software/mios32/trunk//drivers/STM32F4xx/v1.1.0/STM32_USB_OTG_Driver/src/usb_core.o
                0x0801509c                USB_OTG_WritePacket
 .text.USB_OTG_ReadPacket
                0x080150c2       0x22 project_build//home/karshan/gits/vaayu/software/mios32/trunk//drivers/STM32F4xx/v1.1.0/STM32_USB_OTG_Driver/src/usb_core.o
                0x080150c2                USB_OTG_ReadPacket
 .text.USB_OTG_SelectCore
                0x080150e4       0xc0 project_build//home/karshan/gits/vaayu/software/mios32/trunk//drivers/STM32F4xx/v1.1.0/STM32_USB_OTG_Driver/src/usb_core.o
                0x080150e4                USB_OTG_SelectCore
 .text.USB_OTG_CoreInit
                0x080151a4       0x9a project_build//home/karshan/gits/vaayu/software/mios32/trunk//drivers/STM32F4xx/v1.1.0/STM32_USB_OTG_Driver/src/usb_core.o
                0x080151a4                USB_OTG_CoreInit
 .text.USB_OTG_EnableGlobalInt
                0x0801523e        0xe project_build//home/karshan/gits/vaayu/software/mios32/trunk//drivers/STM32F4xx/v1.1.0/STM32_USB_OTG_Driver/src/usb_core.o
                0x0801523e                USB_OTG_EnableGlobalInt
 .text.USB_OTG_DisableGlobalInt
                0x0801524c        0xe project_build//home/karshan/gits/vaayu/software/mios32/trunk//drivers/STM32F4xx/v1.1.0/STM32_USB_OTG_Driver/src/usb_core.o
                0x0801524c                USB_OTG_DisableGlobalInt
 *fill*         0x0801525a        0x2 00
 .text.USB_OTG_FlushTxFifo
                0x0801525c       0x3c project_build//home/karshan/gits/vaayu/software/mios32/trunk//drivers/STM32F4xx/v1.1.0/STM32_USB_OTG_Driver/src/usb_core.o
                0x0801525c                USB_OTG_FlushTxFifo
 .text.USB_OTG_FlushRxFifo
                0x08015298       0x34 project_build//home/karshan/gits/vaayu/software/mios32/trunk//drivers/STM32F4xx/v1.1.0/STM32_USB_OTG_Driver/src/usb_core.o
                0x08015298                USB_OTG_FlushRxFifo
 .text.USB_OTG_SetCurrentMode
                0x080152cc       0x2a project_build//home/karshan/gits/vaayu/software/mios32/trunk//drivers/STM32F4xx/v1.1.0/STM32_USB_OTG_Driver/src/usb_core.o
                0x080152cc                USB_OTG_SetCurrentMode
 .text.USB_OTG_IsDeviceMode
                0x080152f6        0xe project_build//home/karshan/gits/vaayu/software/mios32/trunk//drivers/STM32F4xx/v1.1.0/STM32_USB_OTG_Driver/src/usb_core.o
                0x080152f6                USB_OTG_IsDeviceMode
 .text.USB_OTG_IsHostMode
                0x08015304        0xa project_build//home/karshan/gits/vaayu/software/mios32/trunk//drivers/STM32F4xx/v1.1.0/STM32_USB_OTG_Driver/src/usb_core.o
                0x08015304                USB_OTG_IsHostMode
 .text.USB_OTG_ReadCoreItr
                0x0801530e        0xa project_build//home/karshan/gits/vaayu/software/mios32/trunk//drivers/STM32F4xx/v1.1.0/STM32_USB_OTG_Driver/src/usb_core.o
                0x0801530e                USB_OTG_ReadCoreItr
 .text.USB_OTG_IsEvenFrame
                0x08015318        0xe project_build//home/karshan/gits/vaayu/software/mios32/trunk//drivers/STM32F4xx/v1.1.0/STM32_USB_OTG_Driver/src/usb_core.o
                0x08015318                USB_OTG_IsEvenFrame
 .text.USB_OTG_EnableHostInt
                0x08015326       0x3c project_build//home/karshan/gits/vaayu/software/mios32/trunk//drivers/STM32F4xx/v1.1.0/STM32_USB_OTG_Driver/src/usb_core.o
                0x08015326                USB_OTG_EnableHostInt
 .text.USB_OTG_InitFSLSPClkSel
                0x08015362        0xc project_build//home/karshan/gits/vaayu/software/mios32/trunk//drivers/STM32F4xx/v1.1.0/STM32_USB_OTG_Driver/src/usb_core.o
                0x08015362                USB_OTG_InitFSLSPClkSel
 .text.USB_OTG_ReadHPRT0
                0x0801536e        0xc project_build//home/karshan/gits/vaayu/software/mios32/trunk//drivers/STM32F4xx/v1.1.0/STM32_USB_OTG_Driver/src/usb_core.o
                0x0801536e                USB_OTG_ReadHPRT0
 .text.USB_OTG_DriveVbus
                0x0801537a       0x4c project_build//home/karshan/gits/vaayu/software/mios32/trunk//drivers/STM32F4xx/v1.1.0/STM32_USB_OTG_Driver/src/usb_core.o
                0x0801537a                USB_OTG_DriveVbus
 .text.USB_OTG_ReadHostAllChannels_intr
                0x080153c6        0x6 project_build//home/karshan/gits/vaayu/software/mios32/trunk//drivers/STM32F4xx/v1.1.0/STM32_USB_OTG_Driver/src/usb_core.o
                0x080153c6                USB_OTG_ReadHostAllChannels_intr
 .text.USB_OTG_ResetPort
                0x080153cc       0x2c project_build//home/karshan/gits/vaayu/software/mios32/trunk//drivers/STM32F4xx/v1.1.0/STM32_USB_OTG_Driver/src/usb_core.o
                0x080153cc                USB_OTG_ResetPort
 .text.USB_OTG_CoreInitHost
                0x080153f8       0x98 project_build//home/karshan/gits/vaayu/software/mios32/trunk//drivers/STM32F4xx/v1.1.0/STM32_USB_OTG_Driver/src/usb_core.o
                0x080153f8                USB_OTG_CoreInitHost
 .text.USB_OTG_HC_Init
                0x08015490       0xe8 project_build//home/karshan/gits/vaayu/software/mios32/trunk//drivers/STM32F4xx/v1.1.0/STM32_USB_OTG_Driver/src/usb_core.o
                0x08015490                USB_OTG_HC_Init
 .text.USB_OTG_HC_StartXfer
                0x08015578      0x114 project_build//home/karshan/gits/vaayu/software/mios32/trunk//drivers/STM32F4xx/v1.1.0/STM32_USB_OTG_Driver/src/usb_core.o
                0x08015578                USB_OTG_HC_StartXfer
 .text.USB_OTG_HC_Halt
                0x0801568c       0x3a project_build//home/karshan/gits/vaayu/software/mios32/trunk//drivers/STM32F4xx/v1.1.0/STM32_USB_OTG_Driver/src/usb_core.o
                0x0801568c                USB_OTG_HC_Halt
 .text.USB_OTG_HC_DoPing
                0x080156c6       0x28 project_build//home/karshan/gits/vaayu/software/mios32/trunk//drivers/STM32F4xx/v1.1.0/STM32_USB_OTG_Driver/src/usb_core.o
                0x080156c6                USB_OTG_HC_DoPing
 .text.USB_OTG_InitDevSpeed
                0x080156ee        0xc project_build//home/karshan/gits/vaayu/software/mios32/trunk//drivers/STM32F4xx/v1.1.0/STM32_USB_OTG_Driver/src/usb_core.o
                0x080156ee                USB_OTG_InitDevSpeed
 .text.USB_OTG_EnableDevInt
                0x080156fa       0x3c project_build//home/karshan/gits/vaayu/software/mios32/trunk//drivers/STM32F4xx/v1.1.0/STM32_USB_OTG_Driver/src/usb_core.o
                0x080156fa                USB_OTG_EnableDevInt
 *fill*         0x08015736        0x2 00
 .text.USB_OTG_CoreInitDev
                0x08015738      0x100 project_build//home/karshan/gits/vaayu/software/mios32/trunk//drivers/STM32F4xx/v1.1.0/STM32_USB_OTG_Driver/src/usb_core.o
                0x08015738                USB_OTG_CoreInitDev
 .text.USB_OTG_GetDeviceSpeed
                0x08015838       0x1c project_build//home/karshan/gits/vaayu/software/mios32/trunk//drivers/STM32F4xx/v1.1.0/STM32_USB_OTG_Driver/src/usb_core.o
                0x08015838                USB_OTG_GetDeviceSpeed
 .text.USB_OTG_EP0Activate
                0x08015854       0x2c project_build//home/karshan/gits/vaayu/software/mios32/trunk//drivers/STM32F4xx/v1.1.0/STM32_USB_OTG_Driver/src/usb_core.o
                0x08015854                USB_OTG_EP0Activate
 .text.USB_OTG_EPActivate
                0x08015880       0x5e project_build//home/karshan/gits/vaayu/software/mios32/trunk//drivers/STM32F4xx/v1.1.0/STM32_USB_OTG_Driver/src/usb_core.o
                0x08015880                USB_OTG_EPActivate
 .text.USB_OTG_EPDeactivate
                0x080158de       0x3e project_build//home/karshan/gits/vaayu/software/mios32/trunk//drivers/STM32F4xx/v1.1.0/STM32_USB_OTG_Driver/src/usb_core.o
                0x080158de                USB_OTG_EPDeactivate
 .text.USB_OTG_EPStartXfer
                0x0801591c      0x10a project_build//home/karshan/gits/vaayu/software/mios32/trunk//drivers/STM32F4xx/v1.1.0/STM32_USB_OTG_Driver/src/usb_core.o
                0x0801591c                USB_OTG_EPStartXfer
 .text.USB_OTG_EP0StartXfer
                0x08015a26       0xda project_build//home/karshan/gits/vaayu/software/mios32/trunk//drivers/STM32F4xx/v1.1.0/STM32_USB_OTG_Driver/src/usb_core.o
                0x08015a26                USB_OTG_EP0StartXfer
 .text.USB_OTG_EPSetStall
                0x08015b00       0x36 project_build//home/karshan/gits/vaayu/software/mios32/trunk//drivers/STM32F4xx/v1.1.0/STM32_USB_OTG_Driver/src/usb_core.o
                0x08015b00                USB_OTG_EPSetStall
 .text.USB_OTG_EPClearStall
                0x08015b36       0x28 project_build//home/karshan/gits/vaayu/software/mios32/trunk//drivers/STM32F4xx/v1.1.0/STM32_USB_OTG_Driver/src/usb_core.o
                0x08015b36                USB_OTG_EPClearStall
 .text.USB_OTG_ReadDevAllOutEp_itr
                0x08015b5e        0xc project_build//home/karshan/gits/vaayu/software/mios32/trunk//drivers/STM32F4xx/v1.1.0/STM32_USB_OTG_Driver/src/usb_core.o
                0x08015b5e                USB_OTG_ReadDevAllOutEp_itr
 .text.USB_OTG_ReadDevOutEP_itr
                0x08015b6a       0x10 project_build//home/karshan/gits/vaayu/software/mios32/trunk//drivers/STM32F4xx/v1.1.0/STM32_USB_OTG_Driver/src/usb_core.o
                0x08015b6a                USB_OTG_ReadDevOutEP_itr