Archive member included because of file (symbol)

/home/karshan/gits/vaayu/software/gcc-arm-none-eabi-4_7-2013q3/bin/../lib/gcc/arm-none-eabi/4.7.4/armv7e-m/libgcc.a(_lshrdi3.o)
                              project_build//home/karshan/gits/vaayu/software/mios32/trunk//modules/app_lcd/universal/app_lcd.o (__aeabi_llsr)
/home/karshan/gits/vaayu/software/gcc-arm-none-eabi-4_7-2013q3/bin/../lib/gcc/arm-none-eabi/4.7.4/armv7e-m/libgcc.a(_ashldi3.o)
                              project_build//home/karshan/gits/vaayu/software/mios32/trunk//modules/app_lcd/universal/app_lcd.o (__aeabi_llsl)
/home/karshan/gits/vaayu/software/gcc-arm-none-eabi-4_7-2013q3/bin/../lib/gcc/arm-none-eabi/4.7.4/armv7e-m/libgcc.a(_arm_muldivdf3.o)
                              project_build//home/karshan/gits/vaayu/software/mios32/trunk//mios32/common/mios32_osc.o (__aeabi_dmul)
/home/karshan/gits/vaayu/software/gcc-arm-none-eabi-4_7-2013q3/bin/../lib/gcc/arm-none-eabi/4.7.4/armv7e-m/libgcc.a(_arm_fixdfsi.o)
                              project_build//home/karshan/gits/vaayu/software/mios32/trunk//mios32/common/mios32_osc.o (__aeabi_d2iz)
/home/karshan/gits/vaayu/software/gcc-arm-none-eabi-4_7-2013q3/bin/../lib/gcc/arm-none-eabi/4.7.4/armv7e-m/libgcc.a(_arm_muldivsf3.o)
                              project_build//home/karshan/gits/vaayu/software/mios32/trunk//mios32/common/mios32_osc.o (__aeabi_fmul)
/home/karshan/gits/vaayu/software/gcc-arm-none-eabi-4_7-2013q3/bin/../lib/gcc/arm-none-eabi/4.7.4/armv7e-m/libgcc.a(_arm_fixsfsi.o)
                              project_build//home/karshan/gits/vaayu/software/mios32/trunk//mios32/common/mios32_osc.o (__aeabi_f2iz)
/home/karshan/gits/vaayu/software/gcc-arm-none-eabi-4_7-2013q3/bin/../lib/gcc/arm-none-eabi/4.7.4/../../../../arm-none-eabi/lib/armv7e-m/libc_s.a(lib_a-ctype_.o)
                              project_build//home/karshan/gits/vaayu/software/mios32/trunk//programming_models/traditional/strtol.o (__ctype_ptr__)
/home/karshan/gits/vaayu/software/gcc-arm-none-eabi-4_7-2013q3/bin/../lib/gcc/arm-none-eabi/4.7.4/../../../../arm-none-eabi/lib/armv7e-m/libc_s.a(lib_a-init.o)
                              project_build//home/karshan/gits/vaayu/software/mios32/trunk//programming_models/traditional/main.o (__libc_init_array)
/home/karshan/gits/vaayu/software/gcc-arm-none-eabi-4_7-2013q3/bin/../lib/gcc/arm-none-eabi/4.7.4/../../../../arm-none-eabi/lib/armv7e-m/libc_s.a(lib_a-memcpy.o)
                              project_build//home/karshan/gits/vaayu/software/mios32/trunk//FreeRTOS/Source/queue.o (memcpy)
/home/karshan/gits/vaayu/software/gcc-arm-none-eabi-4_7-2013q3/bin/../lib/gcc/arm-none-eabi/4.7.4/../../../../arm-none-eabi/lib/armv7e-m/libc_s.a(lib_a-memmove.o)
                              project_build//home/karshan/gits/vaayu/software/mios32/trunk//FreeRTOS/Source/portable/MemMang/umm_malloc.o (memmove)
/home/karshan/gits/vaayu/software/gcc-arm-none-eabi-4_7-2013q3/bin/../lib/gcc/arm-none-eabi/4.7.4/../../../../arm-none-eabi/lib/armv7e-m/libc_s.a(lib_a-memset.o)
                              project_build//home/karshan/gits/vaayu/software/mios32/trunk//FreeRTOS/Source/tasks.o (memset)
/home/karshan/gits/vaayu/software/gcc-arm-none-eabi-4_7-2013q3/bin/../lib/gcc/arm-none-eabi/4.7.4/../../../../arm-none-eabi/lib/armv7e-m/libc_s.a(lib_a-stpcpy.o)
                              project_build//home/karshan/gits/vaayu/software/mios32/trunk//mios32/common/mios32_osc.o (stpcpy)
/home/karshan/gits/vaayu/software/gcc-arm-none-eabi-4_7-2013q3/bin/../lib/gcc/arm-none-eabi/4.7.4/../../../../arm-none-eabi/lib/armv7e-m/libc_s.a(lib_a-strcasecmp.o)
                              project_build//home/karshan/gits/vaayu/software/mios32/trunk//modules/app_lcd/universal/app_lcd.o (strcasecmp)
/home/karshan/gits/vaayu/software/gcc-arm-none-eabi-4_7-2013q3/bin/../lib/gcc/arm-none-eabi/4.7.4/../../../../arm-none-eabi/lib/armv7e-m/libc_s.a(lib_a-strlen.o)
                              project_build//home/karshan/gits/vaayu/software/mios32/trunk//mios32/common/mios32_midi.o (strlen)
/home/karshan/gits/vaayu/software/gcc-arm-none-eabi-4_7-2013q3/bin/../lib/gcc/arm-none-eabi/4.7.4/../../../../arm-none-eabi/lib/armv7e-m/libc_s.a(lib_a-strncmp.o)
                              project_build//home/karshan/gits/vaayu/software/mios32/trunk//mios32/common/mios32_osc.o (strncmp)
/home/karshan/gits/vaayu/software/gcc-arm-none-eabi-4_7-2013q3/bin/../lib/gcc/arm-none-eabi/4.7.4/../../../../arm-none-eabi/lib/armv7e-m/libc_s.a(lib_a-strncpy.o)
                              project_build//home/karshan/gits/vaayu/software/mios32/trunk//FreeRTOS/Source/tasks.o (strncpy)
/home/karshan/gits/vaayu/software/gcc-arm-none-eabi-4_7-2013q3/bin/../lib/gcc/arm-none-eabi/4.7.4/../../../../arm-none-eabi/lib/armv7e-m/libc_s.a(lib_a-strtok_r.o)
                              project_build//home/karshan/gits/vaayu/software/mios32/trunk//modules/app_lcd/universal/app_lcd.o (strtok_r)

Allocating common symbols
[...]
Memory Configuration

Name             Origin             Length             Attributes
RAM              0x20000000         0x00030000         xrw
FLASH_SECTOR0    0x08000000         0x00004000         xr
FLASH_SECTOR1    0x08004000         0x00004000         xr
FLASH_SECTOR2    0x08008000         0x00004000         xr
FLASH_SECTOR3    0x0800c000         0x00004000         xr
FLASH            0x08010000         0x000f0000         xr
FLASHB1          0x00000000         0x00000000         xr
EXTMEMB0         0x00000000         0x00000000         xr
EXTMEMB1         0x00000000         0x00000000         xr
EXTMEMB2         0x00000000         0x00000000         xr
EXTMEMB3         0x00000000         0x00000000         xr
*default*        0x00000000         0xffffffff

Linker script and memory map

LOAD project_build/app.o
LOAD project_build//home/karshan/gits/vaayu/software/mios32/trunk//programming_models/traditional/main.o
LOAD project_build//home/karshan/gits/vaayu/software/mios32/trunk//programming_models/traditional/strtol.o
LOAD project_build//home/karshan/gits/vaayu/software/mios32/trunk//FreeRTOS/Source/tasks.o
LOAD project_build//home/karshan/gits/vaayu/software/mios32/trunk//FreeRTOS/Source/list.o
LOAD project_build//home/karshan/gits/vaayu/software/mios32/trunk//FreeRTOS/Source/queue.o
LOAD project_build//home/karshan/gits/vaayu/software/mios32/trunk//FreeRTOS/Source/timers.o
LOAD project_build//home/karshan/gits/vaayu/software/mios32/trunk//FreeRTOS/Source/portable/GCC/ARM_CM3/port.o
LOAD project_build//home/karshan/gits/vaayu/software/mios32/trunk//FreeRTOS/Source/portable/MemMang/umm_malloc.o
LOAD project_build//home/karshan/gits/vaayu/software/mios32/trunk//programming_models/traditional/startup_stm32f4xx.o
LOAD project_build//home/karshan/gits/vaayu/software/mios32/trunk//mios32/common/mios32_srio.o
LOAD project_build//home/karshan/gits/vaayu/software/mios32/trunk//mios32/common/mios32_din.o
LOAD project_build//home/karshan/gits/vaayu/software/mios32/trunk//mios32/common/mios32_dout.o
LOAD project_build//home/karshan/gits/vaayu/software/mios32/trunk//mios32/common/mios32_enc.o
LOAD project_build//home/karshan/gits/vaayu/software/mios32/trunk//mios32/common/mios32_lcd.o
LOAD project_build//home/karshan/gits/vaayu/software/mios32/trunk//mios32/common/mios32_midi.o
LOAD project_build//home/karshan/gits/vaayu/software/mios32/trunk//mios32/common/mios32_osc.o
LOAD project_build//home/karshan/gits/vaayu/software/mios32/trunk//mios32/common/mios32_com.o
LOAD project_build//home/karshan/gits/vaayu/software/mios32/trunk//mios32/common/mios32_uart_midi.o
LOAD project_build//home/karshan/gits/vaayu/software/mios32/trunk//mios32/common/mios32_spi_midi.o
LOAD project_build//home/karshan/gits/vaayu/software/mios32/trunk//mios32/common/mios32_iic_midi.o
LOAD project_build//home/karshan/gits/vaayu/software/mios32/trunk//mios32/common/mios32_iic_bs.o
LOAD project_build//home/karshan/gits/vaayu/software/mios32/trunk//mios32/common/mios32_mf.o
LOAD project_build//home/karshan/gits/vaayu/software/mios32/trunk//mios32/common/mios32_sdcard.o
LOAD project_build//home/karshan/gits/vaayu/software/mios32/trunk//mios32/common/mios32_enc28j60.o
LOAD project_build//home/karshan/gits/vaayu/software/mios32/trunk//mios32/common/mios32_timestamp.o
LOAD project_build//home/karshan/gits/vaayu/software/mios32/trunk//mios32/STM32F4xx/mios32_bsl.o
LOAD project_build//home/karshan/gits/vaayu/software/mios32/trunk//mios32/STM32F4xx/mios32_sys.o
LOAD project_build//home/karshan/gits/vaayu/software/mios32/trunk//mios32/STM32F4xx/mios32_irq.o
LOAD project_build//home/karshan/gits/vaayu/software/mios32/trunk//mios32/STM32F4xx/mios32_spi.o
LOAD project_build//home/karshan/gits/vaayu/software/mios32/trunk//mios32/STM32F4xx/mios32_i2s.o
LOAD project_build//home/karshan/gits/vaayu/software/mios32/trunk//mios32/STM32F4xx/mios32_board.o
LOAD project_build//home/karshan/gits/vaayu/software/mios32/trunk//mios32/STM32F4xx/mios32_timer.o
LOAD project_build//home/karshan/gits/vaayu/software/mios32/trunk//mios32/STM32F4xx/mios32_stopwatch.o
LOAD project_build//home/karshan/gits/vaayu/software/mios32/trunk//mios32/STM32F4xx/mios32_delay.o
LOAD project_build//home/karshan/gits/vaayu/software/mios32/trunk//mios32/STM32F4xx/mios32_ain.o
LOAD project_build//home/karshan/gits/vaayu/software/mios32/trunk//mios32/STM32F4xx/mios32_usb.o
LOAD project_build//home/karshan/gits/vaayu/software/mios32/trunk//mios32/STM32F4xx/mios32_usb_midi.o
LOAD project_build//home/karshan/gits/vaayu/software/mios32/trunk//mios32/STM32F4xx/mios32_usb_com.o
LOAD project_build//home/karshan/gits/vaayu/software/mios32/trunk//mios32/STM32F4xx/mios32_uart.o
LOAD project_build//home/karshan/gits/vaayu/software/mios32/trunk//mios32/STM32F4xx/mios32_iic.o
LOAD project_build//home/karshan/gits/vaayu/software/mios32/trunk//mios32/common/printf-stdarg.o
LOAD project_build//home/karshan/gits/vaayu/software/mios32/trunk//drivers/STM32F4xx/v1.1.0/STM32F4xx_StdPeriph_Driver/src/misc.o
LOAD project_build//home/karshan/gits/vaayu/software/mios32/trunk//drivers/STM32F4xx/v1.1.0/STM32F4xx_StdPeriph_Driver/src/stm32f4xx_adc.o
LOAD project_build//home/karshan/gits/vaayu/software/mios32/trunk//drivers/STM32F4xx/v1.1.0/STM32F4xx_StdPeriph_Driver/src/stm32f4xx_can.o
LOAD project_build//home/karshan/gits/vaayu/software/mios32/trunk//drivers/STM32F4xx/v1.1.0/STM32F4xx_StdPeriph_Driver/src/stm32f4xx_crc.o
LOAD project_build//home/karshan/gits/vaayu/software/mios32/trunk//drivers/STM32F4xx/v1.1.0/STM32F4xx_StdPeriph_Driver/src/stm32f4xx_cryp.o
LOAD project_build//home/karshan/gits/vaayu/software/mios32/trunk//drivers/STM32F4xx/v1.1.0/STM32F4xx_StdPeriph_Driver/src/stm32f4xx_cryp_aes.o
LOAD project_build//home/karshan/gits/vaayu/software/mios32/trunk//drivers/STM32F4xx/v1.1.0/STM32F4xx_StdPeriph_Driver/src/stm32f4xx_cryp_des.o
LOAD project_build//home/karshan/gits/vaayu/software/mios32/trunk//drivers/STM32F4xx/v1.1.0/STM32F4xx_StdPeriph_Driver/src/stm32f4xx_cryp_tdes.o
LOAD project_build//home/karshan/gits/vaayu/software/mios32/trunk//drivers/STM32F4xx/v1.1.0/STM32F4xx_StdPeriph_Driver/src/stm32f4xx_dac.o
LOAD project_build//home/karshan/gits/vaayu/software/mios32/trunk//drivers/STM32F4xx/v1.1.0/STM32F4xx_StdPeriph_Driver/src/stm32f4xx_dbgmcu.o
LOAD project_build//home/karshan/gits/vaayu/software/mios32/trunk//drivers/STM32F4xx/v1.1.0/STM32F4xx_StdPeriph_Driver/src/stm32f4xx_dcmi.o
LOAD project_build//home/karshan/gits/vaayu/software/mios32/trunk//drivers/STM32F4xx/v1.1.0/STM32F4xx_StdPeriph_Driver/src/stm32f4xx_dma.o
LOAD project_build//home/karshan/gits/vaayu/software/mios32/trunk//drivers/STM32F4xx/v1.1.0/STM32F4xx_StdPeriph_Driver/src/stm32f4xx_exti.o
LOAD project_build//home/karshan/gits/vaayu/software/mios32/trunk//drivers/STM32F4xx/v1.1.0/STM32F4xx_StdPeriph_Driver/src/stm32f4xx_flash.o
LOAD project_build//home/karshan/gits/vaayu/software/mios32/trunk//drivers/STM32F4xx/v1.1.0/STM32F4xx_StdPeriph_Driver/src/stm32f4xx_fsmc.o
LOAD project_build//home/karshan/gits/vaayu/software/mios32/trunk//drivers/STM32F4xx/v1.1.0/STM32F4xx_StdPeriph_Driver/src/stm32f4xx_gpio.o
LOAD project_build//home/karshan/gits/vaayu/software/mios32/trunk//drivers/STM32F4xx/v1.1.0/STM32F4xx_StdPeriph_Driver/src/stm32f4xx_hash.o
LOAD project_build//home/karshan/gits/vaayu/software/mios32/trunk//drivers/STM32F4xx/v1.1.0/STM32F4xx_StdPeriph_Driver/src/stm32f4xx_hash_md5.o
LOAD project_build//home/karshan/gits/vaayu/software/mios32/trunk//drivers/STM32F4xx/v1.1.0/STM32F4xx_StdPeriph_Driver/src/stm32f4xx_hash_sha1.o
LOAD project_build//home/karshan/gits/vaayu/software/mios32/trunk//drivers/STM32F4xx/v1.1.0/STM32F4xx_StdPeriph_Driver/src/stm32f4xx_i2c.o
LOAD project_build//home/karshan/gits/vaayu/software/mios32/trunk//drivers/STM32F4xx/v1.1.0/STM32F4xx_StdPeriph_Driver/src/stm32f4xx_iwdg.o
LOAD project_build//home/karshan/gits/vaayu/software/mios32/trunk//drivers/STM32F4xx/v1.1.0/STM32F4xx_StdPeriph_Driver/src/stm32f4xx_pwr.o
LOAD project_build//home/karshan/gits/vaayu/software/mios32/trunk//drivers/STM32F4xx/v1.1.0/STM32F4xx_StdPeriph_Driver/src/stm32f4xx_rcc.o
LOAD project_build//home/karshan/gits/vaayu/software/mios32/trunk//drivers/STM32F4xx/v1.1.0/STM32F4xx_StdPeriph_Driver/src/stm32f4xx_rng.o
LOAD project_build//home/karshan/gits/vaayu/software/mios32/trunk//drivers/STM32F4xx/v1.1.0/STM32F4xx_StdPeriph_Driver/src/stm32f4xx_rtc.o
LOAD project_build//home/karshan/gits/vaayu/software/mios32/trunk//drivers/STM32F4xx/v1.1.0/STM32F4xx_StdPeriph_Driver/src/stm32f4xx_sdio.o
LOAD project_build//home/karshan/gits/vaayu/software/mios32/trunk//drivers/STM32F4xx/v1.1.0/STM32F4xx_StdPeriph_Driver/src/stm32f4xx_spi.o
LOAD project_build//home/karshan/gits/vaayu/software/mios32/trunk//drivers/STM32F4xx/v1.1.0/STM32F4xx_StdPeriph_Driver/src/stm32f4xx_syscfg.o
LOAD project_build//home/karshan/gits/vaayu/software/mios32/trunk//drivers/STM32F4xx/v1.1.0/STM32F4xx_StdPeriph_Driver/src/stm32f4xx_tim.o
LOAD project_build//home/karshan/gits/vaayu/software/mios32/trunk//drivers/STM32F4xx/v1.1.0/STM32F4xx_StdPeriph_Driver/src/stm32f4xx_usart.o
LOAD project_build//home/karshan/gits/vaayu/software/mios32/trunk//drivers/STM32F4xx/v1.1.0/STM32F4xx_StdPeriph_Driver/src/stm32f4xx_wwdg.o
LOAD project_build//home/karshan/gits/vaayu/software/mios32/trunk//drivers/STM32F4xx/v1.1.0/STM32_USB_Device_Library/Core/src/usbd_core.o
LOAD project_build//home/karshan/gits/vaayu/software/mios32/trunk//drivers/STM32F4xx/v1.1.0/STM32_USB_Device_Library/Core/src/usbd_ioreq.o
LOAD project_build//home/karshan/gits/vaayu/software/mios32/trunk//drivers/STM32F4xx/v1.1.0/STM32_USB_Device_Library/Core/src/usbd_req.o
LOAD project_build//home/karshan/gits/vaayu/software/mios32/trunk//drivers/STM32F4xx/v1.1.0/STM32_USB_HOST_Library/Core/src/usbh_core.o
LOAD project_build//home/karshan/gits/vaayu/software/mios32/trunk//drivers/STM32F4xx/v1.1.0/STM32_USB_HOST_Library/Core/src/usbh_hcs.o
LOAD project_build//home/karshan/gits/vaayu/software/mios32/trunk//drivers/STM32F4xx/v1.1.0/STM32_USB_HOST_Library/Core/src/usbh_ioreq.o
LOAD project_build//home/karshan/gits/vaayu/software/mios32/trunk//drivers/STM32F4xx/v1.1.0/STM32_USB_HOST_Library/Core/src/usbh_stdreq.o
LOAD project_build//home/karshan/gits/vaayu/software/mios32/trunk//drivers/STM32F4xx/v1.1.0/STM32_USB_OTG_Driver/src/usb_core.o
LOAD project_build//home/karshan/gits/vaayu/software/mios32/trunk//drivers/STM32F4xx/v1.1.0/STM32_USB_OTG_Driver/src/usb_dcd.o
LOAD project_build//home/karshan/gits/vaayu/software/mios32/trunk//drivers/STM32F4xx/v1.1.0/STM32_USB_OTG_Driver/src/usb_dcd_int.o
LOAD project_build//home/karshan/gits/vaayu/software/mios32/trunk//drivers/STM32F4xx/v1.1.0/STM32_USB_OTG_Driver/src/usb_hcd.o
LOAD project_build//home/karshan/gits/vaayu/software/mios32/trunk//drivers/STM32F4xx/v1.1.0/STM32_USB_OTG_Driver/src/usb_hcd_int.o
LOAD project_build//home/karshan/gits/vaayu/software/mios32/trunk//drivers/STM32F4xx/v1.1.0/STM32_USB_OTG_Driver/src/usb_otg.o
LOAD project_build//home/karshan/gits/vaayu/software/mios32/trunk//modules/app_lcd/universal/app_lcd.o
LOAD project_build//home/karshan/gits/vaayu/software/mios32/trunk//modules/glcd_font/glcd_font_normal.o
LOAD project_build//home/karshan/gits/vaayu/software/mios32/trunk//modules/glcd_font/glcd_font_normal_inv.o
LOAD project_build//home/karshan/gits/vaayu/software/mios32/trunk//modules/glcd_font/glcd_font_big.o
LOAD project_build//home/karshan/gits/vaayu/software/mios32/trunk//modules/glcd_font/glcd_font_small.o
LOAD project_build//home/karshan/gits/vaayu/software/mios32/trunk//modules/glcd_font/glcd_font_tiny.o
LOAD project_build//home/karshan/gits/vaayu/software/mios32/trunk//modules/glcd_font/glcd_font_knob_icons.o
LOAD project_build//home/karshan/gits/vaayu/software/mios32/trunk//modules/glcd_font/glcd_font_meter_icons_h.o
LOAD project_build//home/karshan/gits/vaayu/software/mios32/trunk//modules/glcd_font/glcd_font_meter_icons_v.o
LOAD project_build//home/karshan/gits/vaayu/software/mios32/trunk//programming_models/traditional/mini_cpp.o
LOAD project_build//home/karshan/gits/vaayu/software/mios32/trunk//programming_models/traditional/freertos_heap.o
LOAD /home/karshan/gits/vaayu/software/gcc-arm-none-eabi-4_7-2013q3/bin/../lib/gcc/arm-none-eabi/4.7.4/../../../../arm-none-eabi/lib/armv7e-m/libstdc++_s.a
START GROUP
LOAD /home/karshan/gits/vaayu/software/gcc-arm-none-eabi-4_7-2013q3/bin/../lib/gcc/arm-none-eabi/4.7.4/armv7e-m/libgcc.a
LOAD /home/karshan/gits/vaayu/software/gcc-arm-none-eabi-4_7-2013q3/bin/../lib/gcc/arm-none-eabi/4.7.4/../../../../arm-none-eabi/lib/armv7e-m/libc_s.a
END GROUP
                0x20020000                _estack = 0x20020000
                0x00000080                __Stack_Size = 0x80
                0x00000080                PROVIDE (_Stack_Size, __Stack_Size)
                0x2001ff80                __Stack_Init = (_estack - __Stack_Size)
                0x2001ff80                PROVIDE (_Stack_Init, __Stack_Init)
                0x00000100                _Minimum_Stack_Size = 0x100
                0x42000000                PERIPH_BB_BASE = 0x42000000
                0x22000000                SRAM_BB_BASE = 0x22000000
                0x20000000                SRAM_BASE = 0x20000000
                0x40000000                PERIPH_BASE = 0x40000000
                0x40022000                PROVIDE (FLASH_BASE, 0x40022000)
                0x1ffff800                PROVIDE (OB_BASE, 0x1ffff800)
                0x40000000                APB1PERIPH_BASE = PERIPH_BASE
                0x40010000                APB2PERIPH_BASE = (PERIPH_BASE + 0x10000)
                0x40020000                AHBPERIPH_BASE = (PERIPH_BASE + 0x20000)
                0x40000000                PROVIDE (TIM2, (APB1PERIPH_BASE + 0x0))
                0x40000400                PROVIDE (TIM3, (APB1PERIPH_BASE + 0x400))
                0x40000800                PROVIDE (TIM4, (APB1PERIPH_BASE + 0x800))
                0x40002800                PROVIDE (RTC, (APB1PERIPH_BASE + 0x2800))
                0x40002c00                PROVIDE (WWDG, (APB1PERIPH_BASE + 0x2c00))
                0x40003000                PROVIDE (IWDG, (APB1PERIPH_BASE + 0x3000))
                0x40003800                PROVIDE (SPI2, (APB1PERIPH_BASE + 0x3800))
                0x40004400                PROVIDE (USART2, (APB1PERIPH_BASE + 0x4400))
                0x40004800                PROVIDE (USART3, (APB1PERIPH_BASE + 0x4800))
                0x40005400                PROVIDE (I2C1, (APB1PERIPH_BASE + 0x5400))
                0x40005800                PROVIDE (I2C2, (APB1PERIPH_BASE + 0x5800))
                0x40006400                PROVIDE (CAN, (APB1PERIPH_BASE + 0x6400))
                0x40006c00                PROVIDE (BKP, (APB1PERIPH_BASE + 0x6c00))
                0x40007000                PROVIDE (PWR, (APB1PERIPH_BASE + 0x7000))
                0x40010000                PROVIDE (AFIO, (APB2PERIPH_BASE + 0x0))
                0x40010400                PROVIDE (EXTI, (APB2PERIPH_BASE + 0x400))
                0x40010800                PROVIDE (GPIOA, (APB2PERIPH_BASE + 0x800))
                0x40010c00                PROVIDE (GPIOB, (APB2PERIPH_BASE + 0xc00))
                0x40011000                PROVIDE (GPIOC, (APB2PERIPH_BASE + 0x1000))
                0x40011400                PROVIDE (GPIOD, (APB2PERIPH_BASE + 0x1400))
                0x40011800                PROVIDE (GPIOE, (APB2PERIPH_BASE + 0x1800))
                0x40012400                PROVIDE (ADC1, (APB2PERIPH_BASE + 0x2400))
                0x40012800                PROVIDE (ADC2, (APB2PERIPH_BASE + 0x2800))
                0x40012c00                PROVIDE (TIM1, (APB2PERIPH_BASE + 0x2c00))
                0x40013000                PROVIDE (SPI1, (APB2PERIPH_BASE + 0x3000))
                0x40013800                PROVIDE (USART1, (APB2PERIPH_BASE + 0x3800))
                0x40020000                PROVIDE (DMA, (AHBPERIPH_BASE + 0x0))
                0x40020008                PROVIDE (DMA_Channel1, (AHBPERIPH_BASE + 0x8))
                0x4002001c                PROVIDE (DMA_Channel2, (AHBPERIPH_BASE + 0x1c))
                0x40020030                PROVIDE (DMA_Channel3, (AHBPERIPH_BASE + 0x30))
                0x40020044                PROVIDE (DMA_Channel4, (AHBPERIPH_BASE + 0x44))
                0x40020058                PROVIDE (DMA_Channel5, (AHBPERIPH_BASE + 0x58))
                0x4002006c                PROVIDE (DMA_Channel6, (AHBPERIPH_BASE + 0x6c))
                0x40020080                PROVIDE (DMA_Channel7, (AHBPERIPH_BASE + 0x80))
                0x40021000                PROVIDE (RCC, (AHBPERIPH_BASE + 0x1000))
                0xe000e000                SCS_BASE = 0xe000e000
                0xe000e010                PROVIDE (SysTick, (SCS_BASE + 0x10))
                0xe000e100                PROVIDE (NVIC, (SCS_BASE + 0x100))
                0xe000ed00                PROVIDE (SCB, (SCS_BASE + 0xd00))

.mios32_bsl     0x08000000     0x4000
                0x08000000                . = ALIGN (0x4)
 *(.mios32_bsl)
 .mios32_bsl    0x08000000     0x4000 project_build//home/karshan/gits/vaayu/software/mios32/trunk//mios32/STM32F4xx/mios32_bsl.o
                0x08000000                mios32_bsl_image
                0x08004000                . = ALIGN (0x4)

.isr_vector     0x08004000      0x188
                0x08004000                _mios32_sys_isr_vector = .
                0x08004000                . = ALIGN (0x4)
 *(.isr_vector)
 .isr_vector    0x08004000      0x188 project_build//home/karshan/gits/vaayu/software/mios32/trunk//programming_models/traditional/startup_stm32f4xx.o
                0x08004000                g_pfnVectors
                0x08004188                . = ALIGN (0x4)
                0x08004000                PROVIDE (mios32_sys_isr_vector, _mios32_sys_isr_vector)

.flashtext      0x08010000        0x0
                0x08010000                . = ALIGN (0x4)
 *(.flashtext)
                0x08010000                . = ALIGN (0x4)

.text           0x08010000     0x7a6c
                0x08010000                . = ALIGN (0x4)
 CREATE_OBJECT_SYMBOLS
 *(.text .text.* .gnu.linkonce.t.*)
 .text.APP_Init
                0x08010000       0xa4 project_build/app.o
                0x08010000                APP_Init
 .text.APP_Background
                0x080100a4        0x2 project_build/app.o
                0x080100a4                APP_Background
 .text.APP_MIDI_NotifyPackage
                0x080100a6        0x2 project_build/app.o
                0x080100a6                APP_MIDI_NotifyPackage
 .text.ws2812_low
                0x080100a8      0x12a project_build/app.o
                0x080100a8                ws2812_low
 .text.ws2812_high
                0x080101d2      0x122 project_build/app.o
                0x080101d2                ws2812_high
 .text.ws2812_shiftOut
                0x080102f4       0x20 project_build/app.o
                0x080102f4                ws2812_shiftOut
 .text.ledTask  0x08010314       0x4c project_build/app.o
                0x08010314                ledTask
 .text.BUTTON_NotifyToggle
                0x08010360       0x1a project_build/app.o
                0x08010360                BUTTON_NotifyToggle
 .text.setColumns
                0x0801037a       0x1c project_build/app.o
                0x0801037a                setColumns
 .text.getRows  0x08010396        0xc project_build/app.o
                0x08010396                getRows
 *fill*         0x080103a2        0x2 00
 .text.TASK_MatrixScan
                0x080103a4       0x6c project_build/app.o
 .text.APP_Tick
                0x08010410        0x2 project_build//home/karshan/gits/vaayu/software/mios32/trunk//programming_models/traditional/main.o
                0x08010410                APP_Tick
 .text.TASK_Hooks
                0x08010412       0x24 project_build//home/karshan/gits/vaayu/software/mios32/trunk//programming_models/traditional/main.o
 .text.APP_MIDI_Tick
                0x08010436        0x2 project_build//home/karshan/gits/vaayu/software/mios32/trunk//programming_models/traditional/main.o
                0x08010436                APP_MIDI_Tick
 .text.TASK_MIDI_Hooks
                0x08010438       0x34 project_build//home/karshan/gits/vaayu/software/mios32/trunk//programming_models/traditional/main.o
 .text.startup.main
                0x0801046c       0x90 project_build//home/karshan/gits/vaayu/software/mios32/trunk//programming_models/traditional/main.o
                0x0801046c                main
 .text.vApplicationTickHook
                0x080104fc        0x4 project_build//home/karshan/gits/vaayu/software/mios32/trunk//programming_models/traditional/main.o
                0x080104fc                vApplicationTickHook
 .text.vApplicationIdleHook
                0x08010500        0x4 project_build//home/karshan/gits/vaayu/software/mios32/trunk//programming_models/traditional/main.o
                0x08010500                vApplicationIdleHook
 .text._abort   0x08010504       0x40 project_build//home/karshan/gits/vaayu/software/mios32/trunk//programming_models/traditional/main.o
                0x08010504                _abort
 .text.HardFault_Handler_c
                0x08010544      0x10c project_build//home/karshan/gits/vaayu/software/mios32/trunk//programming_models/traditional/main.o
                0x08010544                HardFault_Handler_c
 .text.HardFault_Handler
                0x08010650       0x14 project_build//home/karshan/gits/vaayu/software/mios32/trunk//programming_models/traditional/main.o
                0x08010650                HardFault_Handler
 .text.prvAddCurrentTaskToDelayedList
                0x08010664       0x50 project_build//home/karshan/gits/vaayu/software/mios32/trunk//FreeRTOS/Source/tasks.o
 .text.xTaskGenericCreate
                0x080106b4      0x194 project_build//home/karshan/gits/vaayu/software/mios32/trunk//FreeRTOS/Source/tasks.o
                0x080106b4                xTaskGenericCreate
 .text.vTaskStartScheduler
                0x08010848       0x4c project_build//home/karshan/gits/vaayu/software/mios32/trunk//FreeRTOS/Source/tasks.o
                0x08010848                vTaskStartScheduler
 .text.vTaskSuspendAll
                0x08010894       0x10 project_build//home/karshan/gits/vaayu/software/mios32/trunk//FreeRTOS/Source/tasks.o
                0x08010894                vTaskSuspendAll
 .text.xTaskGetTickCount
                0x080108a4       0x18 project_build//home/karshan/gits/vaayu/software/mios32/trunk//FreeRTOS/Source/tasks.o
                0x080108a4                xTaskGetTickCount
 .text.vTaskIncrementTick
                0x080108bc       0xec project_build//home/karshan/gits/vaayu/software/mios32/trunk//FreeRTOS/Source/tasks.o
                0x080108bc                vTaskIncrementTick
 .text.xTaskResumeAll
                0x080109a8       0xc4 project_build//home/karshan/gits/vaayu/software/mios32/trunk//FreeRTOS/Source/tasks.o
                0x080109a8                xTaskResumeAll
 .text.prvIdleTask
                0x08010a6c       0x68 project_build//home/karshan/gits/vaayu/software/mios32/trunk//FreeRTOS/Source/tasks.o
 .text.vTaskDelay
                0x08010ad4       0x54 project_build//home/karshan/gits/vaayu/software/mios32/trunk//FreeRTOS/Source/tasks.o
                0x08010ad4                vTaskDelay
 .text.vTaskDelayUntil
                0x08010b28       0x78 project_build//home/karshan/gits/vaayu/software/mios32/trunk//FreeRTOS/Source/tasks.o
                0x08010b28                vTaskDelayUntil
 .text.vTaskSwitchContext
                0x08010ba0       0x54 project_build//home/karshan/gits/vaayu/software/mios32/trunk//FreeRTOS/Source/tasks.o
                0x08010ba0                vTaskSwitchContext
 .text.vListInitialise
                0x08010bf4       0x16 project_build//home/karshan/gits/vaayu/software/mios32/trunk//FreeRTOS/Source/list.o
                0x08010bf4                vListInitialise
 .text.vListInitialiseItem
                0x08010c0a        0x6 project_build//home/karshan/gits/vaayu/software/mios32/trunk//FreeRTOS/Source/list.o
                0x08010c0a                vListInitialiseItem
 .text.vListInsertEnd
                0x08010c10       0x1a project_build//home/karshan/gits/vaayu/software/mios32/trunk//FreeRTOS/Source/list.o
                0x08010c10                vListInsertEnd
 .text.vListInsert
                0x08010c2a       0x30 project_build//home/karshan/gits/vaayu/software/mios32/trunk//FreeRTOS/Source/list.o
                0x08010c2a                vListInsert
 .text.uxListRemove
                0x08010c5a       0x22 project_build//home/karshan/gits/vaayu/software/mios32/trunk//FreeRTOS/Source/list.o
                0x08010c5a                uxListRemove
 .text.prvPortStartFirstTask
                0x08010c7c       0x14 project_build//home/karshan/gits/vaayu/software/mios32/trunk//FreeRTOS/Source/portable/GCC/ARM_CM3/port.o
 .text.pxPortInitialiseStack
                0x08010c90       0x16 project_build//home/karshan/gits/vaayu/software/mios32/trunk//FreeRTOS/Source/portable/GCC/ARM_CM3/port.o
                0x08010c90                pxPortInitialiseStack
 *fill*         0x08010ca6        0x2 00
 .text.vPortSVCHandler
                0x08010ca8       0x20 project_build//home/karshan/gits/vaayu/software/mios32/trunk//FreeRTOS/Source/portable/GCC/ARM_CM3/port.o
                0x08010ca8                vPortSVCHandler
 .text.vPortYieldFromISR
                0x08010cc8       0x10 project_build//home/karshan/gits/vaayu/software/mios32/trunk//FreeRTOS/Source/portable/GCC/ARM_CM3/port.o
                0x08010cc8                vPortYieldFromISR
 .text.ulPortSetInterruptMask
                0x08010cd8       0x10 project_build//home/karshan/gits/vaayu/software/mios32/trunk//FreeRTOS/Source/portable/GCC/ARM_CM3/port.o
                0x08010cd8                ulPortSetInterruptMask
 .text.vPortEnterCritical
                0x08010ce8       0x14 project_build//home/karshan/gits/vaayu/software/mios32/trunk//FreeRTOS/Source/portable/GCC/ARM_CM3/port.o
                0x08010ce8                vPortEnterCritical
 .text.vPortClearInterruptMask
                0x08010cfc        0x6 project_build//home/karshan/gits/vaayu/software/mios32/trunk//FreeRTOS/Source/portable/GCC/ARM_CM3/port.o
                0x08010cfc                vPortClearInterruptMask
 *fill*         0x08010d02        0x2 00
 .text.vPortExitCritical
                0x08010d04       0x14 project_build//home/karshan/gits/vaayu/software/mios32/trunk//FreeRTOS/Source/portable/GCC/ARM_CM3/port.o
                0x08010d04                vPortExitCritical
 .text.xPortPendSVHandler
                0x08010d18       0x3c project_build//home/karshan/gits/vaayu/software/mios32/trunk//FreeRTOS/Source/portable/GCC/ARM_CM3/port.o
                0x08010d18                xPortPendSVHandler
 .text.xPortSysTickHandler
                0x08010d54       0x20 project_build//home/karshan/gits/vaayu/software/mios32/trunk//FreeRTOS/Source/portable/GCC/ARM_CM3/port.o
                0x08010d54                xPortSysTickHandler
 .text.vPortSetupTimerInterrupt
                0x08010d74       0x18 project_build//home/karshan/gits/vaayu/software/mios32/trunk//FreeRTOS/Source/portable/GCC/ARM_CM3/port.o
                0x08010d74                vPortSetupTimerInterrupt
 .text.xPortStartScheduler
                0x08010d8c       0x30 project_build//home/karshan/gits/vaayu/software/mios32/trunk//FreeRTOS/Source/portable/GCC/ARM_CM3/port.o
                0x08010d8c                xPortStartScheduler
 .text.umm_disconnect_from_free_list
                0x08010dbc       0x2c project_build//home/karshan/gits/vaayu/software/mios32/trunk//FreeRTOS/Source/portable/MemMang/umm_malloc.o
 .text.umm_assimilate_up
                0x08010de8       0x4c project_build//home/karshan/gits/vaayu/software/mios32/trunk//FreeRTOS/Source/portable/MemMang/umm_malloc.o
 .text.vPortFree
                0x08010e34       0x74 project_build//home/karshan/gits/vaayu/software/mios32/trunk//FreeRTOS/Source/portable/MemMang/umm_malloc.o
                0x08010e34                vPortFree
 .text.pvPortMalloc
                0x08010ea8      0x11c project_build//home/karshan/gits/vaayu/software/mios32/trunk//FreeRTOS/Source/portable/MemMang/umm_malloc.o
                0x08010ea8                pvPortMalloc
 .text.Default_Handler
                0x08010fc4        0x2 project_build//home/karshan/gits/vaayu/software/mios32/trunk//programming_models/traditional/startup_stm32f4xx.o
                0x08010fc4                RTC_Alarm_IRQHandler
                0x08010fc4                HASH_RNG_IRQHandler
                0x08010fc4                EXTI2_IRQHandler
                0x08010fc4                TIM8_CC_IRQHandler
                0x08010fc4                DebugMon_Handler
                0x08010fc4                TIM1_CC_IRQHandler
                0x08010fc4                DMA2_Stream5_IRQHandler
                0x08010fc4                DMA1_Stream5_IRQHandler
                0x08010fc4                SysTick_Handler
                0x08010fc4                PVD_IRQHandler
                0x08010fc4                SDIO_IRQHandler
                0x08010fc4                TAMP_STAMP_IRQHandler
                0x08010fc4                PendSV_Handler
                0x08010fc4                NMI_Handler
                0x08010fc4                CAN2_RX1_IRQHandler
                0x08010fc4                EXTI3_IRQHandler
                0x08010fc4                TIM8_TRG_COM_TIM14_IRQHandler
                0x08010fc4                TIM1_UP_TIM10_IRQHandler
                0x08010fc4                TIM8_UP_TIM13_IRQHandler
                0x08010fc4                I2C3_ER_IRQHandler
                0x08010fc4                EXTI0_IRQHandler
                0x08010fc4                DMA1_Stream2_IRQHandler
                0x08010fc4                CAN1_RX0_IRQHandler
                0x08010fc4                FPU_IRQHandler
                0x08010fc4                OTG_HS_WKUP_IRQHandler
                0x08010fc4                UsageFault_Handler
                0x08010fc4                CAN2_SCE_IRQHandler
                0x08010fc4                DMA2_Stream2_IRQHandler
                0x08010fc4                SPI1_IRQHandler
                0x08010fc4                TIM6_DAC_IRQHandler
                0x08010fc4                TIM1_BRK_TIM9_IRQHandler
                0x08010fc4                DCMI_IRQHandler
                0x08010fc4                CAN2_RX0_IRQHandler
                0x08010fc4                DMA2_Stream3_IRQHandler
                0x08010fc4                USART6_IRQHandler
                0x08010fc4                CRYP_IRQHandler
                0x08010fc4                CAN1_RX1_IRQHandler
                0x08010fc4                UART5_IRQHandler
                0x08010fc4                DMA2_Stream0_IRQHandler
                0x08010fc4                TIM4_IRQHandler
                0x08010fc4                DMA1_Stream6_IRQHandler
                0x08010fc4                DMA1_Stream1_IRQHandler
                0x08010fc4                UART4_IRQHandler
                0x08010fc4                RCC_IRQHandler
                0x08010fc4                TIM8_BRK_TIM12_IRQHandler
                0x08010fc4                Default_Handler
                0x08010fc4                EXTI15_10_IRQHandler
                0x08010fc4                ADC_IRQHandler
                0x08010fc4                DMA1_Stream7_IRQHandler
                0x08010fc4                TIM7_IRQHandler
                0x08010fc4                CAN2_TX_IRQHandler
                0x08010fc4                DMA2_Stream7_IRQHandler
                0x08010fc4                I2C3_EV_IRQHandler
                0x08010fc4                EXTI9_5_IRQHandler
                0x08010fc4                RTC_WKUP_IRQHandler
                0x08010fc4                ETH_WKUP_IRQHandler
                0x08010fc4                SPI2_IRQHandler
                0x08010fc4                OTG_HS_EP1_IN_IRQHandler
                0x08010fc4                MemManage_Handler
                0x08010fc4                DMA1_Stream0_IRQHandler
                0x08010fc4                CAN1_TX_IRQHandler
                0x08010fc4                SVC_Handler
                0x08010fc4                EXTI4_IRQHandler
                0x08010fc4                FSMC_IRQHandler
                0x08010fc4                ETH_IRQHandler
                0x08010fc4                OTG_HS_EP1_OUT_IRQHandler
                0x08010fc4                WWDG_IRQHandler
                0x08010fc4                OTG_FS_WKUP_IRQHandler
                0x08010fc4                TIM1_TRG_COM_TIM11_IRQHandler
                0x08010fc4                OTG_HS_IRQHandler
                0x08010fc4                EXTI1_IRQHandler
                0x08010fc4                DMA2_Stream1_IRQHandler
                0x08010fc4                CAN1_SCE_IRQHandler
                0x08010fc4                FLASH_IRQHandler
                0x08010fc4                DMA2_Stream4_IRQHandler
                0x08010fc4                BusFault_Handler
                0x08010fc4                USART1_IRQHandler
                0x08010fc4                SPI3_IRQHandler
                0x08010fc4                DMA1_Stream4_IRQHandler
                0x08010fc4                DMA2_Stream6_IRQHandler
                0x08010fc4                DMA1_Stream3_IRQHandler
 *fill*         0x08010fc6        0x2 00
 .text.Reset_Handler
                0x08010fc8       0x4c project_build//home/karshan/gits/vaayu/software/mios32/trunk//programming_models/traditional/startup_stm32f4xx.o
                0x08010fc8                Reset_Handler
 .text._init    0x08011014        0x2 project_build//home/karshan/gits/vaayu/software/mios32/trunk//programming_models/traditional/startup_stm32f4xx.o
                0x08011014                _init
 *fill*         0x08011016        0x2 00
 .text.MIOS32_MIDI_Init
                0x08011018       0xc8 project_build//home/karshan/gits/vaayu/software/mios32/trunk//mios32/common/mios32_midi.o
                0x08011018                MIOS32_MIDI_Init
 .text.MIOS32_MIDI_SendPackage
                0x080110e0       0x84 project_build//home/karshan/gits/vaayu/software/mios32/trunk//mios32/common/mios32_midi.o
                0x080110e0                MIOS32_MIDI_SendPackage
 .text.MIOS32_MIDI_SendEvent
                0x08011164       0x1e project_build//home/karshan/gits/vaayu/software/mios32/trunk//mios32/common/mios32_midi.o
                0x08011164                MIOS32_MIDI_SendEvent
 .text.MIOS32_MIDI_SendNoteOn
                0x08011182        0x8 project_build//home/karshan/gits/vaayu/software/mios32/trunk//mios32/common/mios32_midi.o
                0x08011182                MIOS32_MIDI_SendNoteOn
 .text.MIOS32_MIDI_SendSysEx
                0x0801118a       0x82 project_build//home/karshan/gits/vaayu/software/mios32/trunk//mios32/common/mios32_midi.o
                0x0801118a                MIOS32_MIDI_SendSysEx
 .text.MIOS32_MIDI_SYSEX_SendAckStr
                0x0801120c       0x5c project_build//home/karshan/gits/vaayu/software/mios32/trunk//mios32/common/mios32_midi.o
 .text.MIOS32_MIDI_SYSEX_SendAck
                0x08011268       0x48 project_build//home/karshan/gits/vaayu/software/mios32/trunk//mios32/common/mios32_midi.o
 .text.MIOS32_MIDI_SendDebugStringHeader
                0x080112b0       0x68 project_build//home/karshan/gits/vaayu/software/mios32/trunk//mios32/common/mios32_midi.o
                0x080112b0                MIOS32_MIDI_SendDebugStringHeader
 .text.MIOS32_MIDI_SendDebugStringBody
                0x08011318       0x6a project_build//home/karshan/gits/vaayu/software/mios32/trunk//mios32/common/mios32_midi.o
                0x08011318                MIOS32_MIDI_SendDebugStringBody
 .text.MIOS32_MIDI_SendDebugStringFooter
                0x08011382       0x1a project_build//home/karshan/gits/vaayu/software/mios32/trunk//mios32/common/mios32_midi.o
                0x08011382                MIOS32_MIDI_SendDebugStringFooter
 .text.MIOS32_MIDI_SendDebugString
                0x0801139c       0x38 project_build//home/karshan/gits/vaayu/software/mios32/trunk//mios32/common/mios32_midi.o
                0x0801139c                MIOS32_MIDI_SendDebugString
 .text.MIOS32_MIDI_SendDebugMessage
                0x080113d4       0x50 project_build//home/karshan/gits/vaayu/software/mios32/trunk//mios32/common/mios32_midi.o
                0x080113d4                MIOS32_MIDI_SendDebugMessage
 .text.MIOS32_MIDI_TimeOut
                0x08011424       0x50 project_build//home/karshan/gits/vaayu/software/mios32/trunk//mios32/common/mios32_midi.o
 .text.MIOS32_MIDI_Periodic_mS
                0x08011474       0x34 project_build//home/karshan/gits/vaayu/software/mios32/trunk//mios32/common/mios32_midi.o
                0x08011474                MIOS32_MIDI_Periodic_mS
 .text.MIOS32_MIDI_SendByteToRxCallback
                0x080114a8       0x14 project_build//home/karshan/gits/vaayu/software/mios32/trunk//mios32/common/mios32_midi.o
                0x080114a8                MIOS32_MIDI_SendByteToRxCallback
 .text.MIOS32_MIDI_SendPackageToRxCallback
                0x080114bc       0x50 project_build//home/karshan/gits/vaayu/software/mios32/trunk//mios32/common/mios32_midi.o
                0x080114bc                MIOS32_MIDI_SendPackageToRxCallback
 .text.MIOS32_MIDI_DebugPortSet
                0x0801150c       0x18 project_build//home/karshan/gits/vaayu/software/mios32/trunk//mios32/common/mios32_midi.o
                0x0801150c                MIOS32_MIDI_DebugPortSet
 .text.MIOS32_MIDI_SYSEX_Cmd
                0x08011524      0x1b4 project_build//home/karshan/gits/vaayu/software/mios32/trunk//mios32/common/mios32_midi.o
 .text.MIOS32_MIDI_SYSEX_Parser
                0x080116d8       0xd8 project_build//home/karshan/gits/vaayu/software/mios32/trunk//mios32/common/mios32_midi.o
 .text.MIOS32_MIDI_ReceivePackage
                0x080117b0      0x22c project_build//home/karshan/gits/vaayu/software/mios32/trunk//mios32/common/mios32_midi.o
                0x080117b0                MIOS32_MIDI_ReceivePackage
 .text.MIOS32_MIDI_Receive_Handler
                0x080119dc      0x11c project_build//home/karshan/gits/vaayu/software/mios32/trunk//mios32/common/mios32_midi.o
                0x080119dc                MIOS32_MIDI_Receive_Handler
 .text.MIOS32_OSC_Init
                0x08011af8        0xc project_build//home/karshan/gits/vaayu/software/mios32/trunk//mios32/common/mios32_osc.o
                0x08011af8                MIOS32_OSC_Init
 .text.MIOS32_UART_MIDI_RS_Reset
                0x08011b04       0x30 project_build//home/karshan/gits/vaayu/software/mios32/trunk//mios32/common/mios32_uart_midi.o
                0x08011b04                MIOS32_UART_MIDI_RS_Reset
 .text.MIOS32_UART_MIDI_Init
                0x08011b34       0x4c project_build//home/karshan/gits/vaayu/software/mios32/trunk//mios32/common/mios32_uart_midi.o
                0x08011b34                MIOS32_UART_MIDI_Init
 .text.MIOS32_UART_MIDI_Periodic_mS
                0x08011b80       0x50 project_build//home/karshan/gits/vaayu/software/mios32/trunk//mios32/common/mios32_uart_midi.o
                0x08011b80                MIOS32_UART_MIDI_Periodic_mS
 .text.MIOS32_UART_MIDI_PackageSend_NonBlocking
                0x08011bd0       0xb8 project_build//home/karshan/gits/vaayu/software/mios32/trunk//mios32/common/mios32_uart_midi.o
                0x08011bd0                MIOS32_UART_MIDI_PackageSend_NonBlocking
 .text.MIOS32_UART_MIDI_PackageSend
                0x08011c88       0x14 project_build//home/karshan/gits/vaayu/software/mios32/trunk//mios32/common/mios32_uart_midi.o
                0x08011c88                MIOS32_UART_MIDI_PackageSend
 .text.MIOS32_UART_MIDI_PackageReceive
                0x08011c9c      0x1b0 project_build//home/karshan/gits/vaayu/software/mios32/trunk//mios32/common/mios32_uart_midi.o
                0x08011c9c                MIOS32_UART_MIDI_PackageReceive
 .text.MIOS32_SPI_MIDI_Periodic_mS
                0x08011e4c        0x4 project_build//home/karshan/gits/vaayu/software/mios32/trunk//mios32/common/mios32_spi_midi.o
                0x08011e4c                MIOS32_SPI_MIDI_Periodic_mS
 .text.MIOS32_IIC_MIDI_Init
                0x08011e50        0x6 project_build//home/karshan/gits/vaayu/software/mios32/trunk//mios32/common/mios32_iic_midi.o
                0x08011e50                MIOS32_IIC_MIDI_Init
 .text.MIOS32_IIC_MIDI_Periodic_mS
                0x08011e56        0x4 project_build//home/karshan/gits/vaayu/software/mios32/trunk//mios32/common/mios32_iic_midi.o
                0x08011e56                MIOS32_IIC_MIDI_Periodic_mS
 .text.MIOS32_IIC_MIDI_PackageSend
                0x08011e5a        0x6 project_build//home/karshan/gits/vaayu/software/mios32/trunk//mios32/common/mios32_iic_midi.o
                0x08011e5a                MIOS32_IIC_MIDI_PackageSend
 .text.MIOS32_TIMESTAMP_Init
                0x08011e60       0x14 project_build//home/karshan/gits/vaayu/software/mios32/trunk//mios32/common/mios32_timestamp.o
                0x08011e60                MIOS32_TIMESTAMP_Init
 .text.MIOS32_TIMESTAMP_Inc
                0x08011e74       0x10 project_build//home/karshan/gits/vaayu/software/mios32/trunk//mios32/common/mios32_timestamp.o
                0x08011e74                MIOS32_TIMESTAMP_Inc
 .text.MIOS32_SYS_Reset
                0x08011e84       0x84 project_build//home/karshan/gits/vaayu/software/mios32/trunk//mios32/STM32F4xx/mios32_sys.o
                0x08011e84                MIOS32_SYS_Reset
 .text.MIOS32_SYS_ChipIDGet
                0x08011f08        0xc project_build//home/karshan/gits/vaayu/software/mios32/trunk//mios32/STM32F4xx/mios32_sys.o
                0x08011f08                MIOS32_SYS_ChipIDGet
 .text.MIOS32_SYS_FlashSizeGet
                0x08011f14       0x10 project_build//home/karshan/gits/vaayu/software/mios32/trunk//mios32/STM32F4xx/mios32_sys.o
                0x08011f14                MIOS32_SYS_FlashSizeGet
 .text.MIOS32_SYS_RAMSizeGet
                0x08011f24        0x6 project_build//home/karshan/gits/vaayu/software/mios32/trunk//mios32/STM32F4xx/mios32_sys.o
                0x08011f24                MIOS32_SYS_RAMSizeGet
 *fill*         0x08011f2a        0x2 00
 .text.MIOS32_SYS_SerialNumberGet
                0x08011f2c       0x34 project_build//home/karshan/gits/vaayu/software/mios32/trunk//mios32/STM32F4xx/mios32_sys.o
                0x08011f2c                MIOS32_SYS_SerialNumberGet
 .text.MIOS32_SYS_TimeSet
                0x08011f60       0x7c project_build//home/karshan/gits/vaayu/software/mios32/trunk//mios32/STM32F4xx/mios32_sys.o
                0x08011f60                MIOS32_SYS_TimeSet
 .text.MIOS32_SYS_Init
                0x08011fdc      0x130 project_build//home/karshan/gits/vaayu/software/mios32/trunk//mios32/STM32F4xx/mios32_sys.o
                0x08011fdc                MIOS32_SYS_Init
 .text.MIOS32_IRQ_Disable
                0x0801210c       0x28 project_build//home/karshan/gits/vaayu/software/mios32/trunk//mios32/STM32F4xx/mios32_irq.o
                0x0801210c                MIOS32_IRQ_Disable
 .text.MIOS32_IRQ_Enable
                0x08012134       0x28 project_build//home/karshan/gits/vaayu/software/mios32/trunk//mios32/STM32F4xx/mios32_irq.o
                0x08012134                MIOS32_IRQ_Enable
 .text.MIOS32_IRQ_Install
                0x0801215c       0x4c project_build//home/karshan/gits/vaayu/software/mios32/trunk//mios32/STM32F4xx/mios32_irq.o
                0x0801215c                MIOS32_IRQ_Install
 .text.MIOS32_BOARD_PinInitHlp
                0x080121a8       0x74 project_build//home/karshan/gits/vaayu/software/mios32/trunk//mios32/STM32F4xx/mios32_board.o
 .text.MIOS32_BOARD_Init
                0x0801221c       0x1c project_build//home/karshan/gits/vaayu/software/mios32/trunk//mios32/STM32F4xx/mios32_board.o
                0x0801221c                MIOS32_BOARD_Init
 .text.MIOS32_BOARD_LED_Init
                0x08012238       0x58 project_build//home/karshan/gits/vaayu/software/mios32/trunk//mios32/STM32F4xx/mios32_board.o
                0x08012238                MIOS32_BOARD_LED_Init
 .text.MIOS32_BOARD_LED_Set
                0x08012290       0x64 project_build//home/karshan/gits/vaayu/software/mios32/trunk//mios32/STM32F4xx/mios32_board.o
                0x08012290                MIOS32_BOARD_LED_Set
 .text.MIOS32_BOARD_LED_Get
                0x080122f4       0x2c project_build//home/karshan/gits/vaayu/software/mios32/trunk//mios32/STM32F4xx/mios32_board.o
                0x080122f4                MIOS32_BOARD_LED_Get
 .text.MIOS32_BOARD_J10_PinInit
                0x08012320       0x48 project_build//home/karshan/gits/vaayu/software/mios32/trunk//mios32/STM32F4xx/mios32_board.o
                0x08012320                MIOS32_BOARD_J10_PinInit
 .text.MIOS32_BOARD_J10_PinSet
                0x08012368       0x44 project_build//home/karshan/gits/vaayu/software/mios32/trunk//mios32/STM32F4xx/mios32_board.o
                0x08012368                MIOS32_BOARD_J10_PinSet
 .text.MIOS32_BOARD_J10_Get
                0x080123ac       0x40 project_build//home/karshan/gits/vaayu/software/mios32/trunk//mios32/STM32F4xx/mios32_board.o
                0x080123ac                MIOS32_BOARD_J10_Get
 .text.TIM2_IRQHandler
                0x080123ec       0x24 project_build//home/karshan/gits/vaayu/software/mios32/trunk//mios32/STM32F4xx/mios32_timer.o
                0x080123ec                TIM2_IRQHandler
 .text.TIM3_IRQHandler
                0x08012410       0x24 project_build//home/karshan/gits/vaayu/software/mios32/trunk//mios32/STM32F4xx/mios32_timer.o
                0x08012410                TIM3_IRQHandler
 .text.TIM5_IRQHandler
                0x08012434       0x24 project_build//home/karshan/gits/vaayu/software/mios32/trunk//mios32/STM32F4xx/mios32_timer.o
                0x08012434                TIM5_IRQHandler
 .text.MIOS32_STOPWATCH_Init
                0x08012458       0x50 project_build//home/karshan/gits/vaayu/software/mios32/trunk//mios32/STM32F4xx/mios32_stopwatch.o
                0x08012458                MIOS32_STOPWATCH_Init
 .text.MIOS32_DELAY_Init
                0x080124a8       0x44 project_build//home/karshan/gits/vaayu/software/mios32/trunk//mios32/STM32F4xx/mios32_delay.o
                0x080124a8                MIOS32_DELAY_Init
 .text.MIOS32_DELAY_Wait_uS
                0x080124ec       0x18 project_build//home/karshan/gits/vaayu/software/mios32/trunk//mios32/STM32F4xx/mios32_delay.o
                0x080124ec                MIOS32_DELAY_Wait_uS
 .text.USBD_USR_DeviceDescriptor
                0x08012504        0xc project_build//home/karshan/gits/vaayu/software/mios32/trunk//mios32/STM32F4xx/mios32_usb.o
 .text.USBD_USR_LangIDStrDescriptor
                0x08012510        0xc project_build//home/karshan/gits/vaayu/software/mios32/trunk//mios32/STM32F4xx/mios32_usb.o
 .text.USBD_USR_Init
                0x0801251c        0x2 project_build//home/karshan/gits/vaayu/software/mios32/trunk//mios32/STM32F4xx/mios32_usb.o
 .text.USBD_USR_DeviceReset
                0x0801251e        0x2 project_build//home/karshan/gits/vaayu/software/mios32/trunk//mios32/STM32F4xx/mios32_usb.o
 .text.USBD_USR_DeviceConnected
                0x08012520        0x2 project_build//home/karshan/gits/vaayu/software/mios32/trunk//mios32/STM32F4xx/mios32_usb.o
 .text.USBD_USR_DeviceSuspended
                0x08012522        0x2 project_build//home/karshan/gits/vaayu/software/mios32/trunk//mios32/STM32F4xx/mios32_usb.o
 .text.USBD_USR_DeviceResumed
                0x08012524        0x2 project_build//home/karshan/gits/vaayu/software/mios32/trunk//mios32/STM32F4xx/mios32_usb.o
 .text.USBH_USR_Init
                0x08012526        0x2 project_build//home/karshan/gits/vaayu/software/mios32/trunk//mios32/STM32F4xx/mios32_usb.o
 .text.USBH_USR_DeviceAttached
                0x08012528        0x2 project_build//home/karshan/gits/vaayu/software/mios32/trunk//mios32/STM32F4xx/mios32_usb.o
 .text.USBH_USR_UnrecoveredError
                0x0801252a        0x2 project_build//home/karshan/gits/vaayu/software/mios32/trunk//mios32/STM32F4xx/mios32_usb.o
 .text.USBH_USR_ResetDevice
                0x0801252c        0x2 project_build//home/karshan/gits/vaayu/software/mios32/trunk//mios32/STM32F4xx/mios32_usb.o
 .text.USBH_USR_DeviceSpeedDetected
                0x0801252e        0x2 project_build//home/karshan/gits/vaayu/software/mios32/trunk//mios32/STM32F4xx/mios32_usb.o
 .text.USBH_USR_Device_DescAvailable
                0x08012530        0x2 project_build//home/karshan/gits/vaayu/software/mios32/trunk//mios32/STM32F4xx/mios32_usb.o
 .text.USBH_USR_DeviceAddressAssigned
                0x08012532        0x2 project_build//home/karshan/gits/vaayu/software/mios32/trunk//mios32/STM32F4xx/mios32_usb.o
 .text.USBH_USR_Configuration_DescAvailable
                0x08012534        0x2 project_build//home/karshan/gits/vaayu/software/mios32/trunk//mios32/STM32F4xx/mios32_usb.o
 .text.USBH_USR_Manufacturer_String
                0x08012536        0x2 project_build//home/karshan/gits/vaayu/software/mios32/trunk//mios32/STM32F4xx/mios32_usb.o
 .text.USBH_USR_Product_String
                0x08012538        0x2 project_build//home/karshan/gits/vaayu/software/mios32/trunk//mios32/STM32F4xx/mios32_usb.o
 .text.USBH_USR_SerialNum_String
                0x0801253a        0x2 project_build//home/karshan/gits/vaayu/software/mios32/trunk//mios32/STM32F4xx/mios32_usb.o
 .text.USBH_USR_EnumerationDone
                0x0801253c        0x2 project_build//home/karshan/gits/vaayu/software/mios32/trunk//mios32/STM32F4xx/mios32_usb.o
 .text.USBH_USR_DeviceNotSupported
                0x0801253e        0x2 project_build//home/karshan/gits/vaayu/software/mios32/trunk//mios32/STM32F4xx/mios32_usb.o
 .text.USBH_USR_UserInput
                0x08012540        0x4 project_build//home/karshan/gits/vaayu/software/mios32/trunk//mios32/STM32F4xx/mios32_usb.o
 .text.USBH_USR_OverCurrentDetected
                0x08012544        0x2 project_build//home/karshan/gits/vaayu/software/mios32/trunk//mios32/STM32F4xx/mios32_usb.o
 .text.USBH_USR_Application
                0x08012546        0x4 project_build//home/karshan/gits/vaayu/software/mios32/trunk//mios32/STM32F4xx/mios32_usb.o
 .text.USBH_USR_DeInit
                0x0801254a        0x2 project_build//home/karshan/gits/vaayu/software/mios32/trunk//mios32/STM32F4xx/mios32_usb.o
 .text.MIOS32_USB_CLASS_Setup
                0x0801254c        0x4 project_build//home/karshan/gits/vaayu/software/mios32/trunk//mios32/STM32F4xx/mios32_usb.o
 .text.MIOS32_USB_CLASS_EP0_RxReady
                0x08012550        0x4 project_build//home/karshan/gits/vaayu/software/mios32/trunk//mios32/STM32F4xx/mios32_usb.o
 .text.MIOS32_USB_CLASS_GetCfgDesc
                0x08012554        0xc project_build//home/karshan/gits/vaayu/software/mios32/trunk//mios32/STM32F4xx/mios32_usb.o
 .text.USBD_USR_SerialStrDescriptor
                0x08012560       0x38 project_build//home/karshan/gits/vaayu/software/mios32/trunk//mios32/STM32F4xx/mios32_usb.o
 .text.USBD_USR_ProductStrDescriptor
                0x08012598       0x5c project_build//home/karshan/gits/vaayu/software/mios32/trunk//mios32/STM32F4xx/mios32_usb.o
 .text.USBD_USR_InterfaceStrDescriptor
                0x080125f4        0x4 project_build//home/karshan/gits/vaayu/software/mios32/trunk//mios32/STM32F4xx/mios32_usb.o
 .text.USBD_USR_ConfigStrDescriptor
                0x080125f8        0x4 project_build//home/karshan/gits/vaayu/software/mios32/trunk//mios32/STM32F4xx/mios32_usb.o
 .text.MIOS32_USB_CLASS_GetUsrStrDesc
                0x080125fc        0x6 project_build//home/karshan/gits/vaayu/software/mios32/trunk//mios32/STM32F4xx/mios32_usb.o
 *fill*         0x08012602        0x2 00
 .text.USBD_USR_ManufacturerStrDescriptor
                0x08012604       0x2c project_build//home/karshan/gits/vaayu/software/mios32/trunk//mios32/STM32F4xx/mios32_usb.o
 .text.MIOS32_USB_CLASS_DataOut
                0x08012630       0x12 project_build//home/karshan/gits/vaayu/software/mios32/trunk//mios32/STM32F4xx/mios32_usb.o
 .text.MIOS32_USB_CLASS_DataIn
                0x08012642       0x12 project_build//home/karshan/gits/vaayu/software/mios32/trunk//mios32/STM32F4xx/mios32_usb.o
 .text.MIOS32_USB_CLASS_DeInit
                0x08012654       0x16 project_build//home/karshan/gits/vaayu/software/mios32/trunk//mios32/STM32F4xx/mios32_usb.o
 .text.USBH_USR_DeviceDisconnected
                0x0801266a        0x6 project_build//home/karshan/gits/vaayu/software/mios32/trunk//mios32/STM32F4xx/mios32_usb.o
 .text.USBD_USR_DeviceDisconnected
                0x08012670        0x6 project_build//home/karshan/gits/vaayu/software/mios32/trunk//mios32/STM32F4xx/mios32_usb.o
 .text.USBD_USR_DeviceConfigured
                0x08012676        0x6 project_build//home/karshan/gits/vaayu/software/mios32/trunk//mios32/STM32F4xx/mios32_usb.o
 .text.MIOS32_USB_CLASS_Init
                0x0801267c       0x34 project_build//home/karshan/gits/vaayu/software/mios32/trunk//mios32/STM32F4xx/mios32_usb.o
 .text.USB_OTG_BSP_Init
                0x080126b0       0x9c project_build//home/karshan/gits/vaayu/software/mios32/trunk//mios32/STM32F4xx/mios32_usb.o
                0x080126b0                USB_OTG_BSP_Init
 .text.USB_OTG_BSP_EnableInterrupt
                0x0801274c        0x8 project_build//home/karshan/gits/vaayu/software/mios32/trunk//mios32/STM32F4xx/mios32_usb.o
                0x0801274c                USB_OTG_BSP_EnableInterrupt
 .text.OTG_FS_IRQHandler
                0x08012754       0x28 project_build//home/karshan/gits/vaayu/software/mios32/trunk//mios32/STM32F4xx/mios32_usb.o
                0x08012754                OTG_FS_IRQHandler
 .text.USB_OTG_BSP_uDelay
                0x0801277c        0x6 project_build//home/karshan/gits/vaayu/software/mios32/trunk//mios32/STM32F4xx/mios32_usb.o
                0x0801277c                USB_OTG_BSP_uDelay
 .text.USB_OTG_BSP_mDelay
                0x08012782        0xc project_build//home/karshan/gits/vaayu/software/mios32/trunk//mios32/STM32F4xx/mios32_usb.o
                0x08012782                USB_OTG_BSP_mDelay
 *fill*         0x0801278e        0x2 00
 .text.USB_OTG_BSP_ConfigVBUS
                0x08012790       0x44 project_build//home/karshan/gits/vaayu/software/mios32/trunk//mios32/STM32F4xx/mios32_usb.o
                0x08012790                USB_OTG_BSP_ConfigVBUS
 .text.USB_OTG_BSP_DriveVBUS
                0x080127d4       0x14 project_build//home/karshan/gits/vaayu/software/mios32/trunk//mios32/STM32F4xx/mios32_usb.o
                0x080127d4                USB_OTG_BSP_DriveVBUS
 .text.MIOS32_USB_IsInitialized
                0x080127e8        0xc project_build//home/karshan/gits/vaayu/software/mios32/trunk//mios32/STM32F4xx/mios32_usb.o
                0x080127e8                MIOS32_USB_IsInitialized
 .text.MIOS32_USB_ForceSingleUSB
                0x080127f4       0x24 project_build//home/karshan/gits/vaayu/software/mios32/trunk//mios32/STM32F4xx/mios32_usb.o
                0x080127f4                MIOS32_USB_ForceSingleUSB
 .text.MIOS32_USB_ForceDeviceMode
                0x08012818       0x24 project_build//home/karshan/gits/vaayu/software/mios32/trunk//mios32/STM32F4xx/mios32_usb.o
                0x08012818                MIOS32_USB_ForceDeviceMode
 .text.MIOS32_USB_Init
                0x0801283c       0xec project_build//home/karshan/gits/vaayu/software/mios32/trunk//mios32/STM32F4xx/mios32_usb.o
                0x0801283c                MIOS32_USB_Init
 .text.USBH_ClassRequest
                0x08012928        0x4 project_build//home/karshan/gits/vaayu/software/mios32/trunk//mios32/STM32F4xx/mios32_usb_midi.o
 .text.USBH_InterfaceDeInit
                0x0801292c       0x3c project_build//home/karshan/gits/vaayu/software/mios32/trunk//mios32/STM32F4xx/mios32_usb_midi.o
 .text.MIOS32_USB_MIDI_RxBufferHandler
                0x08012968       0xac project_build//home/karshan/gits/vaayu/software/mios32/trunk//mios32/STM32F4xx/mios32_usb_midi.o
 .text.MIOS32_USB_MIDI_TxBufferHandler
                0x08012a14       0xac project_build//home/karshan/gits/vaayu/software/mios32/trunk//mios32/STM32F4xx/mios32_usb_midi.o
 .text.USBH_Handle
                0x08012ac0      0x1f0 project_build//home/karshan/gits/vaayu/software/mios32/trunk//mios32/STM32F4xx/mios32_usb_midi.o
 .text.MIOS32_USB_MIDI_Init
                0x08012cb0        0xc project_build//home/karshan/gits/vaayu/software/mios32/trunk//mios32/STM32F4xx/mios32_usb_midi.o
                0x08012cb0                MIOS32_USB_MIDI_Init
 .text.MIOS32_USB_MIDI_ChangeConnectionState
                0x08012cbc       0x64 project_build//home/karshan/gits/vaayu/software/mios32/trunk//mios32/STM32F4xx/mios32_usb_midi.o
                0x08012cbc                MIOS32_USB_MIDI_ChangeConnectionState
 .text.MIOS32_USB_MIDI_CheckAvailable
                0x08012d20       0x20 project_build//home/karshan/gits/vaayu/software/mios32/trunk//mios32/STM32F4xx/mios32_usb_midi.o
                0x08012d20                MIOS32_USB_MIDI_CheckAvailable
 .text.USBH_InterfaceInit
                0x08012d40      0x104 project_build//home/karshan/gits/vaayu/software/mios32/trunk//mios32/STM32F4xx/mios32_usb_midi.o
 .text.MIOS32_USB_MIDI_PackageSend_NonBlocking
                0x08012e44       0x70 project_build//home/karshan/gits/vaayu/software/mios32/trunk//mios32/STM32F4xx/mios32_usb_midi.o
                0x08012e44                MIOS32_USB_MIDI_PackageSend_NonBlocking
 .text.MIOS32_USB_MIDI_PackageSend
                0x08012eb4       0x30 project_build//home/karshan/gits/vaayu/software/mios32/trunk//mios32/STM32F4xx/mios32_usb_midi.o
                0x08012eb4                MIOS32_USB_MIDI_PackageSend
 .text.MIOS32_USB_MIDI_PackageReceive
                0x08012ee4       0x54 project_build//home/karshan/gits/vaayu/software/mios32/trunk//mios32/STM32F4xx/mios32_usb_midi.o
                0x08012ee4                MIOS32_USB_MIDI_PackageReceive
 .text.MIOS32_USB_MIDI_Periodic_mS
                0x08012f38       0x28 project_build//home/karshan/gits/vaayu/software/mios32/trunk//mios32/STM32F4xx/mios32_usb_midi.o
                0x08012f38                MIOS32_USB_MIDI_Periodic_mS
 .text.MIOS32_USB_MIDI_EP1_IN_Callback
                0x08012f60       0x10 project_build//home/karshan/gits/vaayu/software/mios32/trunk//mios32/STM32F4xx/mios32_usb_midi.o
                0x08012f60                MIOS32_USB_MIDI_EP1_IN_Callback
 .text.MIOS32_USB_MIDI_EP2_OUT_Callback
                0x08012f70       0x10 project_build//home/karshan/gits/vaayu/software/mios32/trunk//mios32/STM32F4xx/mios32_usb_midi.o
                0x08012f70                MIOS32_USB_MIDI_EP2_OUT_Callback
 .text.MIOS32_UART_BaudrateSet
                0x08012f80       0x58 project_build//home/karshan/gits/vaayu/software/mios32/trunk//mios32/STM32F4xx/mios32_uart.o
                0x08012f80                MIOS32_UART_BaudrateSet
 .text.MIOS32_UART_Init
                0x08012fd8      0x140 project_build//home/karshan/gits/vaayu/software/mios32/trunk//mios32/STM32F4xx/mios32_uart.o
                0x08012fd8                MIOS32_UART_Init
 .text.MIOS32_UART_RxBufferGet
                0x08013118       0x58 project_build//home/karshan/gits/vaayu/software/mios32/trunk//mios32/STM32F4xx/mios32_uart.o
                0x08013118                MIOS32_UART_RxBufferGet
 .text.MIOS32_UART_RxBufferPut
                0x08013170       0x5c project_build//home/karshan/gits/vaayu/software/mios32/trunk//mios32/STM32F4xx/mios32_uart.o
                0x08013170                MIOS32_UART_RxBufferPut
 .text.MIOS32_UART_TxBufferGet
                0x080131cc       0x58 project_build//home/karshan/gits/vaayu/software/mios32/trunk//mios32/STM32F4xx/mios32_uart.o
                0x080131cc                MIOS32_UART_TxBufferGet
 .text.MIOS32_UART_TxBufferPutMore_NonBlocking
                0x08013224       0x90 project_build//home/karshan/gits/vaayu/software/mios32/trunk//mios32/STM32F4xx/mios32_uart.o
                0x08013224                MIOS32_UART_TxBufferPutMore_NonBlocking
 .text.MIOS32_UART_TxBufferPutMore
                0x080132b4       0x18 project_build//home/karshan/gits/vaayu/software/mios32/trunk//mios32/STM32F4xx/mios32_uart.o
                0x080132b4                MIOS32_UART_TxBufferPutMore
 .text.USART2_IRQHandler
                0x080132cc       0x60 project_build//home/karshan/gits/vaayu/software/mios32/trunk//mios32/STM32F4xx/mios32_uart.o
                0x080132cc                USART2_IRQHandler
 .text.USART3_IRQHandler
                0x0801332c       0x64 project_build//home/karshan/gits/vaayu/software/mios32/trunk//mios32/STM32F4xx/mios32_uart.o
                0x0801332c                USART3_IRQHandler
 .text.EV_IRQHandler
                0x08013390      0x162 project_build//home/karshan/gits/vaayu/software/mios32/trunk//mios32/STM32F4xx/mios32_iic.o
 *fill*         0x080134f2        0x2 00
 .text.ER_IRQHandler
                0x080134f4       0x7c project_build//home/karshan/gits/vaayu/software/mios32/trunk//mios32/STM32F4xx/mios32_iic.o
 .text.I2C2_EV_IRQHandler
                0x08013570        0xc project_build//home/karshan/gits/vaayu/software/mios32/trunk//mios32/STM32F4xx/mios32_iic.o
                0x08013570                I2C2_EV_IRQHandler
 .text.I2C2_ER_IRQHandler
                0x0801357c        0xc project_build//home/karshan/gits/vaayu/software/mios32/trunk//mios32/STM32F4xx/mios32_iic.o
                0x0801357c                I2C2_ER_IRQHandler
 .text.I2C1_EV_IRQHandler
                0x08013588        0xc project_build//home/karshan/gits/vaayu/software/mios32/trunk//mios32/STM32F4xx/mios32_iic.o
                0x08013588                I2C1_EV_IRQHandler
 .text.I2C1_ER_IRQHandler
                0x08013594        0xc project_build//home/karshan/gits/vaayu/software/mios32/trunk//mios32/STM32F4xx/mios32_iic.o
                0x08013594                I2C1_ER_IRQHandler
 .text.printchar
                0x080135a0        0xe project_build//home/karshan/gits/vaayu/software/mios32/trunk//mios32/common/printf-stdarg.o
 .text.prints   0x080135ae       0x82 project_build//home/karshan/gits/vaayu/software/mios32/trunk//mios32/common/printf-stdarg.o
 .text.printi   0x08013630       0x98 project_build//home/karshan/gits/vaayu/software/mios32/trunk//mios32/common/printf-stdarg.o
 .text.print    0x080136c8      0x120 project_build//home/karshan/gits/vaayu/software/mios32/trunk//mios32/common/printf-stdarg.o
 .text.sprintf  0x080137e8       0x1e project_build//home/karshan/gits/vaayu/software/mios32/trunk//mios32/common/printf-stdarg.o
                0x080137e8                sprintf
 .text.vsprintf
                0x08013806       0x10 project_build//home/karshan/gits/vaayu/software/mios32/trunk//mios32/common/printf-stdarg.o
                0x08013806                vsprintf
 *fill*         0x08013816        0x2 00
 .text.NVIC_PriorityGroupConfig
                0x08013818       0x14 project_build//home/karshan/gits/vaayu/software/mios32/trunk//drivers/STM32F4xx/v1.1.0/STM32F4xx_StdPeriph_Driver/src/misc.o
                0x08013818                NVIC_PriorityGroupConfig
 .text.NVIC_SetVectorTable
                0x0801382c       0x14 project_build//home/karshan/gits/vaayu/software/mios32/trunk//drivers/STM32F4xx/v1.1.0/STM32F4xx_StdPeriph_Driver/src/misc.o
                0x0801382c                NVIC_SetVectorTable
 .text.EXTI_ClearITPendingBit
                0x08013840        0xc project_build//home/karshan/gits/vaayu/software/mios32/trunk//drivers/STM32F4xx/v1.1.0/STM32F4xx_StdPeriph_Driver/src/stm32f4xx_exti.o
                0x08013840                EXTI_ClearITPendingBit
 .text.GPIO_Init
                0x0801384c       0x9a project_build//home/karshan/gits/vaayu/software/mios32/trunk//drivers/STM32F4xx/v1.1.0/STM32F4xx_StdPeriph_Driver/src/stm32f4xx_gpio.o
                0x0801384c                GPIO_Init
 .text.GPIO_StructInit
                0x080138e6       0x12 project_build//home/karshan/gits/vaayu/software/mios32/trunk//drivers/STM32F4xx/v1.1.0/STM32F4xx_StdPeriph_Driver/src/stm32f4xx_gpio.o
                0x080138e6                GPIO_StructInit
 .text.GPIO_SetBits
                0x080138f8        0x4 project_build//home/karshan/gits/vaayu/software/mios32/trunk//drivers/STM32F4xx/v1.1.0/STM32F4xx_StdPeriph_Driver/src/stm32f4xx_gpio.o
                0x080138f8                GPIO_SetBits
 .text.GPIO_ResetBits
                0x080138fc        0x4 project_build//home/karshan/gits/vaayu/software/mios32/trunk//drivers/STM32F4xx/v1.1.0/STM32F4xx_StdPeriph_Driver/src/stm32f4xx_gpio.o
                0x080138fc                GPIO_ResetBits
 .text.GPIO_PinAFConfig
                0x08013900       0x2e project_build//home/karshan/gits/vaayu/software/mios32/trunk//drivers/STM32F4xx/v1.1.0/STM32F4xx_StdPeriph_Driver/src/stm32f4xx_gpio.o
                0x08013900                GPIO_PinAFConfig
 .text.I2C_GenerateSTOP
                0x0801392e       0x18 project_build//home/karshan/gits/vaayu/software/mios32/trunk//drivers/STM32F4xx/v1.1.0/STM32F4xx_StdPeriph_Driver/src/stm32f4xx_i2c.o
                0x0801392e                I2C_GenerateSTOP
 .text.I2C_ITConfig
                0x08013946       0x12 project_build//home/karshan/gits/vaayu/software/mios32/trunk//drivers/STM32F4xx/v1.1.0/STM32F4xx_StdPeriph_Driver/src/stm32f4xx_i2c.o
                0x08013946                I2C_ITConfig
 .text.I2C_GetLastEvent
                0x08013958       0x10 project_build//home/karshan/gits/vaayu/software/mios32/trunk//drivers/STM32F4xx/v1.1.0/STM32F4xx_StdPeriph_Driver/src/stm32f4xx_i2c.o
                0x08013958                I2C_GetLastEvent
 .text.I2C_ClearITPendingBit
                0x08013968        0x8 project_build//home/karshan/gits/vaayu/software/mios32/trunk//drivers/STM32F4xx/v1.1.0/STM32F4xx_StdPeriph_Driver/src/stm32f4xx_i2c.o
                0x08013968                I2C_ClearITPendingBit
 .text.PWR_BackupAccessCmd
                0x08013970        0xc project_build//home/karshan/gits/vaayu/software/mios32/trunk//drivers/STM32F4xx/v1.1.0/STM32F4xx_StdPeriph_Driver/src/stm32f4xx_pwr.o
                0x08013970                PWR_BackupAccessCmd
 .text.RCC_GetClocksFreq
                0x0801397c       0x8c project_build//home/karshan/gits/vaayu/software/mios32/trunk//drivers/STM32F4xx/v1.1.0/STM32F4xx_StdPeriph_Driver/src/stm32f4xx_rcc.o
                0x0801397c                RCC_GetClocksFreq
 .text.RCC_RTCCLKConfig
                0x08013a08       0x30 project_build//home/karshan/gits/vaayu/software/mios32/trunk//drivers/STM32F4xx/v1.1.0/STM32F4xx_StdPeriph_Driver/src/stm32f4xx_rcc.o
                0x08013a08                RCC_RTCCLKConfig
 .text.RCC_RTCCLKCmd
                0x08013a38        0xc project_build//home/karshan/gits/vaayu/software/mios32/trunk//drivers/STM32F4xx/v1.1.0/STM32F4xx_StdPeriph_Driver/src/stm32f4xx_rcc.o
                0x08013a38                RCC_RTCCLKCmd
 .text.RCC_AHB1PeriphClockCmd
                0x08013a44       0x18 project_build//home/karshan/gits/vaayu/software/mios32/trunk//drivers/STM32F4xx/v1.1.0/STM32F4xx_StdPeriph_Driver/src/stm32f4xx_rcc.o
                0x08013a44                RCC_AHB1PeriphClockCmd
 .text.RCC_AHB2PeriphClockCmd
                0x08013a5c       0x18 project_build//home/karshan/gits/vaayu/software/mios32/trunk//drivers/STM32F4xx/v1.1.0/STM32F4xx_StdPeriph_Driver/src/stm32f4xx_rcc.o
                0x08013a5c                RCC_AHB2PeriphClockCmd
 .text.RCC_APB1PeriphClockCmd
                0x08013a74       0x18 project_build//home/karshan/gits/vaayu/software/mios32/trunk//drivers/STM32F4xx/v1.1.0/STM32F4xx_StdPeriph_Driver/src/stm32f4xx_rcc.o
                0x08013a74                RCC_APB1PeriphClockCmd
 .text.RCC_APB2PeriphClockCmd
                0x08013a8c       0x18 project_build//home/karshan/gits/vaayu/software/mios32/trunk//drivers/STM32F4xx/v1.1.0/STM32F4xx_StdPeriph_Driver/src/stm32f4xx_rcc.o
                0x08013a8c                RCC_APB2PeriphClockCmd
 .text.RCC_AHB1PeriphResetCmd
                0x08013aa4       0x18 project_build//home/karshan/gits/vaayu/software/mios32/trunk//drivers/STM32F4xx/v1.1.0/STM32F4xx_StdPeriph_Driver/src/stm32f4xx_rcc.o
                0x08013aa4                RCC_AHB1PeriphResetCmd
 .text.RCC_AHB2PeriphResetCmd
                0x08013abc       0x18 project_build//home/karshan/gits/vaayu/software/mios32/trunk//drivers/STM32F4xx/v1.1.0/STM32F4xx_StdPeriph_Driver/src/stm32f4xx_rcc.o
                0x08013abc                RCC_AHB2PeriphResetCmd
 .text.RCC_APB1PeriphResetCmd
                0x08013ad4       0x18 project_build//home/karshan/gits/vaayu/software/mios32/trunk//drivers/STM32F4xx/v1.1.0/STM32F4xx_StdPeriph_Driver/src/stm32f4xx_rcc.o
                0x08013ad4                RCC_APB1PeriphResetCmd
 .text.RCC_APB2PeriphResetCmd
                0x08013aec       0x18 project_build//home/karshan/gits/vaayu/software/mios32/trunk//drivers/STM32F4xx/v1.1.0/STM32F4xx_StdPeriph_Driver/src/stm32f4xx_rcc.o
                0x08013aec                RCC_APB2PeriphResetCmd
 .text.RTC_ByteToBcd2
                0x08013b04       0x18 project_build//home/karshan/gits/vaayu/software/mios32/trunk//drivers/STM32F4xx/v1.1.0/STM32F4xx_StdPeriph_Driver/src/stm32f4xx_rtc.o
 .text.RTC_StructInit
                0x08013b1c        0xc project_build//home/karshan/gits/vaayu/software/mios32/trunk//drivers/STM32F4xx/v1.1.0/STM32F4xx_StdPeriph_Driver/src/stm32f4xx_rtc.o
                0x08013b1c                RTC_StructInit
 .text.RTC_EnterInitMode
                0x08013b28       0x40 project_build//home/karshan/gits/vaayu/software/mios32/trunk//drivers/STM32F4xx/v1.1.0/STM32F4xx_StdPeriph_Driver/src/stm32f4xx_rtc.o
                0x08013b28                RTC_EnterInitMode
 .text.RTC_ExitInitMode
                0x08013b68       0x10 project_build//home/karshan/gits/vaayu/software/mios32/trunk//drivers/STM32F4xx/v1.1.0/STM32F4xx_StdPeriph_Driver/src/stm32f4xx_rtc.o
                0x08013b68                RTC_ExitInitMode
 .text.RTC_Init
                0x08013b78       0x48 project_build//home/karshan/gits/vaayu/software/mios32/trunk//drivers/STM32F4xx/v1.1.0/STM32F4xx_StdPeriph_Driver/src/stm32f4xx_rtc.o
                0x08013b78                RTC_Init
 .text.RTC_WaitForSynchro
                0x08013bc0       0x44 project_build//home/karshan/gits/vaayu/software/mios32/trunk//drivers/STM32F4xx/v1.1.0/STM32F4xx_StdPeriph_Driver/src/stm32f4xx_rtc.o
                0x08013bc0                RTC_WaitForSynchro
 .text.RTC_SetTime
                0x08013c04       0x8c project_build//home/karshan/gits/vaayu/software/mios32/trunk//drivers/STM32F4xx/v1.1.0/STM32F4xx_StdPeriph_Driver/src/stm32f4xx_rtc.o
                0x08013c04                RTC_SetTime
 .text.RTC_TimeStructInit
                0x08013c90        0xc project_build//home/karshan/gits/vaayu/software/mios32/trunk//drivers/STM32F4xx/v1.1.0/STM32F4xx_StdPeriph_Driver/src/stm32f4xx_rtc.o
                0x08013c90                RTC_TimeStructInit
 .text.TIM_TimeBaseInit
                0x08013c9c       0x7c project_build//home/karshan/gits/vaayu/software/mios32/trunk//drivers/STM32F4xx/v1.1.0/STM32F4xx_StdPeriph_Driver/src/stm32f4xx_tim.o
                0x08013c9c                TIM_TimeBaseInit
 .text.TIM_Cmd  0x08013d18       0x18 project_build//home/karshan/gits/vaayu/software/mios32/trunk//drivers/STM32F4xx/v1.1.0/STM32F4xx_StdPeriph_Driver/src/stm32f4xx_tim.o
                0x08013d18                TIM_Cmd
 .text.TIM_ITConfig
                0x08013d30       0x12 project_build//home/karshan/gits/vaayu/software/mios32/trunk//drivers/STM32F4xx/v1.1.0/STM32F4xx_StdPeriph_Driver/src/stm32f4xx_tim.o
                0x08013d30                TIM_ITConfig
 .text.TIM_GetITStatus
                0x08013d42       0x16 project_build//home/karshan/gits/vaayu/software/mios32/trunk//drivers/STM32F4xx/v1.1.0/STM32F4xx_StdPeriph_Driver/src/stm32f4xx_tim.o
                0x08013d42                TIM_GetITStatus
 .text.TIM_ClearITPendingBit
                0x08013d58        0x8 project_build//home/karshan/gits/vaayu/software/mios32/trunk//drivers/STM32F4xx/v1.1.0/STM32F4xx_StdPeriph_Driver/src/stm32f4xx_tim.o
                0x08013d58                TIM_ClearITPendingBit
 .text.USART_Init
                0x08013d60       0xb8 project_build//home/karshan/gits/vaayu/software/mios32/trunk//drivers/STM32F4xx/v1.1.0/STM32F4xx_StdPeriph_Driver/src/stm32f4xx_usart.o
                0x08013d60                USART_Init
 .text.USART_Cmd
                0x08013e18       0x18 project_build//home/karshan/gits/vaayu/software/mios32/trunk//drivers/STM32F4xx/v1.1.0/STM32F4xx_StdPeriph_Driver/src/stm32f4xx_usart.o
                0x08013e18                USART_Cmd
 .text.USART_ITConfig
                0x08013e30       0x34 project_build//home/karshan/gits/vaayu/software/mios32/trunk//drivers/STM32F4xx/v1.1.0/STM32F4xx_StdPeriph_Driver/src/stm32f4xx_usart.o
                0x08013e30                USART_ITConfig
 .text.USBD_Resume
                0x08013e64       0x16 project_build//home/karshan/gits/vaayu/software/mios32/trunk//drivers/STM32F4xx/v1.1.0/STM32_USB_Device_Library/Core/src/usbd_core.o
 .text.USBD_Suspend
                0x08013e7a       0x1c project_build//home/karshan/gits/vaayu/software/mios32/trunk//drivers/STM32F4xx/v1.1.0/STM32_USB_Device_Library/Core/src/usbd_core.o
 .text.USBD_SOF
                0x08013e96       0x10 project_build//home/karshan/gits/vaayu/software/mios32/trunk//drivers/STM32F4xx/v1.1.0/STM32_USB_Device_Library/Core/src/usbd_core.o
 .text.USBD_IsoINIncomplete
                0x08013ea6        0xe project_build//home/karshan/gits/vaayu/software/mios32/trunk//drivers/STM32F4xx/v1.1.0/STM32_USB_Device_Library/Core/src/usbd_core.o
 .text.USBD_IsoOUTIncomplete
                0x08013eb4        0xe project_build//home/karshan/gits/vaayu/software/mios32/trunk//drivers/STM32F4xx/v1.1.0/STM32_USB_Device_Library/Core/src/usbd_core.o
 .text.USBD_Reset
                0x08013ec2       0x2e project_build//home/karshan/gits/vaayu/software/mios32/trunk//drivers/STM32F4xx/v1.1.0/STM32_USB_Device_Library/Core/src/usbd_core.o
 .text.USBD_SetupStage
                0x08013ef0       0x48 project_build//home/karshan/gits/vaayu/software/mios32/trunk//drivers/STM32F4xx/v1.1.0/STM32_USB_Device_Library/Core/src/usbd_core.o
 .text.USBD_DataInStage
                0x08013f38       0xb4 project_build//home/karshan/gits/vaayu/software/mios32/trunk//drivers/STM32F4xx/v1.1.0/STM32_USB_Device_Library/Core/src/usbd_core.o
 .text.USBD_DataOutStage
                0x08013fec       0x74 project_build//home/karshan/gits/vaayu/software/mios32/trunk//drivers/STM32F4xx/v1.1.0/STM32_USB_Device_Library/Core/src/usbd_core.o
 .text.USBD_Init
                0x08014060       0x38 project_build//home/karshan/gits/vaayu/software/mios32/trunk//drivers/STM32F4xx/v1.1.0/STM32_USB_Device_Library/Core/src/usbd_core.o
                0x08014060                USBD_Init
 .text.USBD_SetCfg
                0x08014098       0x18 project_build//home/karshan/gits/vaayu/software/mios32/trunk//drivers/STM32F4xx/v1.1.0/STM32_USB_Device_Library/Core/src/usbd_core.o
                0x08014098                USBD_SetCfg
 .text.USBD_ClrCfg
                0x080140b0        0xe project_build//home/karshan/gits/vaayu/software/mios32/trunk//drivers/STM32F4xx/v1.1.0/STM32_USB_Device_Library/Core/src/usbd_core.o
                0x080140b0                USBD_ClrCfg
 .text.USBD_CtlSendData
                0x080140be       0x22 project_build//home/karshan/gits/vaayu/software/mios32/trunk//drivers/STM32F4xx/v1.1.0/STM32_USB_Device_Library/Core/src/usbd_ioreq.o
                0x080140be                USBD_CtlSendData
 .text.USBD_CtlContinueSendData
                0x080140e0       0x12 project_build//home/karshan/gits/vaayu/software/mios32/trunk//drivers/STM32F4xx/v1.1.0/STM32_USB_Device_Library/Core/src/usbd_ioreq.o
                0x080140e0                USBD_CtlContinueSendData
 .text.USBD_CtlContinueRx
                0x080140f2       0x12 project_build//home/karshan/gits/vaayu/software/mios32/trunk//drivers/STM32F4xx/v1.1.0/STM32_USB_Device_Library/Core/src/usbd_ioreq.o
                0x080140f2                USBD_CtlContinueRx
 .text.USBD_CtlSendStatus
                0x08014104       0x1e project_build//home/karshan/gits/vaayu/software/mios32/trunk//drivers/STM32F4xx/v1.1.0/STM32_USB_Device_Library/Core/src/usbd_ioreq.o
                0x08014104                USBD_CtlSendStatus
 .text.USBD_CtlReceiveStatus
                0x08014122       0x1e project_build//home/karshan/gits/vaayu/software/mios32/trunk//drivers/STM32F4xx/v1.1.0/STM32_USB_Device_Library/Core/src/usbd_ioreq.o
                0x08014122                USBD_CtlReceiveStatus
 .text.USBD_ParseSetupRequest
                0x08014140       0x44 project_build//home/karshan/gits/vaayu/software/mios32/trunk//drivers/STM32F4xx/v1.1.0/STM32_USB_Device_Library/Core/src/usbd_req.o
                0x08014140                USBD_ParseSetupRequest
 .text.USBD_CtlError
                0x08014184       0x1c project_build//home/karshan/gits/vaayu/software/mios32/trunk//drivers/STM32F4xx/v1.1.0/STM32_USB_Device_Library/Core/src/usbd_req.o
                0x08014184                USBD_CtlError
 .text.USBD_StdEPReq
                0x080141a0       0xc4 project_build//home/karshan/gits/vaayu/software/mios32/trunk//drivers/STM32F4xx/v1.1.0/STM32_USB_Device_Library/Core/src/usbd_req.o
                0x080141a0                USBD_StdEPReq
 .text.USBD_StdItfReq
                0x08014264       0x30 project_build//home/karshan/gits/vaayu/software/mios32/trunk//drivers/STM32F4xx/v1.1.0/STM32_USB_Device_Library/Core/src/usbd_req.o
                0x08014264                USBD_StdItfReq
 .text.USBD_StdDevReq
                0x08014294      0x2ac project_build//home/karshan/gits/vaayu/software/mios32/trunk//drivers/STM32F4xx/v1.1.0/STM32_USB_Device_Library/Core/src/usbd_req.o
                0x08014294                USBD_StdDevReq
 .text.USBD_GetString
                0x08014540       0x38 project_build//home/karshan/gits/vaayu/software/mios32/trunk//drivers/STM32F4xx/v1.1.0/STM32_USB_Device_Library/Core/src/usbd_req.o
                0x08014540                USBD_GetString
 .text.USBH_Connected
                0x08014578        0xa project_build//home/karshan/gits/vaayu/software/mios32/trunk//drivers/STM32F4xx/v1.1.0/STM32_USB_HOST_Library/Core/src/usbh_core.o
                0x08014578                USBH_Connected
 .text.USBH_Disconnected
                0x08014582        0xa project_build//home/karshan/gits/vaayu/software/mios32/trunk//drivers/STM32F4xx/v1.1.0/STM32_USB_HOST_Library/Core/src/usbh_core.o
                0x08014582                USBH_Disconnected
 .text.USBH_SOF
                0x0801458c        0x4 project_build//home/karshan/gits/vaayu/software/mios32/trunk//drivers/STM32F4xx/v1.1.0/STM32_USB_HOST_Library/Core/src/usbh_core.o
                0x0801458c                USBH_SOF
 .text.USBH_DeInit
                0x08014590       0x32 project_build//home/karshan/gits/vaayu/software/mios32/trunk//drivers/STM32F4xx/v1.1.0/STM32_USB_HOST_Library/Core/src/usbh_core.o
                0x08014590                USBH_DeInit
 .text.USBH_Init
                0x080145c2       0x42 project_build//home/karshan/gits/vaayu/software/mios32/trunk//drivers/STM32F4xx/v1.1.0/STM32_USB_HOST_Library/Core/src/usbh_core.o
                0x080145c2                USBH_Init
 .text.USBH_ErrorHandle
                0x08014604       0x2a project_build//home/karshan/gits/vaayu/software/mios32/trunk//drivers/STM32F4xx/v1.1.0/STM32_USB_HOST_Library/Core/src/usbh_core.o
                0x08014604                USBH_ErrorHandle
 *fill*         0x0801462e        0x2 00
 .text.USBH_HandleControl
                0x08014630      0x1b8 project_build//home/karshan/gits/vaayu/software/mios32/trunk//drivers/STM32F4xx/v1.1.0/STM32_USB_HOST_Library/Core/src/usbh_core.o
                0x08014630                USBH_HandleControl
 .text.USBH_Process
                0x080147e8      0x344 project_build//home/karshan/gits/vaayu/software/mios32/trunk//drivers/STM32F4xx/v1.1.0/STM32_USB_HOST_Library/Core/src/usbh_core.o
                0x080147e8                USBH_Process
 .text.USBH_Open_Channel
                0x08014b2c       0x54 project_build//home/karshan/gits/vaayu/software/mios32/trunk//drivers/STM32F4xx/v1.1.0/STM32_USB_HOST_Library/Core/src/usbh_hcs.o
                0x08014b2c                USBH_Open_Channel
 .text.USBH_Modify_Channel
                0x08014b80       0x3a project_build//home/karshan/gits/vaayu/software/mios32/trunk//drivers/STM32F4xx/v1.1.0/STM32_USB_HOST_Library/Core/src/usbh_hcs.o
                0x08014b80                USBH_Modify_Channel
 .text.USBH_Alloc_Channel
                0x08014bba       0x32 project_build//home/karshan/gits/vaayu/software/mios32/trunk//drivers/STM32F4xx/v1.1.0/STM32_USB_HOST_Library/Core/src/usbh_hcs.o
                0x08014bba                USBH_Alloc_Channel
 .text.USBH_Free_Channel
                0x08014bec       0x18 project_build//home/karshan/gits/vaayu/software/mios32/trunk//drivers/STM32F4xx/v1.1.0/STM32_USB_HOST_Library/Core/src/usbh_hcs.o
                0x08014bec                USBH_Free_Channel
 .text.USBH_DeAllocate_AllChannel
                0x08014c04       0x1e project_build//home/karshan/gits/vaayu/software/mios32/trunk//drivers/STM32F4xx/v1.1.0/STM32_USB_HOST_Library/Core/src/usbh_hcs.o
                0x08014c04                USBH_DeAllocate_AllChannel
 .text.USBH_CtlReq
                0x08014c22       0x48 project_build//home/karshan/gits/vaayu/software/mios32/trunk//drivers/STM32F4xx/v1.1.0/STM32_USB_HOST_Library/Core/src/usbh_ioreq.o
                0x08014c22                USBH_CtlReq
 .text.USBH_CtlSendSetup
                0x08014c6a       0x2e project_build//home/karshan/gits/vaayu/software/mios32/trunk//drivers/STM32F4xx/v1.1.0/STM32_USB_HOST_Library/Core/src/usbh_ioreq.o
                0x08014c6a                USBH_CtlSendSetup
 .text.USBH_CtlSendData
                0x08014c98       0x40 project_build//home/karshan/gits/vaayu/software/mios32/trunk//drivers/STM32F4xx/v1.1.0/STM32_USB_HOST_Library/Core/src/usbh_ioreq.o
                0x08014c98                USBH_CtlSendData
 .text.USBH_CtlReceiveData
                0x08014cd8       0x2c project_build//home/karshan/gits/vaayu/software/mios32/trunk//drivers/STM32F4xx/v1.1.0/STM32_USB_HOST_Library/Core/src/usbh_ioreq.o
                0x08014cd8                USBH_CtlReceiveData
 .text.USBH_BulkSendData
                0x08014d04       0x34 project_build//home/karshan/gits/vaayu/software/mios32/trunk//drivers/STM32F4xx/v1.1.0/STM32_USB_HOST_Library/Core/src/usbh_ioreq.o
                0x08014d04                USBH_BulkSendData
 .text.USBH_BulkReceiveData
                0x08014d38       0x34 project_build//home/karshan/gits/vaayu/software/mios32/trunk//drivers/STM32F4xx/v1.1.0/STM32_USB_HOST_Library/Core/src/usbh_ioreq.o
                0x08014d38                USBH_BulkReceiveData
 .text.USBH_GetDescriptor
                0x08014d6c       0x34 project_build//home/karshan/gits/vaayu/software/mios32/trunk//drivers/STM32F4xx/v1.1.0/STM32_USB_HOST_Library/Core/src/usbh_stdreq.o
                0x08014d6c                USBH_GetDescriptor
 .text.USBH_Get_StringDesc
                0x08014da0       0x50 project_build//home/karshan/gits/vaayu/software/mios32/trunk//drivers/STM32F4xx/v1.1.0/STM32_USB_HOST_Library/Core/src/usbh_stdreq.o
                0x08014da0                USBH_Get_StringDesc
 .text.USBH_Get_DevDesc
                0x08014df0       0xac project_build//home/karshan/gits/vaayu/software/mios32/trunk//drivers/STM32F4xx/v1.1.0/STM32_USB_HOST_Library/Core/src/usbh_stdreq.o
                0x08014df0                USBH_Get_DevDesc
 .text.USBH_Get_CfgDesc
                0x08014e9c      0x1dc project_build//home/karshan/gits/vaayu/software/mios32/trunk//drivers/STM32F4xx/v1.1.0/STM32_USB_HOST_Library/Core/src/usbh_stdreq.o
                0x08014e9c                USBH_Get_CfgDesc
 .text.USBH_SetAddress
                0x08015078       0x1c project_build//home/karshan/gits/vaayu/software/mios32/trunk//drivers/STM32F4xx/v1.1.0/STM32_USB_HOST_Library/Core/src/usbh_stdreq.o
                0x08015078                USBH_SetAddress
 .text.USBH_SetCfg
                0x08015094       0x1c project_build//home/karshan/gits/vaayu/software/mios32/trunk//drivers/STM32F4xx/v1.1.0/STM32_USB_HOST_Library/Core/src/usbh_stdreq.o
                0x08015094                USBH_SetCfg
 .text.USBH_ClrFeature
                0x080150b0       0x32 project_build//home/karshan/gits/vaayu/software/mios32/trunk//drivers/STM32F4xx/v1.1.0/STM32_USB_HOST_Library/Core/src/usbh_stdreq.o
                0x080150b0                USBH_ClrFeature
 *fill*         0x080150e2        0x2 00
 .text.USB_OTG_EnableCommonInt
                0x080150e4       0x14 project_build//home/karshan/gits/vaayu/software/mios32/trunk//drivers/STM32F4xx/v1.1.0/STM32_USB_OTG_Driver/src/usb_core.o
 .text.USB_OTG_CoreReset
                0x080150f8       0x4c project_build//home/karshan/gits/vaayu/software/mios32/trunk//drivers/STM32F4xx/v1.1.0/STM32_USB_OTG_Driver/src/usb_core.o
 .text.USB_OTG_WritePacket
                0x08015144       0x26 project_build//home/karshan/gits/vaayu/software/mios32/trunk//drivers/STM32F4xx/v1.1.0/STM32_USB_OTG_Driver/src/usb_core.o
                0x08015144                USB_OTG_WritePacket
 .text.USB_OTG_ReadPacket
                0x0801516a       0x22 project_build//home/karshan/gits/vaayu/software/mios32/trunk//drivers/STM32F4xx/v1.1.0/STM32_USB_OTG_Driver/src/usb_core.o
                0x0801516a                USB_OTG_ReadPacket
 .text.USB_OTG_SelectCore
                0x0801518c       0xc0 project_build//home/karshan/gits/vaayu/software/mios32/trunk//drivers/STM32F4xx/v1.1.0/STM32_USB_OTG_Driver/src/usb_core.o
                0x0801518c                USB_OTG_SelectCore
 .text.USB_OTG_CoreInit
                0x0801524c       0x9a project_build//home/karshan/gits/vaayu/software/mios32/trunk//drivers/STM32F4xx/v1.1.0/STM32_USB_OTG_Driver/src/usb_core.o
                0x0801524c                USB_OTG_CoreInit
 .text.USB_OTG_EnableGlobalInt
                0x080152e6        0xe project_build//home/karshan/gits/vaayu/software/mios32/trunk//drivers/STM32F4xx/v1.1.0/STM32_USB_OTG_Driver/src/usb_core.o
                0x080152e6                USB_OTG_EnableGlobalInt
 .text.USB_OTG_DisableGlobalInt
                0x080152f4        0xe project_build//home/karshan/gits/vaayu/software/mios32/trunk//drivers/STM32F4xx/v1.1.0/STM32_USB_OTG_Driver/src/usb_core.o
                0x080152f4                USB_OTG_DisableGlobalInt
 *fill*         0x08015302        0x2 00
 .text.USB_OTG_FlushTxFifo
                0x08015304       0x3c project_build//home/karshan/gits/vaayu/software/mios32/trunk//drivers/STM32F4xx/v1.1.0/STM32_USB_OTG_Driver/src/usb_core.o
                0x08015304                USB_OTG_FlushTxFifo
 .text.USB_OTG_FlushRxFifo
                0x08015340       0x34 project_build//home/karshan/gits/vaayu/software/mios32/trunk//drivers/STM32F4xx/v1.1.0/STM32_USB_OTG_Driver/src/usb_core.o
                0x08015340                USB_OTG_FlushRxFifo
 .text.USB_OTG_SetCurrentMode
                0x08015374       0x2a project_build//home/karshan/gits/vaayu/software/mios32/trunk//drivers/STM32F4xx/v1.1.0/STM32_USB_OTG_Driver/src/usb_core.o
                0x08015374                USB_OTG_SetCurrentMode
 .text.USB_OTG_IsDeviceMode
                0x0801539e        0xe project_build//home/karshan/gits/vaayu/software/mios32/trunk//drivers/STM32F4xx/v1.1.0/STM32_USB_OTG_Driver/src/usb_core.o
                0x0801539e                USB_OTG_IsDeviceMode
 .text.USB_OTG_IsHostMode
                0x080153ac        0xa project_build//home/karshan/gits/vaayu/software/mios32/trunk//drivers/STM32F4xx/v1.1.0/STM32_USB_OTG_Driver/src/usb_core.o
                0x080153ac                USB_OTG_IsHostMode
 .text.USB_OTG_ReadCoreItr
                0x080153b6        0xa project_build//home/karshan/gits/vaayu/software/mios32/trunk//drivers/STM32F4xx/v1.1.0/STM32_USB_OTG_Driver/src/usb_core.o
                0x080153b6                USB_OTG_ReadCoreItr
 .text.USB_OTG_IsEvenFrame
                0x080153c0        0xe project_build//home/karshan/gits/vaayu/software/mios32/trunk//drivers/STM32F4xx/v1.1.0/STM32_USB_OTG_Driver/src/usb_core.o
                0x080153c0                USB_OTG_IsEvenFrame
 .text.USB_OTG_EnableHostInt
                0x080153ce       0x3c project_build//home/karshan/gits/vaayu/software/mios32/trunk//drivers/STM32F4xx/v1.1.0/STM32_USB_OTG_Driver/src/usb_core.o
                0x080153ce                USB_OTG_EnableHostInt
 .text.USB_OTG_InitFSLSPClkSel
                0x0801540a        0xc project_build//home/karshan/gits/vaayu/software/mios32/trunk//drivers/STM32F4xx/v1.1.0/STM32_USB_OTG_Driver/src/usb_core.o
                0x0801540a                USB_OTG_InitFSLSPClkSel
 .text.USB_OTG_ReadHPRT0
                0x08015416        0xc project_build//home/karshan/gits/vaayu/software/mios32/trunk//drivers/STM32F4xx/v1.1.0/STM32_USB_OTG_Driver/src/usb_core.o
                0x08015416                USB_OTG_ReadHPRT0
 .text.USB_OTG_DriveVbus
                0x08015422       0x4c project_build//home/karshan/gits/vaayu/software/mios32/trunk//drivers/STM32F4xx/v1.1.0/STM32_USB_OTG_Driver/src/usb_core.o
                0x08015422                USB_OTG_DriveVbus
 .text.USB_OTG_ReadHostAllChannels_intr
                0x0801546e        0x6 project_build//home/karshan/gits/vaayu/software/mios32/trunk//drivers/STM32F4xx/v1.1.0/STM32_USB_OTG_Driver/src/usb_core.o
                0x0801546e                USB_OTG_ReadHostAllChannels_intr
 .text.USB_OTG_ResetPort
                0x08015474       0x2c project_build//home/karshan/gits/vaayu/software/mios32/trunk//drivers/STM32F4xx/v1.1.0/STM32_USB_OTG_Driver/src/usb_core.o
                0x08015474                USB_OTG_ResetPort
 .text.USB_OTG_CoreInitHost
                0x080154a0       0x98 project_build//home/karshan/gits/vaayu/software/mios32/trunk//drivers/STM32F4xx/v1.1.0/STM32_USB_OTG_Driver/src/usb_core.o
                0x080154a0                USB_OTG_CoreInitHost
 .text.USB_OTG_HC_Init
                0x08015538       0xe8 project_build//home/karshan/gits/vaayu/software/mios32/trunk//drivers/STM32F4xx/v1.1.0/STM32_USB_OTG_Driver/src/usb_core.o
                0x08015538                USB_OTG_HC_Init
 .text.USB_OTG_HC_StartXfer
                0x08015620      0x114 project_build//home/karshan/gits/vaayu/software/mios32/trunk//drivers/STM32F4xx/v1.1.0/STM32_USB_OTG_Driver/src/usb_core.o
                0x08015620                USB_OTG_HC_StartXfer
 .text.USB_OTG_HC_Halt
                0x08015734       0x3a project_build//home/karshan/gits/vaayu/software/mios32/trunk//drivers/STM32F4xx/v1.1.0/STM32_USB_OTG_Driver/src/usb_core.o
                0x08015734                USB_OTG_HC_Halt
 .text.USB_OTG_HC_DoPing
                0x0801576e       0x28 project_build//home/karshan/gits/vaayu/software/mios32/trunk//drivers/STM32F4xx/v1.1.0/STM32_USB_OTG_Driver/src/usb_core.o
                0x0801576e                USB_OTG_HC_DoPing
 .text.USB_OTG_InitDevSpeed
                0x08015796        0xc project_build//home/karshan/gits/vaayu/software/mios32/trunk//drivers/STM32F4xx/v1.1.0/STM32_USB_OTG_Driver/src/usb_core.o
                0x08015796                USB_OTG_InitDevSpeed
 .text.USB_OTG_EnableDevInt
                0x080157a2       0x3c project_build//home/karshan/gits/vaayu/software/mios32/trunk//drivers/STM32F4xx/v1.1.0/STM32_USB_OTG_Driver/src/usb_core.o
                0x080157a2                USB_OTG_EnableDevInt
 *fill*         0x080157de        0x2 00
 .text.USB_OTG_CoreInitDev
                0x080157e0      0x100 project_build//home/karshan/gits/vaayu/software/mios32/trunk//drivers/STM32F4xx/v1.1.0/STM32_USB_OTG_Driver/src/usb_core.o
                0x080157e0                USB_OTG_CoreInitDev
 .text.USB_OTG_GetDeviceSpeed
                0x080158e0       0x1c project_build//home/karshan/gits/vaayu/software/mios32/trunk//drivers/STM32F4xx/v1.1.0/STM32_USB_OTG_Driver/src/usb_core.o
                0x080158e0                USB_OTG_GetDeviceSpeed
 .text.USB_OTG_EP0Activate
                0x080158fc       0x2c project_build//home/karshan/gits/vaayu/software/mios32/trunk//drivers/STM32F4xx/v1.1.0/STM32_USB_OTG_Driver/src/usb_core.o
                0x080158fc                USB_OTG_EP0Activate
 .text.USB_OTG_EPActivate
                0x08015928       0x5e project_build//home/karshan/gits/vaayu/software/mios32/trunk//drivers/STM32F4xx/v1.1.0/STM32_USB_OTG_Driver/src/usb_core.o
                0x08015928                USB_OTG_EPActivate
 .text.USB_OTG_EPDeactivate
                0x08015986       0x3e project_build//home/karshan/gits/vaayu/software/mios32/trunk//drivers/STM32F4xx/v1.1.0/STM32_USB_OTG_Driver/src/usb_core.o
                0x08015986                USB_OTG_EPDeactivate
 .text.USB_OTG_EPStartXfer
                0x080159c4      0x10a project_build//home/karshan/gits/vaayu/software/mios32/trunk//drivers/STM32F4xx/v1.1.0/STM32_USB_OTG_Driver/src/usb_core.o
                0x080159c4                USB_OTG_EPStartXfer
 .text.USB_OTG_EP0StartXfer
                0x08015ace       0xda project_build//home/karshan/gits/vaayu/software/mios32/trunk//drivers/STM32F4xx/v1.1.0/STM32_USB_OTG_Driver/src/usb_core.o
                0x08015ace                USB_OTG_EP0StartXfer
 .text.USB_OTG_EPSetStall
                0x08015ba8       0x36 project_build//home/karshan/gits/vaayu/software/mios32/trunk//drivers/STM32F4xx/v1.1.0/STM32_USB_OTG_Driver/src/usb_core.o
                0x08015ba8                USB_OTG_EPSetStall
 .text.USB_OTG_EPClearStall
                0x08015bde       0x28 project_build//home/karshan/gits/vaayu/software/mios32/trunk//drivers/STM32F4xx/v1.1.0/STM32_USB_OTG_Driver/src/usb_core.o
                0x08015bde                USB_OTG_EPClearStall
 .text.USB_OTG_ReadDevAllOutEp_itr
                0x08015c06        0xc project_build//home/karshan/gits/vaayu/software/mios32/trunk//drivers/STM32F4xx/v1.1.0/STM32_USB_OTG_Driver/src/usb_core.o